node.exe : FAIL __tests__/app/listado/analisis/germinacion/[id]/editar/page.test.tsx (13.086 s)
En C:\Program Files\nodejs\npx.ps1: 29 Carácter: 3
+   & $NODE_EXE $NPX_CLI_JS $args
+   ~~~~~~~~~~~~~~~~~~~~~~~~~~~~~
    + CategoryInfo          : NotSpecified: (FAIL __tests__/....tsx (13.086 s):String) [], RemoteException
    + FullyQualifiedErrorId : NativeCommandError
 
  GerminacionEditPage
    Carga inicial y estados de loading
      ÔêÜ muestra loading mientras carga los datos (119 ms)
      ÔêÜ renderiza error cuando no se pueden cargar los datos (86 ms)
      ÔêÜ carga datos de germinaci├│n correctamente (90 ms)
      ÔêÜ maneja error 404 en tablas como caso normal (50 ms)
      ├ù propaga errores no 404 en tablas (1098 ms)
      ÔêÜ muestra error general cuando falla la carga (24 ms)
    Renderizado de componentes y datos
      ÔêÜ renderiza todos los componentes principales (28 ms)
      ├ù muestra informaci├│n b├ísica del an├ílisis (1016 ms)
      ÔêÜ muestra fechas cuando est├ín presentes (30 ms)
      ÔêÜ muestra fecha de fin cuando el an├ílisis est├í finalizado (41 ms)
      ÔêÜ formatea fechas vac├¡as correctamente (46 ms)
      ÔêÜ muestra informaci├│n de tablas cuando hay m├║ltiples (47 ms)
      ÔêÜ muestra mensaje cuando hay una sola tabla (46 ms)
      ÔêÜ formatea fechas con formato ISO correctamente (48 ms)
    Modo edici├│n de informaci├│n b├ísica
      ÔêÜ inicia modo edici├│n al hacer clic en Editar (326 ms)
      ÔêÜ muestra selector de lote en modo edici├│n (144 ms)
      ÔêÜ permite cambiar comentarios (786 ms)
      ÔêÜ cancela edici├│n y restaura valores originales (193 ms)
      ├ù detecta cambios en el formulario (1183 ms)
      ÔêÜ deshabilita guardar cuando no hay cambios (150 ms)
      ├ù guarda cambios correctamente (1120 ms)
      ÔêÜ no llama a actualizar si no hay cambios (144 ms)
      ├ù maneja error al guardar (1138 ms)
      ÔêÜ muestra StickySaveButton cuando est├í editando (132 ms)
      ÔêÜ muestra informaci├│n del lote seleccionado en modo edici├│n (174 ms)
    Acciones de an├ílisis desde AnalisisAccionesCard
      ÔêÜ finaliza an├ílisis con confirmaci├│n y navega (46 ms)
      ÔêÜ cancela finalizaci├│n si no se confirma (42 ms)
      ÔêÜ aprueba an├ílisis correctamente (41 ms)
      ÔêÜ marca an├ílisis para repetir (57 ms)
      ÔêÜ finaliza y aprueba en un solo paso (65 ms)
    Manejo de errores en acciones
      ÔêÜ propaga error al finalizar an├ílisis cuando falla (36 ms)
      ÔêÜ propaga error al aprobar an├ílisis cuando falla (61 ms)
      ÔêÜ propaga error al marcar para repetir cuando falla (50 ms)
      ÔêÜ propaga error al finalizar y aprobar cuando falla (58 ms)
    Recarga de datos
      ÔêÜ recarga datos cuando se actualiza una tabla (65 ms)
    Navegaci├│n desde callbacks
      ÔêÜ navega correctamente cuando se finaliza el an├ílisis desde el callback (75 ms)

  ÔùÅ GerminacionEditPage ÔÇ║ Carga inicial y estados de loading ÔÇ║ propaga errores no 404 en tablas

    Unable to find an element with the text: /No se pudo cargar la informaci├│n del an├ílisis/i. This could be because the text is 
broken up by multiple elements. In this case, you can provide a function for your text matcher to make your matcher more flexible.

    Ignored nodes: comments, script, style
    [36m<body>[39m
      [36m<div>[39m
        [36m<div[39m
          [33mclass[39m=[32m"p-6 space-y-6"[39m
        [36m>[39m
          [36m<div[39m
            [33mdata-testid[39m=[32m"header"[39m
          [36m>[39m
            [36m<span>[39m
              [0mAn├ílisis de [0m
              [0mGerminaci├│n[0m
            [36m</span>[39m
            [36m<span>[39m
              [0mID: [0m
              [0m123[0m
            [36m</span>[39m
            [36m<span>[39m
              [0mEstado: [0m
              [0mEN_PROCESO[0m
            [36m</span>[39m
          [36m</div>[39m
          [36m<div[39m
            [33mclass[39m=[32m"text-card-foreground flex flex-col gap-6 rounded-xl border py-6 shadow-sm border-red-200 
bg-red-50"[39m
            [33mdata-slot[39m=[32m"card"[39m
          [36m>[39m
            [36m<div[39m
              [33mclass[39m=[32m"p-4"[39m
              [33mdata-slot[39m=[32m"card-content"[39m
            [36m>[39m
              [36m<p[39m
                [33mclass[39m=[32m"text-red-600"[39m
              [36m>[39m
                [0mError servidor[0m
              [36m</p>[39m
            [36m</div>[39m
          [36m</div>[39m
          [36m<div[39m
            [33mclass[39m=[32m"bg-card text-card-foreground flex flex-col gap-6 rounded-xl border py-6 shadow-sm"[39m
            [33mdata-slot[39m=[32m"card"[39m
          [36m>[39m
            [36m<div[39m
              [33mclass[39m=[32m"@container/card-header grid auto-rows-min grid-rows-[auto_auto] items-start gap-1.5 px-6 
has-data-[slot=card-action]:grid-cols-[1fr_auto] [.border-b]:pb-6"[39m
              [33mdata-slot[39m=[32m"card-header"[39m
            [36m>[39m
              [36m<div[39m
                [33mclass[39m=[32m"flex items-center justify-between"[39m
              [36m>[39m
                [36m<div[39m
                  [33mclass[39m=[32m"flex items-center gap-2"[39m
                [36m>[39m
                  [36m<svg[39m
                    [33mclass[39m=[32m"lucide lucide-beaker h-5 w-5"[39m
                    [33mfill[39m=[32m"none"[39m
                    [33mheight[39m=[32m"24"[39m
                    [33mstroke[39m=[32m"currentColor"[39m
                    [33mstroke-linecap[39m=[32m"round"[39m
                    [33mstroke-linejoin[39m=[32m"round"[39m
                    [33mstroke-width[39m=[32m"2"[39m
                    [33mviewBox[39m=[32m"0 0 24 24"[39m
                    [33mwidth[39m=[32m"24"[39m
                    [33mxmlns[39m=[32m"http://www.w3.org/2000/svg"[39m
                  [36m>[39m
                    [36m<path[39m
                      [33md[39m=[32m"M4.5 3h15"[39m
                    [36m/>[39m
                    [36m<path[39m
                      [33md[39m=[32m"M6 3v16a2 2 0 0 0 2 2h8a2 2 0 0 0 2-2V3"[39m
                    [36m/>[39m
                    [36m<path[39m
                      [33md[39m=[32m"M6 14h12"[39m
                    [36m/>[39m
                  [36m</svg>[39m
                  [36m<div[39m
                    [33mclass[39m=[32m"leading-none font-semibold"[39m
                    [33mdata-slot[39m=[32m"card-title"[39m
                  [36m>[39m
                    [0mInformaci├│n del An├ílisis[0m
                  [36m</div>[39m
                [36m</div>[39m
                [36m<div[39m
                  [33mclass[39m=[32m"flex items-center gap-2"[39m
                [36m>[39m
                  [36m<button[39m
                    [33mdata-testid[39m=[32m"tolerancias-btn"[39m
                  [36m>[39m
                    [0mVer Tolerancias[0m
                  [36m</button>[39m
                  [36m<button[39m
                    [33mclass[39m=[32m"inline-flex items-center justify-center whitespace-nowrap text-sm font-medium 
transition-all disabled:pointer-events-none disabled:opacity-50 [&_svg]:pointer-events-none [&_svg:not([class*='size-'])]:size-4 
shrink-0 [&_svg]:shrink-0 outline-none focus-visible:border-ring focus-visible:ring-ring/50 focus-visible:ring-[3px] 
aria-invalid:ring-destructive/20 dark:aria-invalid:ring-destructive/40 aria-invalid:border-destructive border bg-background 
shadow-xs hover:bg-accent hover:text-accent-foreground dark:bg-input/30 dark:border-input dark:hover:bg-input/50 h-8 rounded-md 
gap-1.5 px-3 has-[>svg]:px-2.5 min-w-fit"[39m
                    [33mdata-slot[39m=[32m"button"[39m
                  [36m>[39m
                    [36m<svg[39m
                      [33mclass[39m=[32m"lucide lucide-square-pen h-4 w-4 mr-1"[39m
                      [33mfill[39m=[32m"none"[39m
                      [33mheight[39m=[32m"24"[39m
                      [33mstroke[39m=[32m"currentColor"[39m
                      [33mstroke-linecap[39m=[32m"round"[39m
                      [33mstroke-linejoin[39m=[32m"round"[39m
                      [33mstroke-width[39m=[32m"2"[39m
                      [33mviewBox[39m=[32m"0 0 24 24"[39m
                      [33mwidth[39m=[32m"24"[39m
                      [33mxmlns[39m=[32m"http://www.w3.org/2000/svg"[39m
                    [36m>[39m
                      [36m<path[39m
                        [33md[39m=[32m"M12 3H5a2 2 0 0 0-2 2v14a2 2 0 0 0 2 2h14a2 2 0 0 0 2-2v-7"[39m
                      [36m/>[39m
                      [36m<path[39m
                        [33md[39m=[32m"M18.375 2.625a1 1 0 0 1 3 3l-9.013 9.014a2 2 0 0 1-.853.505l-2.873.84a.5.5 0 0 
1-.62-.62l.84-2.873a2 2 0 0 1 .506-.852z"[39m
                      [36m/>[39m
                    [36m</svg>[39m
                    [0mEditar[0m
                  [36m</button>[39m
                [36m</div>[39m
              [36m</div>[39m
            [36m</div>[39m
            [36m<div[39m
              [33mclass[39m=[32m"px-6"[39m
              [33mdata-slot[39m=[32m"card-content"[39m
            [36m>[39m
              [36m<div[39m
                [33mclass[39m=[32m"grid grid-cols-1 md:grid-cols-3 gap-4"[39m
              [36m>[39m
                [36m<div>[39m
                  [36m<p[39m
                    [33mclass[39m=[32m"text-sm font-medium text-muted-foreground"[39m
                  [36m>[39m
                    [0mID An├ílisis[0m
                  [36m</p>[39m
                  [36m<p[39m
                    [33mclass[39m=[32m"font-semibold"[39m
                  [36m>[39m
                    [0m123[0m
                  [36m</p>[39m
                [36m</div>[39m
                [36m<div>[39m
                  [36m<p[39m
                    [33mclass[39m=[32m"text-sm font-medium text-muted-foreground"[39m
                  [36m>[39m
                    [0mLote[0m
                  [36m</p>[39m
                  [36m<p[39m
                    [33mclass[39m=[32m"font-semibold"[39m
                  [36m>[39m
                    [0mTrigo Baguette 10[0m
                  [36m</p>[39m
                [36m</div>[39m
                [36m<div>[39m
                  [36m<p[39m
                    [33mclass[39m=[32m"text-sm font-medium text-muted-foreground"[39m
                  [36m>[39m
                    [0mEstado[0m
                  [36m</p>[39m
                  [36m<p[39m
                    [33mclass[39m=[32m"font-semibold"[39m
                  [36m>[39m
                    [0mEN_PROCESO[0m
                  [36m</p>[39m
                [36m</div>[39m
                [36m<div>[39m
                  [36m<p[39m
                    [33mclass[39m=[32m"text-sm font-medium text-muted-foreground"[39m
                  [36m>[39m
                    [0mFecha de Creaci├│n[0m
                  [36m</p>[39m
                  [36m<p[39m
                    [33mclass[39m=[32m"font-semibold flex items-center gap-1"[39m
                  [36m>[39m
                    [36m<svg[39m
                      [33mclass[39m=[32m"lucide lucide-calendar-days h-4 w-4"[39m
                      [33mfill[39m=[32m"none"[39m
                      [33mheight[39m=[32m"24"[39m
                      [33mstroke[39m=[32m"currentColor"[39m
                      [33mstroke-linecap[39m=[32m"round"[39m
                      [33mstroke-linejoin[39m=[32m"round"[39m
                      [33mstroke-width[39m=[32m"2"[39m
                      [33mviewBox[39m=[32m"0 0 24 24"[39m
                      [33mwidth[39m=[32m"24"[39m
                      [33mxmlns[39m=[32m"http://www.w3.org/2000/svg"[39m
                    [36m>[39m
                      [36m<path[39m
                        [33md[39m=[32m"M8 2v4"[39m
                      [36m/>[39m
                      [36m<path[39m
                        [33md[39m=[32m"M16 2v4"[39m
                      [36m/>[39m
                      [36m<rect[39m
                        [33mheight[39m=[32m"18"[39m
                        [33mrx[39m=[32m"2"[39m
                        [33mwidth[39m=[32m"18"[39m
                        [33mx[39m=[32m"3"[39m
                        [33my[39m=[32m"4"[39m
                      [36m/>[39m
                      [36m<path[39m
                        [33md[39m=[32m"M3 10h18"[39m
                      [36m/>[39m
                      [36m<path[39m
                        [33md[39m=[32m"M8 14h.01"[39m
                      [36m/>[39m
                      [36m<path[39m
                        [33md[39m=[32m"M12 14h.01"[39m
                      [36m/>[39m
                      [36m<path[39m
                        [33md[39m=[32m"M16 14h.01"[39m
                      [36m/>[39m
                      [36m<path[39m
                        [33md[39m=[32m"M8 18h.01"[39m
                      [36m/>[39m
                      [36m<path[39m
                        [33md[39m=[32m"M12 18h.01"[39m
                      [36m/>[39m
                      [36m<path[39m
                        [33md[39m=[32m"M16 18h.01"[39m
                      [36m/>[39m
                    [36m</svg>[39m
                    [0m01/03/2024, 10:00 a.┬ám.[0m
                  [36m</p>[39m
                [36m</div>[39m
                [36m<div[39m
                  [33mclass[39m=[32m"md:col-span-3"[39m
                [36m>[39m
                  [36m<p[39m
                    [33mclass[39m=[32m"text-sm font-medium text-muted-foreground"[39m
                  [36m>[39m
                    [0mComentarios[0m
                  [36m</p>[39m
                  [36m<p[39m
                    [33mclass[39m=[32m"font-semibold"[39m
                  [36m>[39m
                    [0mComentario inicial[0m
                  [36m</p>[39m
                [36m</div>[39m
              [36m</div>[39m
            [36m</div>[39m
          [36m</div>[39m
          [36m<div[39m
            [33mdata-testid[39m=[32m"tablas-section"[39m
          [36m>[39m
            [36m<span>[39m
              [0mTablas: [0m
              [0m0[0m
            [36m</span>[39m
            [36m<button>[39m
              [0mRecargar Tablas[0m
            [36m</button>[39m
            [36m<button>[39m
              [0mFinalizar An├ílisis[0m
            [36m</button>[39m
          [36m</div>[39m
          [36m<div[39m
            [33mdata-testid[39m=[32m"acciones-card"[39m
          [36m>[39m
            [36m<button>[39m
              [0mFinalizar[0m
            [36m</button>[39m
            [36m<button>[39m
              [0mAprobar[0m
            [36m</button>[39m
            [36m<button>[39m
              [0mMarcar para Repetir[0m
            [36m</button>[39m
            [36m<button>[39m
              [0mFinalizar y Aprobar[0m
            [36m</button>[39m
            [36m<span>[39m
              [0mEstado: [0m
              [0mEN_PROCESO[0m
            [36m</span>[39m
          [36m</div>[39m
        [36m</div>[39m
      [36m</div>[39m
    [36m</body>[39m

    [0m [90m 185 |[39m       render([33m<[39m[33mGerminacionEditPage[39m [33m/[39m[33m>[39m)
     [90m 186 |[39m       
    [31m[1m>[22m[39m[90m 187 |[39m       [36mawait[39m waitFor(() [33m=>[39m {
     [90m     |[39m                    [31m[1m^[22m[39m
     [90m 188 |[39m         expect(screen[33m.[39mgetByText([35m/No se pudo cargar la informaci├│n del 
an├ílisis/i[39m))[33m.[39mtoBeInTheDocument()
     [90m 189 |[39m       })
     [90m 190 |[39m     })[0m

      at waitForWrapper (node_modules/.pnpm/@testing-library+dom@9.3.4/node_modules/@testing-library/dom/dist/wait-for.js:163:27)
      at Object.<anonymous> (__tests__/app/listado/analisis/germinacion/[id]/editar/page.test.tsx:187:20)

  ÔùÅ GerminacionEditPage ÔÇ║ Renderizado de componentes y datos ÔÇ║ muestra informaci├│n b├ísica del an├ílisis

    Found multiple elements with the text: /123/

    Here are the matching elements:

    Ignored nodes: comments, script, style
    [36m<span>[39m
      [0mID: [0m
      [0m123[0m
    [36m</span>[39m

    Ignored nodes: comments, script, style
    [36m<p[39m
      [33mclass[39m=[32m"font-semibold"[39m
    [36m>[39m
      [0m123[0m
    [36m</p>[39m

    (If this is intentional, then use the `*AllBy*` variant of the query (like `queryAllByText`, `getAllByText`, or 
`findAllByText`)).

    Ignored nodes: comments, script, style
    [36m<body>[39m
      [36m<div>[39m
        [36m<div[39m
          [33mclass[39m=[32m"p-6 space-y-6"[39m
        [36m>[39m
          [36m<div[39m
            [33mdata-testid[39m=[32m"header"[39m
          [36m>[39m
            [36m<span>[39m
              [0mAn├ílisis de [0m
              [0mGerminaci├│n[0m
            [36m</span>[39m
            [36m<span>[39m
              [0mID: [0m
              [0m123[0m
            [36m</span>[39m
            [36m<span>[39m
              [0mEstado: [0m
              [0mEN_PROCESO[0m
            [36m</span>[39m
          [36m</div>[39m
          [36m<div[39m
            [33mclass[39m=[32m"bg-card text-card-foreground flex flex-col gap-6 rounded-xl border py-6 shadow-sm"[39m
            [33mdata-slot[39m=[32m"card"[39m
          [36m>[39m
            [36m<div[39m
              [33mclass[39m=[32m"@container/card-header grid auto-rows-min grid-rows-[auto_auto] items-start gap-1.5 px-6 
has-data-[slot=card-action]:grid-cols-[1fr_auto] [.border-b]:pb-6"[39m
              [33mdata-slot[39m=[32m"card-header"[39m
            [36m>[39m
              [36m<div[39m
                [33mclass[39m=[32m"flex items-center justify-between"[39m
              [36m>[39m
                [36m<div[39m
                  [33mclass[39m=[32m"flex items-center gap-2"[39m
                [36m>[39m
                  [36m<svg[39m
                    [33mclass[39m=[32m"lucide lucide-beaker h-5 w-5"[39m
                    [33mfill[39m=[32m"none"[39m
                    [33mheight[39m=[32m"24"[39m
                    [33mstroke[39m=[32m"currentColor"[39m
                    [33mstroke-linecap[39m=[32m"round"[39m
                    [33mstroke-linejoin[39m=[32m"round"[39m
                    [33mstroke-width[39m=[32m"2"[39m
                    [33mviewBox[39m=[32m"0 0 24 24"[39m
                    [33mwidth[39m=[32m"24"[39m
                    [33mxmlns[39m=[32m"http://www.w3.org/2000/svg"[39m
                  [36m>[39m
                    [36m<path[39m
                      [33md[39m=[32m"M4.5 3h15"[39m
                    [36m/>[39m
                    [36m<path[39m
                      [33md[39m=[32m"M6 3v16a2 2 0 0 0 2 2h8a2 2 0 0 0 2-2V3"[39m
                    [36m/>[39m
                    [36m<path[39m
                      [33md[39m=[32m"M6 14h12"[39m
                    [36m/>[39m
                  [36m</svg>[39m
                  [36m<div[39m
                    [33mclass[39m=[32m"leading-none font-semibold"[39m
                    [33mdata-slot[39m=[32m"card-title"[39m
                  [36m>[39m
                    [0mInformaci├│n del An├ílisis[0m
                  [36m</div>[39m
                [36m</div>[39m
                [36m<div[39m
                  [33mclass[39m=[32m"flex items-center gap-2"[39m
                [36m>[39m
                  [36m<button[39m
                    [33mdata-testid[39m=[32m"tolerancias-btn"[39m
                  [36m>[39m
                    [0mVer Tolerancias[0m
                  [36m</button>[39m
                  [36m<button[39m
                    [33mclass[39m=[32m"inline-flex items-center justify-center whitespace-nowrap text-sm font-medium 
transition-all disabled:pointer-events-none disabled:opacity-50 [&_svg]:pointer-events-none [&_svg:not([class*='size-'])]:size-4 
shrink-0 [&_svg]:shrink-0 outline-none focus-visible:border-ring focus-visible:ring-ring/50 focus-visible:ring-[3px] 
aria-invalid:ring-destructive/20 dark:aria-invalid:ring-destructive/40 aria-invalid:border-destructive border bg-background 
shadow-xs hover:bg-accent hover:text-accent-foreground dark:bg-input/30 dark:border-input dark:hover:bg-input/50 h-8 rounded-md 
gap-1.5 px-3 has-[>svg]:px-2.5 min-w-fit"[39m
                    [33mdata-slot[39m=[32m"button"[39m
                  [36m>[39m
                    [36m<svg[39m
                      [33mclass[39m=[32m"lucide lucide-square-pen h-4 w-4 mr-1"[39m
                      [33mfill[39m=[32m"none"[39m
                      [33mheight[39m=[32m"24"[39m
                      [33mstroke[39m=[32m"currentColor"[39m
                      [33mstroke-linecap[39m=[32m"round"[39m
                      [33mstroke-linejoin[39m=[32m"round"[39m
                      [33mstroke-width[39m=[32m"2"[39m
                      [33mviewBox[39m=[32m"0 0 24 24"[39m
                      [33mwidth[39m=[32m"24"[39m
                      [33mxmlns[39m=[32m"http://www.w3.org/2000/svg"[39m
                    [36m>[39m
                      [36m<path[39m
                        [33md[39m=[32m"M12 3H5a2 2 0 0 0-2 2v14a2 2 0 0 0 2 2h14a2 2 0 0 0 2-2v-7"[39m
                      [36m/>[39m
                      [36m<path[39m
                        [33md[39m=[32m"M18.375 2.625a1 1 0 0 1 3 3l-9.013 9.014a2 2 0 0 1-.853.505l-2.873.84a.5.5 0 0 
1-.62-.62l.84-2.873a2 2 0 0 1 .506-.852z"[39m
                      [36m/>[39m
                    [36m</svg>[39m
                    [0mEditar[0m
                  [36m</button>[39m
                [36m</div>[39m
              [36m</div>[39m
            [36m</div>[39m
            [36m<div[39m
              [33mclass[39m=[32m"px-6"[39m
              [33mdata-slot[39m=[32m"card-content"[39m
            [36m>[39m
              [36m<div[39m
                [33mclass[39m=[32m"grid grid-cols-1 md:grid-cols-3 gap-4"[39m
              [36m>[39m
                [36m<div>[39m
                  [36m<p[39m
                    [33mclass[39m=[32m"text-sm font-medium text-muted-foreground"[39m
                  [36m>[39m
                    [0mID An├ílisis[0m
                  [36m</p>[39m
                  [36m<p[39m
                    [33mclass[39m=[32m"font-semibold"[39m
                  [36m>[39m
                    [0m123[0m
                  [36m</p>[39m
                [36m</div>[39m
                [36m<div>[39m
                  [36m<p[39m
                    [33mclass[39m=[32m"text-sm font-medium text-muted-foreground"[39m
                  [36m>[39m
                    [0mLote[0m
                  [36m</p>[39m
                  [36m<p[39m
                    [33mclass[39m=[32m"font-semibold"[39m
                  [36m>[39m
                    [0mTrigo Baguette 10[0m
                  [36m</p>[39m
                [36m</div>[39m
                [36m<div>[39m
                  [36m<p[39m
                    [33mclass[39m=[32m"text-sm font-medium text-muted-foreground"[39m
                  [36m>[39m
                    [0mEstado[0m
                  [36m</p>[39m
                  [36m<p[39m
                    [33mclass[39m=[32m"font-semibold"[39m
                  [36m>[39m
                    [0mEN_PROCESO[0m
                  [36m</p>[39m
                [36m</div>[39m
                [36m<div>[39m
                  [36m<p[39m
                    [33mclass[39m=[32m"text-sm font-medium text-muted-foreground"[39m
                  [36m>[39m
                    [0mFecha de Creaci├│n[0m
                  [36m</p>[39m
                  [36m<p[39m
                    [33mclass[39m=[32m"font-semibold flex items-center gap-1"[39m
                  [36m>[39m
                    [36m<svg[39m
                      [33mclass[39m=[32m"lucide lucide-calendar-days h-4 w-4"[39m
                      [33mfill[39m=[32m"none"[39m
                      [33mheight[39m=[32m"24"[39m
                      [33mstroke[39m=[32m"currentColor"[39m
                      [33mstroke-linecap[39m=[32m"round"[39m
                      [33mstroke-linejoin[39m=[32m"round"[39m
                      [33mstroke-width[39m=[32m"2"[39m
                      [33mviewBox[39m=[32m"0 0 24 24"[39m
                      [33mwidth[39m=[32m"24"[39m
                      [33mxmlns[39m=[32m"http://www.w3.org/2000/svg"[39m
                    [36m>[39m
                      [36m<path[39m
                        [33md[39m=[32m"M8 2v4"[39m
                      [36m/>[39m
                      [36m<path[39m
                        [33md[39m=[32m"M16 2v4"[39m
                      [36m/>[39m
                      [36m<rect[39m
                        [33mheight[39m=[32m"18"[39m
                        [33mrx[39m=[32m"2"[39m
                        [33mwidth[39m=[32m"18"[39m
                        [33mx[39m=[32m"3"[39m
                        [33my[39m=[32m"4"[39m
                      [36m/>[39m
                      [36m<path[39m
                        [33md[39m=[32m"M3 10h18"[39m
                      [36m/>[39m
                      [36m<path[39m
                        [33md[39m=[32m"M8 14h.01"[39m
                      [36m/>[39m
                      [36m<path[39m
                        [33md[39m=[32m"M12 14h.01"[39m
                      [36m/>[39m
                      [36m<path[39m
                        [33md[39m=[32m"M16 14h.01"[39m
                      [36m/>[39m
                      [36m<path[39m
                        [33md[39m=[32m"M8 18h.01"[39m
                      [36m/>[39m
                      [36m<path[39m
                        [33md[39m=[32m"M12 18h.01"[39m
                      [36m/>[39m
                      [36m<path[39m
                        [33md[39m=[32m"M16 18h.01"[39m
                      [36m/>[39m
                    [36m</svg>[39m
                    [0m01/03/2024, 10:00 a.┬ám.[0m
                  [36m</p>[39m
                [36m</div>[39m
                [36m<div[39m
                  [33mclass[39m=[32m"md:col-span-3"[39m
                [36m>[39m
                  [36m<p[39m
                    [33mclass[39m=[32m"text-sm font-medium text-muted-foreground"[39m
                  [36m>[39m
                    [0mComentarios[0m
                  [36m</p>[39m
                  [36m<p[39m
                    [33mclass[39m=[32m"font-semibold"[39m
                  [36m>[39m
                    [0mComentario inicial[0m
                  [36m</p>[39m
                [36m</div>[39m
                [36m<div[39m
                  [33mclass[39m=[32m"md:col-span-3"[39m
                [36m>[39m
                  [36m<p[39m
                    [33mclass[39m=[32m"text-sm font-medium text-muted-foreground mb-2"[39m
                  [36m>[39m
                    [0mTablas de Germinaci├│n[0m
                  [36m</p>[39m
                  [36m<p[39m
                    [33mclass[39m=[32m"text-sm text-muted-foreground"[39m
                  [36m>[39m
                    [0mEste an├ílisis tiene [0m
                    [0m1[0m
                    [0m tabla[0m
                    [0m de germinaci├│n. Los detalles de cada tabla se muestran en la secci├│n inferior.[0m
                  [36m</p>[39m
                [36m</div>[39m
              [36m</div>[39m
            [36m</div>[39m
          [36m</div>[39m
          [36m<div[39m
            [33mdata-testid[39m=[32m"tablas-section"[39m
          [36m>[39m
            [36m<span>[39m
              [0mTablas: [0m
              [0m1[0m
            [36m</span>[39m
            [36m<button>[39m
              [0mRecargar Tablas[0m
            [36m</button>[39m
            [36m<button>[39m
              [0mFinalizar An├ílisis[0m
            [36m</button>[39m
          [36m</div>[39m
          [36m<div[39m
            [33mdata-testid[39m=[32m"acciones-card"[39m
          [36m>[39m
            [36m<button>[39m
              [0mFinalizar[0m
            [36m</button>[39m
            [36m<button>[39m
              [0mAprobar[0m
            [36m</button>[39m
            [36m<button>[39m
              [0mMarcar para Repetir[0m
            [36m</button>[39m
            [36m<button>[39m
              [0mFinalizar y Aprobar[0m
            [36m</button>[39m
            [36m<span>[39m
              [0mEstado: [0m
              [0mEN_PROCESO[0m
            [36m</span>[39m
          [36m</div>[39m
        [36m</div>[39m
      [36m</div>[39m
    [36m</body>[39m

    [0m [90m 216 |[39m       render([33m<[39m[33mGerminacionEditPage[39m [33m/[39m[33m>[39m)
     [90m 217 |[39m       
    [31m[1m>[22m[39m[90m 218 |[39m       [36mawait[39m waitFor(() [33m=>[39m {
     [90m     |[39m                    [31m[1m^[22m[39m
     [90m 219 |[39m         expect(screen[33m.[39mgetByText([35m/123/[39m))[33m.[39mtoBeInTheDocument()
     [90m 220 |[39m         expect(screen[33m.[39mgetByText([35m/Trigo Baguette 10/i[39m))[33m.[39mtoBeInTheDocument()
     [90m 221 |[39m         expect(screen[33m.[39mgetByText([35m/EN_PROCESO/i[39m))[33m.[39mtoBeInTheDocument()[0m

      at waitForWrapper (node_modules/.pnpm/@testing-library+dom@9.3.4/node_modules/@testing-library/dom/dist/wait-for.js:163:27)
      at Object.<anonymous> (__tests__/app/listado/analisis/germinacion/[id]/editar/page.test.tsx:218:20)

  ÔùÅ GerminacionEditPage ÔÇ║ Modo edici├│n de informaci├│n b├ísica ÔÇ║ detecta cambios en el formulario

    Found multiple elements with the text: /Guardar Cambios/i

    Here are the matching elements:

    Ignored nodes: comments, script, style
    [36m<button[39m
      [33mclass[39m=[32m"inline-flex items-center justify-center gap-2 whitespace-nowrap rounded-md text-sm font-medium 
transition-all disabled:pointer-events-none disabled:opacity-50 [&_svg]:pointer-events-none [&_svg:not([class*='size-'])]:size-4 
shrink-0 [&_svg]:shrink-0 outline-none focus-visible:border-ring focus-visible:ring-ring/50 focus-visible:ring-[3px] 
aria-invalid:ring-destructive/20 dark:aria-invalid:ring-destructive/40 aria-invalid:border-destructive text-primary-foreground 
shadow-xs h-9 px-4 py-2 has-[>svg]:px-3 bg-green-600 hover:bg-green-700 min-w-32"[39m
      [33mdata-slot[39m=[32m"button"[39m
    [36m>[39m
      [0mGuardar Cambios[0m
    [36m</button>[39m

    Ignored nodes: comments, script, style
    [36m<button>[39m
      [0mGuardar Cambios[0m
    [36m</button>[39m

    (If this is intentional, then use the `*AllBy*` variant of the query (like `queryAllByText`, `getAllByText`, or 
`findAllByText`)).

    Ignored nodes: comments, script, style
    [36m<body>[39m
      [36m<div>[39m
        [36m<div[39m
          [33mclass[39m=[32m"p-6 space-y-6"[39m
        [36m>[39m
          [36m<div[39m
            [33mdata-testid[39m=[32m"header"[39m
          [36m>[39m
            [36m<span>[39m
              [0mAn├ílisis de [0m
              [0mGerminaci├│n[0m
            [36m</span>[39m
            [36m<span>[39m
              [0mID: [0m
              [0m123[0m
            [36m</span>[39m
            [36m<span>[39m
              [0mEstado: [0m
              [0mEN_PROCESO[0m
            [36m</span>[39m
          [36m</div>[39m
          [36m<div[39m
            [33mclass[39m=[32m"bg-card text-card-foreground flex flex-col gap-6 rounded-xl border py-6 shadow-sm"[39m
            [33mdata-slot[39m=[32m"card"[39m
          [36m>[39m
            [36m<div[39m
              [33mclass[39m=[32m"@container/card-header grid auto-rows-min grid-rows-[auto_auto] items-start gap-1.5 px-6 
has-data-[slot=card-action]:grid-cols-[1fr_auto] [.border-b]:pb-6"[39m
              [33mdata-slot[39m=[32m"card-header"[39m
            [36m>[39m
              [36m<div[39m
                [33mclass[39m=[32m"flex items-center justify-between"[39m
              [36m>[39m
                [36m<div[39m
                  [33mclass[39m=[32m"flex items-center gap-2"[39m
                [36m>[39m
                  [36m<svg[39m
                    [33mclass[39m=[32m"lucide lucide-beaker h-5 w-5"[39m
                    [33mfill[39m=[32m"none"[39m
                    [33mheight[39m=[32m"24"[39m
                    [33mstroke[39m=[32m"currentColor"[39m
                    [33mstroke-linecap[39m=[32m"round"[39m
                    [33mstroke-linejoin[39m=[32m"round"[39m
                    [33mstroke-width[39m=[32m"2"[39m
                    [33mviewBox[39m=[32m"0 0 24 24"[39m
                    [33mwidth[39m=[32m"24"[39m
                    [33mxmlns[39m=[32m"http://www.w3.org/2000/svg"[39m
                  [36m>[39m
                    [36m<path[39m
                      [33md[39m=[32m"M4.5 3h15"[39m
                    [36m/>[39m
                    [36m<path[39m
                      [33md[39m=[32m"M6 3v16a2 2 0 0 0 2 2h8a2 2 0 0 0 2-2V3"[39m
                    [36m/>[39m
                    [36m<path[39m
                      [33md[39m=[32m"M6 14h12"[39m
                    [36m/>[39m
                  [36m</svg>[39m
                  [36m<div[39m
                    [33mclass[39m=[32m"leading-none font-semibold"[39m
                    [33mdata-slot[39m=[32m"card-title"[39m
                  [36m>[39m
                    [0mInformaci├│n del An├ílisis[0m
                  [36m</div>[39m
                [36m</div>[39m
                [36m<div[39m
                  [33mclass[39m=[32m"flex items-center gap-2"[39m
                [36m>[39m
                  [36m<button[39m
                    [33mdata-testid[39m=[32m"tolerancias-btn"[39m
                  [36m>[39m
                    [0mVer Tolerancias[0m
                  [36m</button>[39m
                [36m</div>[39m
              [36m</div>[39m
            [36m</div>[39m
            [36m<div[39m
              [33mclass[39m=[32m"px-6"[39m
              [33mdata-slot[39m=[32m"card-content"[39m
            [36m>[39m
              [36m<div[39m
                [33mclass[39m=[32m"space-y-6"[39m
              [36m>[39m
                [36m<div[39m
                  [33mclass[39m=[32m"text-sm text-blue-700 bg-blue-50 border border-blue-200 rounded-lg p-3"[39m
                [36m>[39m
                  [36m<p>[39m
                    [36m<strong>[39m
                      [0mModo de Edici├│n:[0m
                    [36m</strong>[39m
                    [0m Solo se pueden modificar los campos que se muestran a continuaci├│n. Los datos como fechas, n├║mero de 
d├¡as y repeticiones no son editables una vez creado el an├ílisis.[0m
                  [36m</p>[39m
                [36m</div>[39m
                [36m<div[39m
                  [33mclass[39m=[32m"grid grid-cols-1 lg:grid-cols-2 gap-6"[39m
                [36m>[39m
                  [36m<div[39m
                    [33mclass[39m=[32m"space-y-4"[39m
                  [36m>[39m
                    [36m<div[39m
                      [33mclass[39m=[32m"space-y-2"[39m
                    [36m>[39m
                      [36m<label[39m
                        [33mclass[39m=[32m"flex items-center gap-2 select-none group-data-[disabled=true]:pointer-events-none 
group-data-[disabled=true]:opacity-50 peer-disabled:cursor-not-allowed peer-disabled:opacity-50 text-sm font-medium"[39m
                        [33mdata-slot[39m=[32m"label"[39m
                      [36m>[39m
                        [0mLote Asociado *[0m
                      [36m</label>[39m
                      [36m<button[39m
                        [33maria-autocomplete[39m=[32m"none"[39m
                        [33maria-controls[39m=[32m"radix-:rc:"[39m
                        [33maria-expanded[39m=[32m"false"[39m
                        [33mclass[39m=[32m"border-input data-[placeholder]:text-muted-foreground 
[&_svg:not([class*='text-'])]:text-muted-foreground focus-visible:border-ring focus-visible:ring-ring/50 
aria-invalid:ring-destructive/20 dark:aria-invalid:ring-destructive/40 aria-invalid:border-destructive dark:bg-input/30 
dark:hover:bg-input/50 flex w-fit items-center justify-between gap-2 rounded-md border bg-transparent px-3 py-2 text-sm 
whitespace-nowrap shadow-xs transition-[color,box-shadow] outline-none focus-visible:ring-[3px] disabled:cursor-not-allowed 
disabled:opacity-50 data-[size=default]:h-9 data-[size=sm]:h-8 *:data-[slot=select-value]:line-clamp-1 
*:data-[slot=select-value]:flex *:data-[slot=select-value]:items-center *:data-[slot=select-value]:gap-2 [&_svg]:pointer-events-none 
[&_svg]:shrink-0 [&_svg:not([class*='size-'])]:size-4 h-11"[39m
                        [33mdata-size[39m=[32m"default"[39m
                        [33mdata-slot[39m=[32m"select-trigger"[39m
                        [33mdata-state[39m=[32m"closed"[39m
                        [33mdir[39m=[32m"ltr"[39m
                        [33mrole[39m=[32m"combobox"[39m
                        [33mtype[39m=[32m"button"[39m
                      [36m>[39m
                        [36m<span[39m
                          [33mdata-slot[39m=[32m"select-value"[39m
                          [33mstyle[39m=[32m"pointer-events: none;"[39m
                        [36m>[39m
                          [0mL001[0m
                          [0m (ID: [0m
                          [0m1[0m
                          [0m)[0m
                        [36m</span>[39m
                        [36m<svg[39m
                          [33maria-hidden[39m=[32m"true"[39m
                          [33mclass[39m=[32m"lucide lucide-chevron-down size-4 opacity-50"[39m
                          [33mfill[39m=[32m"none"[39m
                          [33mheight[39m=[32m"24"[39m
                          [33mstroke[39m=[32m"currentColor"[39m
                          [33mstroke-linecap[39m=[32m"round"[39m
                          [33mstroke-linejoin[39m=[32m"round"[39m
                          [33mstroke-width[39m=[32m"2"[39m
       ...

    [0m [90m 361 |[39m       })
     [90m 362 |[39m       
    [31m[1m>[22m[39m[90m 363 |[39m       [36mawait[39m waitFor(() [33m=>[39m {
     [90m     |[39m                    [31m[1m^[22m[39m
     [90m 364 |[39m         [36mconst[39m guardarBtn [33m=[39m screen[33m.[39mgetByText([35m/Guardar Cambios/i[39m)
     [90m 365 |[39m         expect(guardarBtn)[33m.[39mnot[33m.[39mtoBeDisabled()
     [90m 366 |[39m       })[0m

      at waitForWrapper (node_modules/.pnpm/@testing-library+dom@9.3.4/node_modules/@testing-library/dom/dist/wait-for.js:163:27)
      at Object.<anonymous> (__tests__/app/listado/analisis/germinacion/[id]/editar/page.test.tsx:363:20)

  ÔùÅ GerminacionEditPage ÔÇ║ Modo edici├│n de informaci├│n b├ísica ÔÇ║ guarda cambios correctamente

    Found multiple elements with the text: /Guardar Cambios/i

    Here are the matching elements:

    Ignored nodes: comments, script, style
    [36m<button[39m
      [33mclass[39m=[32m"inline-flex items-center justify-center gap-2 whitespace-nowrap rounded-md text-sm font-medium 
transition-all disabled:pointer-events-none disabled:opacity-50 [&_svg]:pointer-events-none [&_svg:not([class*='size-'])]:size-4 
shrink-0 [&_svg]:shrink-0 outline-none focus-visible:border-ring focus-visible:ring-ring/50 focus-visible:ring-[3px] 
aria-invalid:ring-destructive/20 dark:aria-invalid:ring-destructive/40 aria-invalid:border-destructive text-primary-foreground 
shadow-xs h-9 px-4 py-2 has-[>svg]:px-3 bg-green-600 hover:bg-green-700 min-w-32"[39m
      [33mdata-slot[39m=[32m"button"[39m
    [36m>[39m
      [0mGuardar Cambios[0m
    [36m</button>[39m

    Ignored nodes: comments, script, style
    [36m<button>[39m
      [0mGuardar Cambios[0m
    [36m</button>[39m

    (If this is intentional, then use the `*AllBy*` variant of the query (like `queryAllByText`, `getAllByText`, or 
`findAllByText`)).

    Ignored nodes: comments, script, style
    [36m<body>[39m
      [36m<div>[39m
        [36m<div[39m
          [33mclass[39m=[32m"p-6 space-y-6"[39m
        [36m>[39m
          [36m<div[39m
            [33mdata-testid[39m=[32m"header"[39m
          [36m>[39m
            [36m<span>[39m
              [0mAn├ílisis de [0m
              [0mGerminaci├│n[0m
            [36m</span>[39m
            [36m<span>[39m
              [0mID: [0m
              [0m123[0m
            [36m</span>[39m
            [36m<span>[39m
              [0mEstado: [0m
              [0mEN_PROCESO[0m
            [36m</span>[39m
          [36m</div>[39m
          [36m<div[39m
            [33mclass[39m=[32m"bg-card text-card-foreground flex flex-col gap-6 rounded-xl border py-6 shadow-sm"[39m
            [33mdata-slot[39m=[32m"card"[39m
          [36m>[39m
            [36m<div[39m
              [33mclass[39m=[32m"@container/card-header grid auto-rows-min grid-rows-[auto_auto] items-start gap-1.5 px-6 
has-data-[slot=card-action]:grid-cols-[1fr_auto] [.border-b]:pb-6"[39m
              [33mdata-slot[39m=[32m"card-header"[39m
            [36m>[39m
              [36m<div[39m
                [33mclass[39m=[32m"flex items-center justify-between"[39m
              [36m>[39m
                [36m<div[39m
                  [33mclass[39m=[32m"flex items-center gap-2"[39m
                [36m>[39m
                  [36m<svg[39m
                    [33mclass[39m=[32m"lucide lucide-beaker h-5 w-5"[39m
                    [33mfill[39m=[32m"none"[39m
                    [33mheight[39m=[32m"24"[39m
                    [33mstroke[39m=[32m"currentColor"[39m
                    [33mstroke-linecap[39m=[32m"round"[39m
                    [33mstroke-linejoin[39m=[32m"round"[39m
                    [33mstroke-width[39m=[32m"2"[39m
                    [33mviewBox[39m=[32m"0 0 24 24"[39m
                    [33mwidth[39m=[32m"24"[39m
                    [33mxmlns[39m=[32m"http://www.w3.org/2000/svg"[39m
                  [36m>[39m
                    [36m<path[39m
                      [33md[39m=[32m"M4.5 3h15"[39m
                    [36m/>[39m
                    [36m<path[39m
                      [33md[39m=[32m"M6 3v16a2 2 0 0 0 2 2h8a2 2 0 0 0 2-2V3"[39m
                    [36m/>[39m
                    [36m<path[39m
                      [33md[39m=[32m"M6 14h12"[39m
                    [36m/>[39m
                  [36m</svg>[39m
                  [36m<div[39m
                    [33mclass[39m=[32m"leading-none font-semibold"[39m
                    [33mdata-slot[39m=[32m"card-title"[39m
                  [36m>[39m
                    [0mInformaci├│n del An├ílisis[0m
                  [36m</div>[39m
                [36m</div>[39m
                [36m<div[39m
                  [33mclass[39m=[32m"flex items-center gap-2"[39m
                [36m>[39m
                  [36m<button[39m
                    [33mdata-testid[39m=[32m"tolerancias-btn"[39m
                  [36m>[39m
                    [0mVer Tolerancias[0m
                  [36m</button>[39m
                [36m</div>[39m
              [36m</div>[39m
            [36m</div>[39m
            [36m<div[39m
              [33mclass[39m=[32m"px-6"[39m
              [33mdata-slot[39m=[32m"card-content"[39m
            [36m>[39m
              [36m<div[39m
                [33mclass[39m=[32m"space-y-6"[39m
              [36m>[39m
                [36m<div[39m
                  [33mclass[39m=[32m"text-sm text-blue-700 bg-blue-50 border border-blue-200 rounded-lg p-3"[39m
                [36m>[39m
                  [36m<p>[39m
                    [36m<strong>[39m
                      [0mModo de Edici├│n:[0m
                    [36m</strong>[39m
                    [0m Solo se pueden modificar los campos que se muestran a continuaci├│n. Los datos como fechas, n├║mero de 
d├¡as y repeticiones no son editables una vez creado el an├ílisis.[0m
                  [36m</p>[39m
                [36m</div>[39m
                [36m<div[39m
                  [33mclass[39m=[32m"grid grid-cols-1 lg:grid-cols-2 gap-6"[39m
                [36m>[39m
                  [36m<div[39m
                    [33mclass[39m=[32m"space-y-4"[39m
                  [36m>[39m
                    [36m<div[39m
                      [33mclass[39m=[32m"space-y-2"[39m
                    [36m>[39m
                      [36m<label[39m
                        [33mclass[39m=[32m"flex items-center gap-2 select-none group-data-[disabled=true]:pointer-events-none 
group-data-[disabled=true]:opacity-50 peer-disabled:cursor-not-allowed peer-disabled:opacity-50 text-sm font-medium"[39m
                        [33mdata-slot[39m=[32m"label"[39m
                      [36m>[39m
                        [0mLote Asociado *[0m
                      [36m</label>[39m
                      [36m<button[39m
                        [33maria-autocomplete[39m=[32m"none"[39m
                        [33maria-controls[39m=[32m"radix-:ri:"[39m
                        [33maria-expanded[39m=[32m"false"[39m
                        [33mclass[39m=[32m"border-input data-[placeholder]:text-muted-foreground 
[&_svg:not([class*='text-'])]:text-muted-foreground focus-visible:border-ring focus-visible:ring-ring/50 
aria-invalid:ring-destructive/20 dark:aria-invalid:ring-destructive/40 aria-invalid:border-destructive dark:bg-input/30 
dark:hover:bg-input/50 flex w-fit items-center justify-between gap-2 rounded-md border bg-transparent px-3 py-2 text-sm 
whitespace-nowrap shadow-xs transition-[color,box-shadow] outline-none focus-visible:ring-[3px] disabled:cursor-not-allowed 
disabled:opacity-50 data-[size=default]:h-9 data-[size=sm]:h-8 *:data-[slot=select-value]:line-clamp-1 
*:data-[slot=select-value]:flex *:data-[slot=select-value]:items-center *:data-[slot=select-value]:gap-2 [&_svg]:pointer-events-none 
[&_svg]:shrink-0 [&_svg:not([class*='size-'])]:size-4 h-11"[39m
                        [33mdata-size[39m=[32m"default"[39m
                        [33mdata-slot[39m=[32m"select-trigger"[39m
                        [33mdata-state[39m=[32m"closed"[39m
                        [33mdir[39m=[32m"ltr"[39m
                        [33mrole[39m=[32m"combobox"[39m
                        [33mtype[39m=[32m"button"[39m
                      [36m>[39m
                        [36m<span[39m
                          [33mdata-slot[39m=[32m"select-value"[39m
                          [33mstyle[39m=[32m"pointer-events: none;"[39m
                        [36m>[39m
                          [0mL001[0m
                          [0m (ID: [0m
                          [0m1[0m
                          [0m)[0m
                        [36m</span>[39m
                        [36m<svg[39m
                          [33maria-hidden[39m=[32m"true"[39m
                          [33mclass[39m=[32m"lucide lucide-chevron-down size-4 opacity-50"[39m
                          [33mfill[39m=[32m"none"[39m
                          [33mheight[39m=[32m"24"[39m
                          [33mstroke[39m=[32m"currentColor"[39m
                          [33mstroke-linecap[39m=[32m"round"[39m
                          [33mstroke-linejoin[39m=[32m"round"[39m
                          [33mstroke-width[39m=[32m"2"[39m
       ...

    [0m [90m 393 |[39m       })
     [90m 394 |[39m       
    [31m[1m>[22m[39m[90m 395 |[39m       [36mawait[39m waitFor(() [33m=>[39m 
fireEvent[33m.[39mclick(screen[33m.[39mgetByText([35m/Guardar Cambios/i[39m)))
     [90m     |[39m                    [31m[1m^[22m[39m
     [90m 396 |[39m       
     [90m 397 |[39m       [36mawait[39m waitFor(() [33m=>[39m {
     [90m 398 |[39m         expect(mockActualizar)[33m.[39mtoHaveBeenCalledWith([35m123[39m[33m,[39m {[0m

      at waitForWrapper (node_modules/.pnpm/@testing-library+dom@9.3.4/node_modules/@testing-library/dom/dist/wait-for.js:163:27)
      at Object.<anonymous> (__tests__/app/listado/analisis/germinacion/[id]/editar/page.test.tsx:395:20)

  ÔùÅ GerminacionEditPage ÔÇ║ Modo edici├│n de informaci├│n b├ísica ÔÇ║ maneja error al guardar

    Found multiple elements with the text: /Guardar Cambios/i

    Here are the matching elements:

    Ignored nodes: comments, script, style
    [36m<button[39m
      [33mclass[39m=[32m"inline-flex items-center justify-center gap-2 whitespace-nowrap rounded-md text-sm font-medium 
transition-all disabled:pointer-events-none disabled:opacity-50 [&_svg]:pointer-events-none [&_svg:not([class*='size-'])]:size-4 
shrink-0 [&_svg]:shrink-0 outline-none focus-visible:border-ring focus-visible:ring-ring/50 focus-visible:ring-[3px] 
aria-invalid:ring-destructive/20 dark:aria-invalid:ring-destructive/40 aria-invalid:border-destructive text-primary-foreground 
shadow-xs h-9 px-4 py-2 has-[>svg]:px-3 bg-green-600 hover:bg-green-700 min-w-32"[39m
      [33mdata-slot[39m=[32m"button"[39m
    [36m>[39m
      [0mGuardar Cambios[0m
    [36m</button>[39m

    Ignored nodes: comments, script, style
    [36m<button>[39m
      [0mGuardar Cambios[0m
    [36m</button>[39m

    (If this is intentional, then use the `*AllBy*` variant of the query (like `queryAllByText`, `getAllByText`, or 
`findAllByText`)).

    Ignored nodes: comments, script, style
    [36m<body>[39m
      [36m<div>[39m
        [36m<div[39m
          [33mclass[39m=[32m"p-6 space-y-6"[39m
        [36m>[39m
          [36m<div[39m
            [33mdata-testid[39m=[32m"header"[39m
          [36m>[39m
            [36m<span>[39m
              [0mAn├ílisis de [0m
              [0mGerminaci├│n[0m
            [36m</span>[39m
            [36m<span>[39m
              [0mID: [0m
              [0m123[0m
            [36m</span>[39m
            [36m<span>[39m
              [0mEstado: [0m
              [0mEN_PROCESO[0m
            [36m</span>[39m
          [36m</div>[39m
          [36m<div[39m
            [33mclass[39m=[32m"bg-card text-card-foreground flex flex-col gap-6 rounded-xl border py-6 shadow-sm"[39m
            [33mdata-slot[39m=[32m"card"[39m
          [36m>[39m
            [36m<div[39m
              [33mclass[39m=[32m"@container/card-header grid auto-rows-min grid-rows-[auto_auto] items-start gap-1.5 px-6 
has-data-[slot=card-action]:grid-cols-[1fr_auto] [.border-b]:pb-6"[39m
              [33mdata-slot[39m=[32m"card-header"[39m
            [36m>[39m
              [36m<div[39m
                [33mclass[39m=[32m"flex items-center justify-between"[39m
              [36m>[39m
                [36m<div[39m
                  [33mclass[39m=[32m"flex items-center gap-2"[39m
                [36m>[39m
                  [36m<svg[39m
                    [33mclass[39m=[32m"lucide lucide-beaker h-5 w-5"[39m
                    [33mfill[39m=[32m"none"[39m
                    [33mheight[39m=[32m"24"[39m
                    [33mstroke[39m=[32m"currentColor"[39m
                    [33mstroke-linecap[39m=[32m"round"[39m
                    [33mstroke-linejoin[39m=[32m"round"[39m
                    [33mstroke-width[39m=[32m"2"[39m
                    [33mviewBox[39m=[32m"0 0 24 24"[39m
                    [33mwidth[39m=[32m"24"[39m
                    [33mxmlns[39m=[32m"http://www.w3.org/2000/svg"[39m
                  [36m>[39m
                    [36m<path[39m
                      [33md[39m=[32m"M4.5 3h15"[39m
                    [36m/>[39m
                    [36m<path[39m
                      [33md[39m=[32m"M6 3v16a2 2 0 0 0 2 2h8a2 2 0 0 0 2-2V3"[39m
                    [36m/>[39m
                    [36m<path[39m
                      [33md[39m=[32m"M6 14h12"[39m
                    [36m/>[39m
                  [36m</svg>[39m
                  [36m<div[39m
                    [33mclass[39m=[32m"leading-none font-semibold"[39m
                    [33mdata-slot[39m=[32m"card-title"[39m
                  [36m>[39m
                    [0mInformaci├│n del An├ílisis[0m
                  [36m</div>[39m
                [36m</div>[39m
                [36m<div[39m
                  [33mclass[39m=[32m"flex items-center gap-2"[39m
                [36m>[39m
                  [36m<button[39m
                    [33mdata-testid[39m=[32m"tolerancias-btn"[39m
                  [36m>[39m
                    [0mVer Tolerancias[0m
                  [36m</button>[39m
                [36m</div>[39m
              [36m</div>[39m
            [36m</div>[39m
            [36m<div[39m
              [33mclass[39m=[32m"px-6"[39m
              [33mdata-slot[39m=[32m"card-content"[39m
            [36m>[39m
              [36m<div[39m
                [33mclass[39m=[32m"space-y-6"[39m
              [36m>[39m
                [36m<div[39m
                  [33mclass[39m=[32m"text-sm text-blue-700 bg-blue-50 border border-blue-200 rounded-lg p-3"[39m
                [36m>[39m
                  [36m<p>[39m
                    [36m<strong>[39m
                      [0mModo de Edici├│n:[0m
                    [36m</strong>[39m
                    [0m Solo se pueden modificar los campos que se muestran a continuaci├│n. Los datos como fechas, n├║mero de 
d├¡as y repeticiones no son editables una vez creado el an├ílisis.[0m
                  [36m</p>[39m
                [36m</div>[39m
                [36m<div[39m
                  [33mclass[39m=[32m"grid grid-cols-1 lg:grid-cols-2 gap-6"[39m
                [36m>[39m
                  [36m<div[39m
                    [33mclass[39m=[32m"space-y-4"[39m
                  [36m>[39m
                    [36m<div[39m
                      [33mclass[39m=[32m"space-y-2"[39m
                    [36m>[39m
                      [36m<label[39m
                        [33mclass[39m=[32m"flex items-center gap-2 select-none group-data-[disabled=true]:pointer-events-none 
group-data-[disabled=true]:opacity-50 peer-disabled:cursor-not-allowed peer-disabled:opacity-50 text-sm font-medium"[39m
                        [33mdata-slot[39m=[32m"label"[39m
                      [36m>[39m
                        [0mLote Asociado *[0m
                      [36m</label>[39m
                      [36m<button[39m
                        [33maria-autocomplete[39m=[32m"none"[39m
                        [33maria-controls[39m=[32m"radix-:ro:"[39m
                        [33maria-expanded[39m=[32m"false"[39m
                        [33mclass[39m=[32m"border-input data-[placeholder]:text-muted-foreground 
[&_svg:not([class*='text-'])]:text-muted-foreground focus-visible:border-ring focus-visible:ring-ring/50 
aria-invalid:ring-destructive/20 dark:aria-invalid:ring-destructive/40 aria-invalid:border-destructive dark:bg-input/30 
dark:hover:bg-input/50 flex w-fit items-center justify-between gap-2 rounded-md border bg-transparent px-3 py-2 text-sm 
whitespace-nowrap shadow-xs transition-[color,box-shadow] outline-none focus-visible:ring-[3px] disabled:cursor-not-allowed 
disabled:opacity-50 data-[size=default]:h-9 data-[size=sm]:h-8 *:data-[slot=select-value]:line-clamp-1 
*:data-[slot=select-value]:flex *:data-[slot=select-value]:items-center *:data-[slot=select-value]:gap-2 [&_svg]:pointer-events-none 
[&_svg]:shrink-0 [&_svg:not([class*='size-'])]:size-4 h-11"[39m
                        [33mdata-size[39m=[32m"default"[39m
                        [33mdata-slot[39m=[32m"select-trigger"[39m
                        [33mdata-state[39m=[32m"closed"[39m
                        [33mdir[39m=[32m"ltr"[39m
                        [33mrole[39m=[32m"combobox"[39m
                        [33mtype[39m=[32m"button"[39m
                      [36m>[39m
                        [36m<span[39m
                          [33mdata-slot[39m=[32m"select-value"[39m
                          [33mstyle[39m=[32m"pointer-events: none;"[39m
                        [36m>[39m
                          [0mL001[0m
                          [0m (ID: [0m
                          [0m1[0m
                          [0m)[0m
                        [36m</span>[39m
                        [36m<svg[39m
                          [33maria-hidden[39m=[32m"true"[39m
                          [33mclass[39m=[32m"lucide lucide-chevron-down size-4 opacity-50"[39m
                          [33mfill[39m=[32m"none"[39m
                          [33mheight[39m=[32m"24"[39m
                          [33mstroke[39m=[32m"currentColor"[39m
                          [33mstroke-linecap[39m=[32m"round"[39m
                          [33mstroke-linejoin[39m=[32m"round"[39m
                          [33mstroke-width[39m=[32m"2"[39m
       ...

    [0m [90m 427 |[39m       })
     [90m 428 |[39m       
    [31m[1m>[22m[39m[90m 429 |[39m       [36mawait[39m waitFor(() [33m=>[39m 
fireEvent[33m.[39mclick(screen[33m.[39mgetByText([35m/Guardar Cambios/i[39m)))
     [90m     |[39m                    [31m[1m^[22m[39m
     [90m 430 |[39m       
     [90m 431 |[39m       [36mawait[39m waitFor(() [33m=>[39m {
     [90m 432 |[39m         expect(mockAlert)[33m.[39mtoHaveBeenCalledWith(expect[33m.[39mstringContaining([32m'Error al 
guardar'[39m))[0m

      at waitForWrapper (node_modules/.pnpm/@testing-library+dom@9.3.4/node_modules/@testing-library/dom/dist/wait-for.js:163:27)
      at Object.<anonymous> (__tests__/app/listado/analisis/germinacion/[id]/editar/page.test.tsx:429:20)

Test Suites: 1 failed, 1 total
Tests:       5 failed, 31 passed, 36 total
Snapshots:   0 total
Time:        16.588 s, estimated 19 s
Ran all test suites matching /__tests__\\app\\listado\\analisis\\germinacion\\\[id\]\\editar\\page.test.tsx/i.
