
> my-v0-project@0.1.0 test
> jest __tests__/app/listado/analisis/pureza/ __tests__/app/registro/analisis/pureza/ --no-coverage

node.exe : FAIL 
__tests__/app/registro/analisis/pureza/form-pureza.test.tsx 
(7.479 s)
At line:1 char:1
+ & "C:\Program Files\nodejs/node.exe" "C:\Program 
Files\nodejs/node_mo ...
+ ~~~~~~~~~~~~~~~~~~~~~~~~~~~~~~~~~~~~~~~~~~~~~~~~~~~~~~~~~~
~~~~~~~~~~~
    + CategoryInfo          : NotSpecified: (FAIL __tests__ 
   /...t.tsx (7.479 s):String) [], RemoteException
    + FullyQualifiedErrorId : NativeCommandError
 
  ÔùÅ Console

    console.log
      === DEBUG PORCENTAJES ===

      at log 
(app/registro/analisis/pureza/form-pureza.tsx:104:17)

    console.log
      Peso total: 100 tipo: number

      at log 
(app/registro/analisis/pureza/form-pureza.tsx:105:17)

    console.log
      Semilla pura gramos: 80

      at log 
(app/registro/analisis/pureza/form-pureza.tsx:106:17)

    console.log
      Materia inerte gramos: 10

      at log 
(app/registro/analisis/pureza/form-pureza.tsx:107:17)

    console.log
      Malezas tolerancia cero gramos: 1

      at log 
(app/registro/analisis/pureza/form-pureza.tsx:108:17)

    console.log
      Resultado porcentajes: {
        semillaPura: 80,
        materiaInerte: 10,
        otrosCultivos: 5,
        malezas: 3,
        malezasToleradas: 1,
        malezasTolCero: 1
      }

      at log 
(app/registro/analisis/pureza/form-pureza.tsx:131:17)

    console.log
      === DEBUG PORCENTAJES ===

      at log 
(app/registro/analisis/pureza/form-pureza.tsx:104:17)

    console.log
      Peso total: 100 tipo: number

      at log 
(app/registro/analisis/pureza/form-pureza.tsx:105:17)

    console.log
      Semilla pura gramos: 80

      at log 
(app/registro/analisis/pureza/form-pureza.tsx:106:17)

    console.log
      Materia inerte gramos: 10

      at log 
(app/registro/analisis/pureza/form-pureza.tsx:107:17)

    console.log
      Malezas tolerancia cero gramos: 1

      at log 
(app/registro/analisis/pureza/form-pureza.tsx:108:17)

    console.log
      Resultado porcentajes: {
        semillaPura: 80,
        materiaInerte: 10,
        otrosCultivos: 5,
        malezas: 3,
        malezasToleradas: 1,
        malezasTolCero: 1
      }

      at log 
(app/registro/analisis/pureza/form-pureza.tsx:131:17)

    console.log
      === DEBUG PORCENTAJES ===

      at log 
(app/registro/analisis/pureza/form-pureza.tsx:104:17)

    console.log
      Peso total: 100 tipo: number

      at log 
(app/registro/analisis/pureza/form-pureza.tsx:105:17)

    console.log
      Semilla pura gramos: 80

      at log 
(app/registro/analisis/pureza/form-pureza.tsx:106:17)

    console.log
      Materia inerte gramos: 10

      at log 
(app/registro/analisis/pureza/form-pureza.tsx:107:17)

    console.log
      Malezas tolerancia cero gramos: 1

      at log 
(app/registro/analisis/pureza/form-pureza.tsx:108:17)

    console.log
      Resultado porcentajes: {
        semillaPura: 80,
        materiaInerte: 10,
        otrosCultivos: 5,
        malezas: 3,
        malezasToleradas: 1,
        malezasTolCero: 1
      }

      at log 
(app/registro/analisis/pureza/form-pureza.tsx:131:17)

    console.log
      === DEBUG PORCENTAJES ===

      at log 
(app/registro/analisis/pureza/form-pureza.tsx:104:17)

    console.log
      Peso total: 100 tipo: number

      at log 
(app/registro/analisis/pureza/form-pureza.tsx:105:17)

    console.log
      Semilla pura gramos: 80

      at log 
(app/registro/analisis/pureza/form-pureza.tsx:106:17)

    console.log
      Materia inerte gramos: 10

      at log 
(app/registro/analisis/pureza/form-pureza.tsx:107:17)

    console.log
      Malezas tolerancia cero gramos: 1

      at log 
(app/registro/analisis/pureza/form-pureza.tsx:108:17)

    console.log
      Resultado porcentajes: {
        semillaPura: 80,
        materiaInerte: 10,
        otrosCultivos: 5,
        malezas: 3,
        malezasToleradas: 1,
        malezasTolCero: 1
      }

      at log 
(app/registro/analisis/pureza/form-pureza.tsx:131:17)

    console.log
      === DEBUG PORCENTAJES ===

      at log 
(app/registro/analisis/pureza/form-pureza.tsx:104:17)

    console.log
      Peso total: 100 tipo: number

      at log 
(app/registro/analisis/pureza/form-pureza.tsx:105:17)

    console.log
      Semilla pura gramos: 80

      at log 
(app/registro/analisis/pureza/form-pureza.tsx:106:17)

    console.log
      Materia inerte gramos: 10

      at log 
(app/registro/analisis/pureza/form-pureza.tsx:107:17)

    console.log
      Malezas tolerancia cero gramos: 1

      at log 
(app/registro/analisis/pureza/form-pureza.tsx:108:17)

    console.log
      Resultado porcentajes: {
        semillaPura: 80,
        materiaInerte: 10,
        otrosCultivos: 5,
        malezas: 3,
        malezasToleradas: 1,
        malezasTolCero: 1
      }

      at log 
(app/registro/analisis/pureza/form-pureza.tsx:131:17)

    console.log
      === DEBUG PORCENTAJES ===

      at log 
(app/registro/analisis/pureza/form-pureza.tsx:104:17)

    console.log
      Peso total: 100 tipo: number

      at log 
(app/registro/analisis/pureza/form-pureza.tsx:105:17)

    console.log
      Semilla pura gramos: 80

      at log 
(app/registro/analisis/pureza/form-pureza.tsx:106:17)

    console.log
      Materia inerte gramos: 10

      at log 
(app/registro/analisis/pureza/form-pureza.tsx:107:17)

    console.log
      Malezas tolerancia cero gramos: 1

      at log 
(app/registro/analisis/pureza/form-pureza.tsx:108:17)

    console.log
      Resultado porcentajes: {
        semillaPura: 80,
        materiaInerte: 10,
        otrosCultivos: 5,
        malezas: 3,
        malezasToleradas: 1,
        malezasTolCero: 1
      }

      at log 
(app/registro/analisis/pureza/form-pureza.tsx:131:17)

    console.log
      === DEBUG PORCENTAJES ===

      at log 
(app/registro/analisis/pureza/form-pureza.tsx:104:17)

    console.log
      Peso total: 100 tipo: number

      at log 
(app/registro/analisis/pureza/form-pureza.tsx:105:17)

    console.log
      Semilla pura gramos: 80

      at log 
(app/registro/analisis/pureza/form-pureza.tsx:106:17)

    console.log
      Materia inerte gramos: 10

      at log 
(app/registro/analisis/pureza/form-pureza.tsx:107:17)

    console.log
      Malezas tolerancia cero gramos: 1

      at log 
(app/registro/analisis/pureza/form-pureza.tsx:108:17)

    console.log
      Resultado porcentajes: {
        semillaPura: 80,
        materiaInerte: 10,
        otrosCultivos: 5,
        malezas: 3,
        malezasToleradas: 1,
        malezasTolCero: 1
      }

      at log 
(app/registro/analisis/pureza/form-pureza.tsx:131:17)

    console.log
      === DEBUG PORCENTAJES ===

      at log 
(app/registro/analisis/pureza/form-pureza.tsx:104:17)

    console.log
      Peso total: 100 tipo: number

      at log 
(app/registro/analisis/pureza/form-pureza.tsx:105:17)

    console.log
      Semilla pura gramos: 80

      at log 
(app/registro/analisis/pureza/form-pureza.tsx:106:17)

    console.log
      Materia inerte gramos: 10

      at log 
(app/registro/analisis/pureza/form-pureza.tsx:107:17)

    console.log
      Malezas tolerancia cero gramos: 1

      at log 
(app/registro/analisis/pureza/form-pureza.tsx:108:17)

    console.log
      Resultado porcentajes: {
        semillaPura: 80,
        materiaInerte: 10,
        otrosCultivos: 5,
        malezas: 3,
        malezasToleradas: 1,
        malezasTolCero: 1
      }

      at log 
(app/registro/analisis/pureza/form-pureza.tsx:131:17)

    console.log
      === DEBUG PORCENTAJES ===

      at log 
(app/registro/analisis/pureza/form-pureza.tsx:104:17)

    console.log
      Peso total: 100 tipo: number

      at log 
(app/registro/analisis/pureza/form-pureza.tsx:105:17)

    console.log
      Semilla pura gramos: 80

      at log 
(app/registro/analisis/pureza/form-pureza.tsx:106:17)

    console.log
      Materia inerte gramos: 10

      at log 
(app/registro/analisis/pureza/form-pureza.tsx:107:17)

    console.log
      Malezas tolerancia cero gramos: 1

      at log 
(app/registro/analisis/pureza/form-pureza.tsx:108:17)

    console.log
      Resultado porcentajes: {
        semillaPura: 80,
        materiaInerte: 10,
        otrosCultivos: 5,
        malezas: 3,
        malezasToleradas: 1,
        malezasTolCero: 1
      }

      at log 
(app/registro/analisis/pureza/form-pureza.tsx:131:17)

    console.log
      === DEBUG PORCENTAJES ===

      at log 
(app/registro/analisis/pureza/form-pureza.tsx:104:17)

    console.log
      Peso total: 100 tipo: number

      at log 
(app/registro/analisis/pureza/form-pureza.tsx:105:17)

    console.log
      Semilla pura gramos: 80

      at log 
(app/registro/analisis/pureza/form-pureza.tsx:106:17)

    console.log
      Materia inerte gramos: 10

      at log 
(app/registro/analisis/pureza/form-pureza.tsx:107:17)

    console.log
      Malezas tolerancia cero gramos: 1

      at log 
(app/registro/analisis/pureza/form-pureza.tsx:108:17)

    console.log
      Resultado porcentajes: {
        semillaPura: 80,
        materiaInerte: 10,
        otrosCultivos: 5,
        malezas: 3,
        malezasToleradas: 1,
        malezasTolCero: 1
      }

      at log 
(app/registro/analisis/pureza/form-pureza.tsx:131:17)

    console.log
      === DEBUG PORCENTAJES ===

      at log 
(app/registro/analisis/pureza/form-pureza.tsx:104:17)

    console.log
      Peso total: 100 tipo: number

      at log 
(app/registro/analisis/pureza/form-pureza.tsx:105:17)

    console.log
      Semilla pura gramos: 90

      at log 
(app/registro/analisis/pureza/form-pureza.tsx:106:17)

    console.log
      Materia inerte gramos: 10

      at log 
(app/registro/analisis/pureza/form-pureza.tsx:107:17)

    console.log
      Malezas tolerancia cero gramos: 1

      at log 
(app/registro/analisis/pureza/form-pureza.tsx:108:17)

    console.log
      Resultado porcentajes: {
        semillaPura: 90,
        materiaInerte: 10,
        otrosCultivos: 5,
        malezas: 3,
        malezasToleradas: 1,
        malezasTolCero: 1
      }

      at log 
(app/registro/analisis/pureza/form-pureza.tsx:131:17)

    console.log
      === DEBUG PORCENTAJES ===

      at log 
(app/registro/analisis/pureza/form-pureza.tsx:104:17)

    console.log
      Peso total: 100 tipo: number

      at log 
(app/registro/analisis/pureza/form-pureza.tsx:105:17)

    console.log
      Semilla pura gramos: 80

      at log 
(app/registro/analisis/pureza/form-pureza.tsx:106:17)

    console.log
      Materia inerte gramos: 10

      at log 
(app/registro/analisis/pureza/form-pureza.tsx:107:17)

    console.log
      Malezas tolerancia cero gramos: 1

      at log 
(app/registro/analisis/pureza/form-pureza.tsx:108:17)

    console.log
      Resultado porcentajes: {
        semillaPura: 80,
        materiaInerte: 10,
        otrosCultivos: 5,
        malezas: 3,
        malezasToleradas: 1,
        malezasTolCero: 1
      }

      at log 
(app/registro/analisis/pureza/form-pureza.tsx:131:17)

    console.log
      === DEBUG PORCENTAJES ===

      at log 
(app/registro/analisis/pureza/form-pureza.tsx:104:17)

    console.log
      Peso total: 100 tipo: number

      at log 
(app/registro/analisis/pureza/form-pureza.tsx:105:17)

    console.log
      Semilla pura gramos: 80.5

      at log 
(app/registro/analisis/pureza/form-pureza.tsx:106:17)

    console.log
      Materia inerte gramos: 10.25

      at log 
(app/registro/analisis/pureza/form-pureza.tsx:107:17)

    console.log
      Malezas tolerancia cero gramos: 1

      at log 
(app/registro/analisis/pureza/form-pureza.tsx:108:17)

    console.log
      Resultado porcentajes: {
        semillaPura: 80.5,
        materiaInerte: 10.25,
        otrosCultivos: 5,
        malezas: 3,
        malezasToleradas: 1,
        malezasTolCero: 1
      }

      at log 
(app/registro/analisis/pureza/form-pureza.tsx:131:17)

    console.log
      === DEBUG PORCENTAJES ===

      at log 
(app/registro/analisis/pureza/form-pureza.tsx:104:17)

    console.log
      Peso total: 0 tipo: number

      at log 
(app/registro/analisis/pureza/form-pureza.tsx:105:17)

    console.log
      Semilla pura gramos: 0

      at log 
(app/registro/analisis/pureza/form-pureza.tsx:106:17)

    console.log
      Materia inerte gramos: 10

      at log 
(app/registro/analisis/pureza/form-pureza.tsx:107:17)

    console.log
      Malezas tolerancia cero gramos: 1

      at log 
(app/registro/analisis/pureza/form-pureza.tsx:108:17)

    console.log
      Peso total es 0 o NaN, retornando 0s

      at log 
(app/registro/analisis/pureza/form-pureza.tsx:111:21)

    console.log
      === DEBUG PORCENTAJES ===

      at log 
(app/registro/analisis/pureza/form-pureza.tsx:104:17)

    console.log
      Peso total: 100 tipo: number

      at log 
(app/registro/analisis/pureza/form-pureza.tsx:105:17)

    console.log
      Semilla pura gramos: 80

      at log 
(app/registro/analisis/pureza/form-pureza.tsx:106:17)

    console.log
      Materia inerte gramos: 10

      at log 
(app/registro/analisis/pureza/form-pureza.tsx:107:17)

    console.log
      Malezas tolerancia cero gramos: 1

      at log 
(app/registro/analisis/pureza/form-pureza.tsx:108:17)

    console.log
      Resultado porcentajes: {
        semillaPura: 80,
        materiaInerte: 10,
        otrosCultivos: 5,
        malezas: 3,
        malezasToleradas: 1,
        malezasTolCero: 1
      }

      at log 
(app/registro/analisis/pureza/form-pureza.tsx:131:17)

    console.log
      === DEBUG PORCENTAJES ===

      at log 
(app/registro/analisis/pureza/form-pureza.tsx:104:17)

    console.log
      Peso total: 200 tipo: number

      at log 
(app/registro/analisis/pureza/form-pureza.tsx:105:17)

    console.log
      Semilla pura gramos: 80

      at log 
(app/registro/analisis/pureza/form-pureza.tsx:106:17)

    console.log
      Materia inerte gramos: 10

      at log 
(app/registro/analisis/pureza/form-pureza.tsx:107:17)

    console.log
      Malezas tolerancia cero gramos: 1

      at log 
(app/registro/analisis/pureza/form-pureza.tsx:108:17)

    console.log
      Resultado porcentajes: {
        semillaPura: 40,
        materiaInerte: 5,
        otrosCultivos: 2.5,
        malezas: 1.5,
        malezasToleradas: 0.5,
        malezasTolCero: 0.5
      }

      at log 
(app/registro/analisis/pureza/form-pureza.tsx:131:17)

    console.log
      === DEBUG PORCENTAJES ===

      at log 
(app/registro/analisis/pureza/form-pureza.tsx:104:17)

    console.log
      Peso total: 100 tipo: number

      at log 
(app/registro/analisis/pureza/form-pureza.tsx:105:17)

    console.log
      Semilla pura gramos: 80

      at log 
(app/registro/analisis/pureza/form-pureza.tsx:106:17)

    console.log
      Materia inerte gramos: 10

      at log 
(app/registro/analisis/pureza/form-pureza.tsx:107:17)

    console.log
      Malezas tolerancia cero gramos: 1

      at log 
(app/registro/analisis/pureza/form-pureza.tsx:108:17)

    console.log
      Resultado porcentajes: {
        semillaPura: 80,
        materiaInerte: 10,
        otrosCultivos: 5,
        malezas: 3,
        malezasToleradas: 1,
        malezasTolCero: 1
      }

      at log 
(app/registro/analisis/pureza/form-pureza.tsx:131:17)

    console.log
      === DEBUG PORCENTAJES ===

      at log 
(app/registro/analisis/pureza/form-pureza.tsx:104:17)

    console.log
      Peso total: 100 tipo: number

      at log 
(app/registro/analisis/pureza/form-pureza.tsx:105:17)

    console.log
      Semilla pura gramos: 80

      at log 
(app/registro/analisis/pureza/form-pureza.tsx:106:17)

    console.log
      Materia inerte gramos: 10

      at log 
(app/registro/analisis/pureza/form-pureza.tsx:107:17)

    console.log
      Malezas tolerancia cero gramos: 1

      at log 
(app/registro/analisis/pureza/form-pureza.tsx:108:17)

    console.log
      Resultado porcentajes: {
        semillaPura: 80,
        materiaInerte: 10,
        otrosCultivos: 5,
        malezas: 3,
        malezasToleradas: 1,
        malezasTolCero: 1
      }

      at log 
(app/registro/analisis/pureza/form-pureza.tsx:131:17)

    console.log
      === DEBUG PORCENTAJES ===

      at log 
(app/registro/analisis/pureza/form-pureza.tsx:104:17)

    console.log
      Peso total: 100 tipo: number

      at log 
(app/registro/analisis/pureza/form-pureza.tsx:105:17)

    console.log
      Semilla pura gramos: 80

      at log 
(app/registro/analisis/pureza/form-pureza.tsx:106:17)

    console.log
      Materia inerte gramos: 10

      at log 
(app/registro/analisis/pureza/form-pureza.tsx:107:17)

    console.log
      Malezas tolerancia cero gramos: 1

      at log 
(app/registro/analisis/pureza/form-pureza.tsx:108:17)

    console.log
      Resultado porcentajes: {
        semillaPura: 80,
        materiaInerte: 10,
        otrosCultivos: 5,
        malezas: 3,
        malezasToleradas: 1,
        malezasTolCero: 1
      }

      at log 
(app/registro/analisis/pureza/form-pureza.tsx:131:17)

    console.log
      === DEBUG PORCENTAJES ===

      at log 
(app/registro/analisis/pureza/form-pureza.tsx:104:17)

    console.log
      Peso total: 100 tipo: number

      at log 
(app/registro/analisis/pureza/form-pureza.tsx:105:17)

    console.log
      Semilla pura gramos: 80

      at log 
(app/registro/analisis/pureza/form-pureza.tsx:106:17)

    console.log
      Materia inerte gramos: 10

      at log 
(app/registro/analisis/pureza/form-pureza.tsx:107:17)

    console.log
      Malezas tolerancia cero gramos: 1

      at log 
(app/registro/analisis/pureza/form-pureza.tsx:108:17)

    console.log
      Resultado porcentajes: {
        semillaPura: 80,
        materiaInerte: 10,
        otrosCultivos: 5,
        malezas: 3,
        malezasToleradas: 1,
        malezasTolCero: 1
      }

      at log 
(app/registro/analisis/pureza/form-pureza.tsx:131:17)

    console.log
      === DEBUG PORCENTAJES ===

      at log 
(app/registro/analisis/pureza/form-pureza.tsx:104:17)

    console.log
      Peso total: 1000 tipo: number

      at log 
(app/registro/analisis/pureza/form-pureza.tsx:105:17)

    console.log
      Semilla pura gramos: 0.3

      at log 
(app/registro/analisis/pureza/form-pureza.tsx:106:17)

    console.log
      Materia inerte gramos: 10

      at log 
(app/registro/analisis/pureza/form-pureza.tsx:107:17)

    console.log
      Malezas tolerancia cero gramos: 1

      at log 
(app/registro/analisis/pureza/form-pureza.tsx:108:17)

    console.log
      Resultado porcentajes: {
        semillaPura: 0.03,
        materiaInerte: 1,
        otrosCultivos: 0.5,
        malezas: 0.3,
        malezasToleradas: 0.1,
        malezasTolCero: 0.1
      }

      at log 
(app/registro/analisis/pureza/form-pureza.tsx:131:17)

    console.log
      === DEBUG PORCENTAJES ===

      at log 
(app/registro/analisis/pureza/form-pureza.tsx:104:17)

    console.log
      Peso total: 105 tipo: number

      at log 
(app/registro/analisis/pureza/form-pureza.tsx:105:17)

    console.log
      Semilla pura gramos: 80

      at log 
(app/registro/analisis/pureza/form-pureza.tsx:106:17)

    console.log
      Materia inerte gramos: 10

      at log 
(app/registro/analisis/pureza/form-pureza.tsx:107:17)

    console.log
      Malezas tolerancia cero gramos: 1

      at log 
(app/registro/analisis/pureza/form-pureza.tsx:108:17)

    console.log
      Resultado porcentajes: {
        semillaPura: 76.19047619047619,
        materiaInerte: 9.523809523809524,
        otrosCultivos: 4.761904761904762,
        malezas: 2.857142857142857,
        malezasToleradas: 0.9523809523809524,
        malezasTolCero: 0.9523809523809524
      }

      at log 
(app/registro/analisis/pureza/form-pureza.tsx:131:17)

    console.log
      === DEBUG PORCENTAJES ===

      at log 
(app/registro/analisis/pureza/form-pureza.tsx:104:17)

    console.log
      Peso total: 94 tipo: number

      at log 
(app/registro/analisis/pureza/form-pureza.tsx:105:17)

    console.log
      Semilla pura gramos: 80

      at log 
(app/registro/analisis/pureza/form-pureza.tsx:106:17)

    console.log
      Materia inerte gramos: 10

      at log 
(app/registro/analisis/pureza/form-pureza.tsx:107:17)

    console.log
      Malezas tolerancia cero gramos: 1

      at log 
(app/registro/analisis/pureza/form-pureza.tsx:108:17)

    console.log
      Resultado porcentajes: {
        semillaPura: 85.1063829787234,
        materiaInerte: 10.638297872340425,
        otrosCultivos: 5.319148936170213,
        malezas: 3.1914893617021276,
        malezasToleradas: 1.0638297872340425,
        malezasTolCero: 1.0638297872340425
      }

      at log 
(app/registro/analisis/pureza/form-pureza.tsx:131:17)

    console.log
      === DEBUG PORCENTAJES ===

      at log 
(app/registro/analisis/pureza/form-pureza.tsx:104:17)

    console.log
      Peso total: 95 tipo: number

      at log 
(app/registro/analisis/pureza/form-pureza.tsx:105:17)

    console.log
      Semilla pura gramos: 80

      at log 
(app/registro/analisis/pureza/form-pureza.tsx:106:17)

    console.log
      Materia inerte gramos: 10

      at log 
(app/registro/analisis/pureza/form-pureza.tsx:107:17)

    console.log
      Malezas tolerancia cero gramos: 1

      at log 
(app/registro/analisis/pureza/form-pureza.tsx:108:17)

    console.log
      Resultado porcentajes: {
        semillaPura: 84.21052631578947,
        materiaInerte: 10.526315789473683,
        otrosCultivos: 5.263157894736842,
        malezas: 3.1578947368421053,
        malezasToleradas: 1.0526315789473684,
        malezasTolCero: 1.0526315789473684
      }

      at log 
(app/registro/analisis/pureza/form-pureza.tsx:131:17)

    console.log
      === DEBUG PORCENTAJES ===

      at log 
(app/registro/analisis/pureza/form-pureza.tsx:104:17)

    console.log
      Peso total: 100 tipo: number

      at log 
(app/registro/analisis/pureza/form-pureza.tsx:105:17)

    console.log
      Semilla pura gramos: 80

      at log 
(app/registro/analisis/pureza/form-pureza.tsx:106:17)

    console.log
      Materia inerte gramos: 10

      at log 
(app/registro/analisis/pureza/form-pureza.tsx:107:17)

    console.log
      Malezas tolerancia cero gramos: 1

      at log 
(app/registro/analisis/pureza/form-pureza.tsx:108:17)

    console.log
      Resultado porcentajes: {
        semillaPura: 80,
        materiaInerte: 10,
        otrosCultivos: 5,
        malezas: 3,
        malezasToleradas: 1,
        malezasTolCero: 1
      }

      at log 
(app/registro/analisis/pureza/form-pureza.tsx:131:17)

    console.log
      === DEBUG PORCENTAJES ===

      at log 
(app/registro/analisis/pureza/form-pureza.tsx:104:17)

    console.log
      Peso total: 100 tipo: number

      at log 
(app/registro/analisis/pureza/form-pureza.tsx:105:17)

    console.log
      Semilla pura gramos: 80

      at log 
(app/registro/analisis/pureza/form-pureza.tsx:106:17)

    console.log
      Materia inerte gramos: 10

      at log 
(app/registro/analisis/pureza/form-pureza.tsx:107:17)

    console.log
      Malezas tolerancia cero gramos: 1

      at log 
(app/registro/analisis/pureza/form-pureza.tsx:108:17)

    console.log
      Resultado porcentajes: {
        semillaPura: 80,
        materiaInerte: 10,
        otrosCultivos: 5,
        malezas: 3,
        malezasToleradas: 1,
        malezasTolCero: 1
      }

      at log 
(app/registro/analisis/pureza/form-pureza.tsx:131:17)

    console.log
      === DEBUG PORCENTAJES ===

      at log 
(app/registro/analisis/pureza/form-pureza.tsx:104:17)

    console.log
      Peso total: 100 tipo: number

      at log 
(app/registro/analisis/pureza/form-pureza.tsx:105:17)

    console.log
      Semilla pura gramos: 80

      at log 
(app/registro/analisis/pureza/form-pureza.tsx:106:17)

    console.log
      Materia inerte gramos: 10

      at log 
(app/registro/analisis/pureza/form-pureza.tsx:107:17)

    console.log
      Malezas tolerancia cero gramos: 1

      at log 
(app/registro/analisis/pureza/form-pureza.tsx:108:17)

    console.log
      Resultado porcentajes: {
        semillaPura: 80,
        materiaInerte: 10,
        otrosCultivos: 5,
        malezas: 3,
        malezasToleradas: 1,
        malezasTolCero: 1
      }

      at log 
(app/registro/analisis/pureza/form-pureza.tsx:131:17)

    console.log
      === DEBUG PORCENTAJES ===

      at log 
(app/registro/analisis/pureza/form-pureza.tsx:104:17)

    console.log
      Peso total: 100 tipo: number

      at log 
(app/registro/analisis/pureza/form-pureza.tsx:105:17)

    console.log
      Semilla pura gramos: 80

      at log 
(app/registro/analisis/pureza/form-pureza.tsx:106:17)

    console.log
      Materia inerte gramos: 10

      at log 
(app/registro/analisis/pureza/form-pureza.tsx:107:17)

    console.log
      Malezas tolerancia cero gramos: 1

      at log 
(app/registro/analisis/pureza/form-pureza.tsx:108:17)

    console.log
      Resultado porcentajes: {
        semillaPura: 80,
        materiaInerte: 10,
        otrosCultivos: 5,
        malezas: 3,
        malezasToleradas: 1,
        malezasTolCero: 1
      }

      at log 
(app/registro/analisis/pureza/form-pureza.tsx:131:17)

    console.log
      === DEBUG PORCENTAJES ===

      at log 
(app/registro/analisis/pureza/form-pureza.tsx:104:17)

    console.log
      Peso total: 100 tipo: number

      at log 
(app/registro/analisis/pureza/form-pureza.tsx:105:17)

    console.log
      Semilla pura gramos: 80

      at log 
(app/registro/analisis/pureza/form-pureza.tsx:106:17)

    console.log
      Materia inerte gramos: 10

      at log 
(app/registro/analisis/pureza/form-pureza.tsx:107:17)

    console.log
      Malezas tolerancia cero gramos: 1

      at log 
(app/registro/analisis/pureza/form-pureza.tsx:108:17)

    console.log
      Resultado porcentajes: {
        semillaPura: 80,
        materiaInerte: 10,
        otrosCultivos: 5,
        malezas: 3,
        malezasToleradas: 1,
        malezasTolCero: 1
      }

      at log 
(app/registro/analisis/pureza/form-pureza.tsx:131:17)

    console.log
      === DEBUG PORCENTAJES ===

      at log 
(app/registro/analisis/pureza/form-pureza.tsx:104:17)

    console.log
      Peso total: 100 tipo: number

      at log 
(app/registro/analisis/pureza/form-pureza.tsx:105:17)

    console.log
      Semilla pura gramos: 80

      at log 
(app/registro/analisis/pureza/form-pureza.tsx:106:17)

    console.log
      Materia inerte gramos: 10

      at log 
(app/registro/analisis/pureza/form-pureza.tsx:107:17)

    console.log
      Malezas tolerancia cero gramos: 1

      at log 
(app/registro/analisis/pureza/form-pureza.tsx:108:17)

    console.log
      Resultado porcentajes: {
        semillaPura: 80,
        materiaInerte: 10,
        otrosCultivos: 5,
        malezas: 3,
        malezasToleradas: 1,
        malezasTolCero: 1
      }

      at log 
(app/registro/analisis/pureza/form-pureza.tsx:131:17)

    console.log
      === DEBUG PORCENTAJES ===

      at log 
(app/registro/analisis/pureza/form-pureza.tsx:104:17)

    console.log
      Peso total: 100 tipo: number

      at log 
(app/registro/analisis/pureza/form-pureza.tsx:105:17)

    console.log
      Semilla pura gramos: 80

      at log 
(app/registro/analisis/pureza/form-pureza.tsx:106:17)

    console.log
      Materia inerte gramos: 10

      at log 
(app/registro/analisis/pureza/form-pureza.tsx:107:17)

    console.log
      Malezas tolerancia cero gramos: 1

      at log 
(app/registro/analisis/pureza/form-pureza.tsx:108:17)

    console.log
      Resultado porcentajes: {
        semillaPura: 80,
        materiaInerte: 10,
        otrosCultivos: 5,
        malezas: 3,
        malezasToleradas: 1,
        malezasTolCero: 1
      }

      at log 
(app/registro/analisis/pureza/form-pureza.tsx:131:17)

    console.log
      === DEBUG PORCENTAJES ===

      at log 
(app/registro/analisis/pureza/form-pureza.tsx:104:17)

    console.log
      Peso total: 100 tipo: number

      at log 
(app/registro/analisis/pureza/form-pureza.tsx:105:17)

    console.log
      Semilla pura gramos: 80

      at log 
(app/registro/analisis/pureza/form-pureza.tsx:106:17)

    console.log
      Materia inerte gramos: 10

      at log 
(app/registro/analisis/pureza/form-pureza.tsx:107:17)

    console.log
      Malezas tolerancia cero gramos: 1

      at log 
(app/registro/analisis/pureza/form-pureza.tsx:108:17)

    console.log
      Resultado porcentajes: {
        semillaPura: 80,
        materiaInerte: 10,
        otrosCultivos: 5,
        malezas: 3,
        malezasToleradas: 1,
        malezasTolCero: 1
      }

      at log 
(app/registro/analisis/pureza/form-pureza.tsx:131:17)

    console.log
      === DEBUG PORCENTAJES ===

      at log 
(app/registro/analisis/pureza/form-pureza.tsx:104:17)

    console.log
      Peso total: 100 tipo: number

      at log 
(app/registro/analisis/pureza/form-pureza.tsx:105:17)

    console.log
      Semilla pura gramos: 80

      at log 
(app/registro/analisis/pureza/form-pureza.tsx:106:17)

    console.log
      Materia inerte gramos: 10

      at log 
(app/registro/analisis/pureza/form-pureza.tsx:107:17)

    console.log
      Malezas tolerancia cero gramos: 1

      at log 
(app/registro/analisis/pureza/form-pureza.tsx:108:17)

    console.log
      Resultado porcentajes: {
        semillaPura: 80,
        materiaInerte: 10,
        otrosCultivos: 5,
        malezas: 3,
        malezasToleradas: 1,
        malezasTolCero: 1
      }

      at log 
(app/registro/analisis/pureza/form-pureza.tsx:131:17)

    console.log
      === DEBUG PORCENTAJES ===

      at log 
(app/registro/analisis/pureza/form-pureza.tsx:104:17)

    console.log
      Peso total: 100 tipo: number

      at log 
(app/registro/analisis/pureza/form-pureza.tsx:105:17)

    console.log
      Semilla pura gramos: 80

      at log 
(app/registro/analisis/pureza/form-pureza.tsx:106:17)

    console.log
      Materia inerte gramos: 10

      at log 
(app/registro/analisis/pureza/form-pureza.tsx:107:17)

    console.log
      Malezas tolerancia cero gramos: 1

      at log 
(app/registro/analisis/pureza/form-pureza.tsx:108:17)

    console.log
      Resultado porcentajes: {
        semillaPura: 80,
        materiaInerte: 10,
        otrosCultivos: 5,
        malezas: 3,
        malezasToleradas: 1,
        malezasTolCero: 1
      }

      at log 
(app/registro/analisis/pureza/form-pureza.tsx:131:17)

    console.log
      === DEBUG PORCENTAJES ===

      at log 
(app/registro/analisis/pureza/form-pureza.tsx:104:17)

    console.log
      Peso total: 100 tipo: number

      at log 
(app/registro/analisis/pureza/form-pureza.tsx:105:17)

    console.log
      Semilla pura gramos: 80

      at log 
(app/registro/analisis/pureza/form-pureza.tsx:106:17)

    console.log
      Materia inerte gramos: 10

      at log 
(app/registro/analisis/pureza/form-pureza.tsx:107:17)

    console.log
      Malezas tolerancia cero gramos: 1

      at log 
(app/registro/analisis/pureza/form-pureza.tsx:108:17)

    console.log
      Resultado porcentajes: {
        semillaPura: 80,
        materiaInerte: 10,
        otrosCultivos: 5,
        malezas: 3,
        malezasToleradas: 1,
        malezasTolCero: 1
      }

      at log 
(app/registro/analisis/pureza/form-pureza.tsx:131:17)

    console.log
      === DEBUG PORCENTAJES ===

      at log 
(app/registro/analisis/pureza/form-pureza.tsx:104:17)

    console.log
      Peso total: 100 tipo: number

      at log 
(app/registro/analisis/pureza/form-pureza.tsx:105:17)

    console.log
      Semilla pura gramos: 80

      at log 
(app/registro/analisis/pureza/form-pureza.tsx:106:17)

    console.log
      Materia inerte gramos: 10

      at log 
(app/registro/analisis/pureza/form-pureza.tsx:107:17)

    console.log
      Malezas tolerancia cero gramos: 1

      at log 
(app/registro/analisis/pureza/form-pureza.tsx:108:17)

    console.log
      Resultado porcentajes: {
        semillaPura: 80,
        materiaInerte: 10,
        otrosCultivos: 5,
        malezas: 3,
        malezasToleradas: 1,
        malezasTolCero: 1
      }

      at log 
(app/registro/analisis/pureza/form-pureza.tsx:131:17)

    console.log
      === DEBUG PORCENTAJES ===

      at log 
(app/registro/analisis/pureza/form-pureza.tsx:104:17)

    console.log
      Peso total: 100 tipo: number

      at log 
(app/registro/analisis/pureza/form-pureza.tsx:105:17)

    console.log
      Semilla pura gramos: 80

      at log 
(app/registro/analisis/pureza/form-pureza.tsx:106:17)

    console.log
      Materia inerte gramos: 10

      at log 
(app/registro/analisis/pureza/form-pureza.tsx:107:17)

    console.log
      Malezas tolerancia cero gramos: 1

      at log 
(app/registro/analisis/pureza/form-pureza.tsx:108:17)

    console.log
      Resultado porcentajes: {
        semillaPura: 80,
        materiaInerte: 10,
        otrosCultivos: 5,
        malezas: 3,
        malezasToleradas: 1,
        malezasTolCero: 1
      }

      at log 
(app/registro/analisis/pureza/form-pureza.tsx:131:17)

    console.log
      === DEBUG PORCENTAJES ===

      at log 
(app/registro/analisis/pureza/form-pureza.tsx:104:17)

    console.log
      Peso total: 100 tipo: number

      at log 
(app/registro/analisis/pureza/form-pureza.tsx:105:17)

    console.log
      Semilla pura gramos: 80

      at log 
(app/registro/analisis/pureza/form-pureza.tsx:106:17)

    console.log
      Materia inerte gramos: 10

      at log 
(app/registro/analisis/pureza/form-pureza.tsx:107:17)

    console.log
      Malezas tolerancia cero gramos: 1

      at log 
(app/registro/analisis/pureza/form-pureza.tsx:108:17)

    console.log
      Resultado porcentajes: {
        semillaPura: 80,
        materiaInerte: 10,
        otrosCultivos: 5,
        malezas: 3,
        malezasToleradas: 1,
        malezasTolCero: 1
      }

      at log 
(app/registro/analisis/pureza/form-pureza.tsx:131:17)

    console.log
      === DEBUG PORCENTAJES ===

      at log 
(app/registro/analisis/pureza/form-pureza.tsx:104:17)

    console.log
      Peso total: 100 tipo: number

      at log 
(app/registro/analisis/pureza/form-pureza.tsx:105:17)

    console.log
      Semilla pura gramos: 0

      at log 
(app/registro/analisis/pureza/form-pureza.tsx:106:17)

    console.log
      Materia inerte gramos: 0

      at log 
(app/registro/analisis/pureza/form-pureza.tsx:107:17)

    console.log
      Malezas tolerancia cero gramos: 1

      at log 
(app/registro/analisis/pureza/form-pureza.tsx:108:17)

    console.log
      Resultado porcentajes: {
        semillaPura: 0,
        materiaInerte: 0,
        otrosCultivos: 5,
        malezas: 3,
        malezasToleradas: 1,
        malezasTolCero: 1
      }

      at log 
(app/registro/analisis/pureza/form-pureza.tsx:131:17)

    console.log
      === DEBUG PORCENTAJES ===

      at log 
(app/registro/analisis/pureza/form-pureza.tsx:104:17)

    console.log
      Peso total: 10000 tipo: number

      at log 
(app/registro/analisis/pureza/form-pureza.tsx:105:17)

    console.log
      Semilla pura gramos: 80

      at log 
(app/registro/analisis/pureza/form-pureza.tsx:106:17)

    console.log
      Materia inerte gramos: 10

      at log 
(app/registro/analisis/pureza/form-pureza.tsx:107:17)

    console.log
      Malezas tolerancia cero gramos: 0.1

      at log 
(app/registro/analisis/pureza/form-pureza.tsx:108:17)

    console.log
      Resultado porcentajes: {
        semillaPura: 0.8,
        materiaInerte: 0.1,
        otrosCultivos: 0.05,
        malezas: 0.03,
        malezasToleradas: 0.01,
        malezasTolCero: 0.001
      }

      at log 
(app/registro/analisis/pureza/form-pureza.tsx:131:17)

    console.log
      === DEBUG PORCENTAJES ===

      at log 
(app/registro/analisis/pureza/form-pureza.tsx:104:17)

    console.log
      Peso total: 100 tipo: number

      at log 
(app/registro/analisis/pureza/form-pureza.tsx:105:17)

    console.log
      Semilla pura gramos: 80

      at log 
(app/registro/analisis/pureza/form-pureza.tsx:106:17)

    console.log
      Materia inerte gramos: 10

      at log 
(app/registro/analisis/pureza/form-pureza.tsx:107:17)

    console.log
      Malezas tolerancia cero gramos: 1

      at log 
(app/registro/analisis/pureza/form-pureza.tsx:108:17)

    console.log
      Resultado porcentajes: {
        semillaPura: 80,
        materiaInerte: 10,
        otrosCultivos: 5,
        malezas: 3,
        malezasToleradas: 1,
        malezasTolCero: 1
      }

      at log 
(app/registro/analisis/pureza/form-pureza.tsx:131:17)

  ÔùÅ PurezaFields Component Tests ÔÇ║ Test: Validaciones 
de peso ÔÇ║ debe mostrar advertencia cuando la p├®rdida de 
muestra > 5%

    TestingLibraryElementError: Unable to find an element 
with the text: /ha perdido.*6\.00%.*excede el l├¡mite/i. 
This could be because the text is broken up by multiple 
elements. In this case, you can provide a function for your 
text matcher to make your matcher more flexible.

    Ignored nodes: comments, script, style
    [36m<body>[39m
      [36m<div>[39m
        [36m<div[39m
          [33mclass[39m=[32m"text-card-foreground flex 
flex-col gap-6 rounded-xl py-6 border-0 shadow-sm 
bg-card"[39m
          [33mdata-slot[39m=[32m"card"[39m
        [36m>[39m
          [36m<div[39m
            [33mclass[39m=[32m"@container/card-header 
grid auto-rows-min grid-rows-[auto_auto] items-start 
gap-1.5 px-6 
has-data-[slot=card-action]:grid-cols-[1fr_auto] 
[.border-b]:pb-6 pb-4"[39m
            [33mdata-slot[39m=[32m"card-header"[39m
          [36m>[39m
            [36m<div[39m
              [33mclass[39m=[32m"flex items-center 
gap-3"[39m
            [36m>[39m
              [36m<div[39m
                [33mclass[39m=[32m"flex h-12 w-12 
items-center justify-center rounded-lg bg-gradient-to-br 
from-blue-100 to-blue-200"[39m
              [36m>[39m
                [36m<svg[39m
                  [33mclass[39m=[32m"lucide 
lucide-search h-6 w-6 text-blue-600"[39m
                  [33mfill[39m=[32m"none"[39m
                  [33mheight[39m=[32m"24"[39m
                  [33mstroke[39m=[32m"currentColor"[39m
                  [33mstroke-linecap[39m=[32m"round"[39m
                  
[33mstroke-linejoin[39m=[32m"round"[39m
                  [33mstroke-width[39m=[32m"2"[39m
                  [33mviewBox[39m=[32m"0 0 24 24"[39m
                  [33mwidth[39m=[32m"24"[39m
                  
[33mxmlns[39m=[32m"http://www.w3.org/2000/svg"[39m
                [36m>[39m
                  [36m<circle[39m
                    [33mcx[39m=[32m"11"[39m
                    [33mcy[39m=[32m"11"[39m
                    [33mr[39m=[32m"8"[39m
                  [36m/>[39m
                  [36m<path[39m
                    [33md[39m=[32m"m21 21-4.3-4.3"[39m
                  [36m/>[39m
                [36m</svg>[39m
              [36m</div>[39m
              [36m<div[39m
                [33mclass[39m=[32m"flex-1"[39m
              [36m>[39m
                [36m<div[39m
                  [33mclass[39m=[32m"text-xl 
font-semibold text-foreground"[39m
                  [33mdata-slot[39m=[32m"card-title"[39m
                [36m>[39m
                  [0mAn├ílisis de Pureza F├¡sica[0m
                [36m</div>[39m
                [36m<p[39m
                  [33mclass[39m=[32m"text-sm 
text-muted-foreground mt-1"[39m
                [36m>[39m
                  [0mAn├ílisis cuantitativo de componentes 
de semillas[0m
                [36m</p>[39m
              [36m</div>[39m
            [36m</div>[39m
          [36m</div>[39m
          [36m<div[39m
            [33mclass[39m=[32m"px-6"[39m
            [33mdata-slot[39m=[32m"card-content"[39m
          [36m>[39m
            [36m<div[39m
              [33mclass[39m=[32m"flex flex-col gap-2 
w-full"[39m
              
[33mdata-orientation[39m=[32m"horizontal"[39m
              [33mdata-slot[39m=[32m"tabs"[39m
              [33mdir[39m=[32m"ltr"[39m
            [36m>[39m
              [36m<div[39m
                
[33maria-orientation[39m=[32m"horizontal"[39m
                [33mclass[39m=[32m"bg-muted 
text-muted-foreground h-9 items-center justify-center 
rounded-lg p-[3px] flex flex-wrap gap-2 w-full mb-6"[39m
                
[33mdata-orientation[39m=[32m"horizontal"[39m
                [33mdata-slot[39m=[32m"tabs-list"[39m
                [33mrole[39m=[32m"tablist"[39m
                [33mstyle[39m=[32m"outline: none;"[39m
                [33mtabindex[39m=[32m"0"[39m
              [36m>[39m
                [36m<button[39m
                  [33maria-controls[39m=[32m"radix-:r3o:-
content-generales"[39m
                  [33maria-selected[39m=[32m"true"[39m
                  
[33mclass[39m=[32m"data-[state=active]:bg-background 
dark:data-[state=active]:text-foreground 
focus-visible:border-ring focus-visible:ring-ring/50 
focus-visible:outline-ring 
dark:data-[state=active]:border-input 
dark:data-[state=active]:bg-input/30 text-foreground 
dark:text-muted-foreground h-[calc(100%-1px)] flex-1 
justify-center rounded-md border border-transparent 
font-medium whitespace-nowrap transition-[color,box-shadow] 
focus-visible:ring-[3px] focus-visible:outline-1 
disabled:pointer-events-none disabled:opacity-50 
data-[state=active]:shadow-sm [&_svg]:pointer-events-none 
[&_svg]:shrink-0 [&_svg:not([class*='size-'])]:size-4 flex 
items-center gap-2 px-3 py-2 text-sm"[39m
                  
[33mdata-orientation[39m=[32m"horizontal"[39m
                  
[33mdata-radix-collection-item[39m=[32m""[39m
                  
[33mdata-slot[39m=[32m"tabs-trigger"[39m
                  [33mdata-state[39m=[32m"active"[39m
                  
[33mid[39m=[32m"radix-:r3o:-trigger-generales"[39m
                  [33mrole[39m=[32m"tab"[39m
                  [33mtabindex[39m=[32m"-1"[39m
                  [33mtype[39m=[32m"button"[39m
                [36m>[39m
                  [36m<svg[39m
                    [33mclass[39m=[32m"lucide 
lucide-file-text h-4 w-4"[39m
                    [33mfill[39m=[32m"none"[39m
                    [33mheight[39m=[32m"24"[39m
                    
[33mstroke[39m=[32m"currentColor"[39m
                    
[33mstroke-linecap[39m=[32m"round"[39m
                    
[33mstroke-linejoin[39m=[32m"round"[39m
                    [33mstroke-width[39m=[32m"2"[39m
                    [33mviewBox[39m=[32m"0 0 24 24"[39m
                    [33mwidth[39m=[32m"24"[39m
                    
[33mxmlns[39m=[32m"http://www.w3.org/2000/svg"[39m
                  [36m>[39m
                    [36m<path[39m
                      [33md[39m=[32m"M15 2H6a2 2 0 0 0-2 
2v16a2 2 0 0 0 2 2h12a2 2 0 0 0 2-2V7Z"[39m
                    [36m/>[39m
                    [36m<path[39m
                      [33md[39m=[32m"M14 2v4a2 2 0 0 0 2 
2h4"[39m
                    [36m/>[39m
                    [36m<path[39m
                      [33md[39m=[32m"M10 9H8"[39m
                    [36m/>[39m
                    [36m<path[39m
                      [33md[39m=[32m"M16 13H8"[39m
                    [36m/>[39m
                    [36m<path[39m
                      [33md[39m=[32m"M16 17H8"[39m
                    [36m/>[39m
                  [36m</svg>[39m
                  [0mDatos generales[0m
                [36m</button>[39m
                [36m<button[39m
                  [33maria-controls[39m=[32m"radix-:r3o:-
content-registros"[39m
                  [33maria-selected[39m=[32m"false"[39m
                  
[33mclass[39m=[32m"data-[state=active]:bg-background 
dark:data-[state=active]:text-foreground 
focus-visible:border-ring focus-visible:ring-ring/50 
focus-visible:outline-ring 
dark:data-[state=active]:border-input 
dark:data-[state=active]:bg-input/30 text-foreground 
dark:text-muted-foreground h-[calc(100%-1px)] flex-1 
justify-center rounded-md border border-transparent 
font-medium whitespace-nowrap transition-[color,box-shadow] 
focus-visible:ring-[3px] focus-visible:outline-1 
disabled:pointer-events-none disabled:opacity-50 
data-[state=active]:shadow-sm [&_svg]:pointer-events-none 
[&_svg]:shrink-0 [&_svg:not([class*='size-'])]:size-4 flex 
items-center gap-2 px-3 py-2 text-sm"[39m
                  
[33mdata-orientation[39m=[32m"horizontal"[39m
            ...

    [0m [90m 463 |[39m       )
     [90m 464 |[39m
    [31m[1m>[22m[39m[90m 465 |[39m       
expect(screen[33m.[39mgetByText([35m/ha 
perdido.*6\.00%.*excede el 
l├¡mite/i[39m))[33m.[39mtoBeInTheDocument()
     [90m     |[39m                     
[31m[1m^[22m[39m
     [90m 466 |[39m     })
     [90m 467 |[39m
     [90m 468 |[39m     it([32m'no debe mostrar 
advertencia cuando la p├®rdida es <= 5%'[39m[33m,[39m () 
[33m=>[39m {[0m

      at Object.getElementError (node_modules/@testing-libra
ry/react/node_modules/@testing-library/dom/dist/config.js:37
:19)
      at node_modules/@testing-library/react/node_modules/@t
esting-library/dom/dist/query-helpers.js:76:38
      at node_modules/@testing-library/react/node_modules/@t
esting-library/dom/dist/query-helpers.js:52:17
      at node_modules/@testing-library/react/node_modules/@t
esting-library/dom/dist/query-helpers.js:95:19
      at Object.getByText (__tests__/app/registro/analisis/p
ureza/form-pureza.test.tsx:465:21)

  ÔùÅ PurezaFields Component Tests ÔÇ║ Test: Campos INASE 
ÔÇ║ debe permitir ingresar valores en campos INASE

    expect(received).toBeDefined()

    Received: undefined

    [0m [90m 509 |[39m       )
     [90m 510 |[39m       
    [31m[1m>[22m[39m[90m 511 |[39m       
expect(inasePuraLabel)[33m.[39mtoBeDefined()
     [90m     |[39m                              
[31m[1m^[22m[39m
     [90m 512 |[39m     })
     [90m 513 |[39m
     [90m 514 |[39m     it([32m'debe llamar a 
handleInputChange al modificar campos 
INASE'[39m[33m,[39m () [33m=>[39m {[0m

      at Object.toBeDefined (__tests__/app/registro/analisis
/pureza/form-pureza.test.tsx:511:30)

  ÔùÅ PurezaFields Component Tests ÔÇ║ Test: Pesta├▒as y 
navegaci├│n ÔÇ║ debe cambiar a la pesta├▒a de registros al 
hacer clic

    Unable to find an element by: 
[data-testid="maleza-fields"]

    Ignored nodes: comments, script, style
    [36m<body>[39m
      [36m<div>[39m
        [36m<div[39m
          [33mclass[39m=[32m"text-card-foreground flex 
flex-col gap-6 rounded-xl py-6 border-0 shadow-sm 
bg-card"[39m
          [33mdata-slot[39m=[32m"card"[39m
        [36m>[39m
          [36m<div[39m
            [33mclass[39m=[32m"@container/card-header 
grid auto-rows-min grid-rows-[auto_auto] items-start 
gap-1.5 px-6 
has-data-[slot=card-action]:grid-cols-[1fr_auto] 
[.border-b]:pb-6 pb-4"[39m
            [33mdata-slot[39m=[32m"card-header"[39m
          [36m>[39m
            [36m<div[39m
              [33mclass[39m=[32m"flex items-center 
gap-3"[39m
            [36m>[39m
              [36m<div[39m
                [33mclass[39m=[32m"flex h-12 w-12 
items-center justify-center rounded-lg bg-gradient-to-br 
from-blue-100 to-blue-200"[39m
              [36m>[39m
                [36m<svg[39m
                  [33mclass[39m=[32m"lucide 
lucide-search h-6 w-6 text-blue-600"[39m
                  [33mfill[39m=[32m"none"[39m
                  [33mheight[39m=[32m"24"[39m
                  [33mstroke[39m=[32m"currentColor"[39m
                  [33mstroke-linecap[39m=[32m"round"[39m
                  
[33mstroke-linejoin[39m=[32m"round"[39m
                  [33mstroke-width[39m=[32m"2"[39m
                  [33mviewBox[39m=[32m"0 0 24 24"[39m
                  [33mwidth[39m=[32m"24"[39m
                  
[33mxmlns[39m=[32m"http://www.w3.org/2000/svg"[39m
                [36m>[39m
                  [36m<circle[39m
                    [33mcx[39m=[32m"11"[39m
                    [33mcy[39m=[32m"11"[39m
                    [33mr[39m=[32m"8"[39m
                  [36m/>[39m
                  [36m<path[39m
                    [33md[39m=[32m"m21 21-4.3-4.3"[39m
                  [36m/>[39m
                [36m</svg>[39m
              [36m</div>[39m
              [36m<div[39m
                [33mclass[39m=[32m"flex-1"[39m
              [36m>[39m
                [36m<div[39m
                  [33mclass[39m=[32m"text-xl 
font-semibold text-foreground"[39m
                  [33mdata-slot[39m=[32m"card-title"[39m
                [36m>[39m
                  [0mAn├ílisis de Pureza F├¡sica[0m
                [36m</div>[39m
                [36m<p[39m
                  [33mclass[39m=[32m"text-sm 
text-muted-foreground mt-1"[39m
                [36m>[39m
                  [0mAn├ílisis cuantitativo de componentes 
de semillas[0m
                [36m</p>[39m
              [36m</div>[39m
            [36m</div>[39m
          [36m</div>[39m
          [36m<div[39m
            [33mclass[39m=[32m"px-6"[39m
            [33mdata-slot[39m=[32m"card-content"[39m
          [36m>[39m
            [36m<div[39m
              [33mclass[39m=[32m"flex flex-col gap-2 
w-full"[39m
              
[33mdata-orientation[39m=[32m"horizontal"[39m
              [33mdata-slot[39m=[32m"tabs"[39m
              [33mdir[39m=[32m"ltr"[39m
            [36m>[39m
              [36m<div[39m
                
[33maria-orientation[39m=[32m"horizontal"[39m
                [33mclass[39m=[32m"bg-muted 
text-muted-foreground h-9 items-center justify-center 
rounded-lg p-[3px] flex flex-wrap gap-2 w-full mb-6"[39m
                
[33mdata-orientation[39m=[32m"horizontal"[39m
                [33mdata-slot[39m=[32m"tabs-list"[39m
                [33mrole[39m=[32m"tablist"[39m
                [33mstyle[39m=[32m"outline: none;"[39m
                [33mtabindex[39m=[32m"0"[39m
              [36m>[39m
                [36m<button[39m
                  [33maria-controls[39m=[32m"radix-:r58:-
content-generales"[39m
                  [33maria-selected[39m=[32m"true"[39m
                  
[33mclass[39m=[32m"data-[state=active]:bg-background 
dark:data-[state=active]:text-foreground 
focus-visible:border-ring focus-visible:ring-ring/50 
focus-visible:outline-ring 
dark:data-[state=active]:border-input 
dark:data-[state=active]:bg-input/30 text-foreground 
dark:text-muted-foreground h-[calc(100%-1px)] flex-1 
justify-center rounded-md border border-transparent 
font-medium whitespace-nowrap transition-[color,box-shadow] 
focus-visible:ring-[3px] focus-visible:outline-1 
disabled:pointer-events-none disabled:opacity-50 
data-[state=active]:shadow-sm [&_svg]:pointer-events-none 
[&_svg]:shrink-0 [&_svg:not([class*='size-'])]:size-4 flex 
items-center gap-2 px-3 py-2 text-sm"[39m
                  
[33mdata-orientation[39m=[32m"horizontal"[39m
                  
[33mdata-radix-collection-item[39m=[32m""[39m
                  
[33mdata-slot[39m=[32m"tabs-trigger"[39m
                  [33mdata-state[39m=[32m"active"[39m
                  
[33mid[39m=[32m"radix-:r58:-trigger-generales"[39m
                  [33mrole[39m=[32m"tab"[39m
                  [33mtabindex[39m=[32m"-1"[39m
                  [33mtype[39m=[32m"button"[39m
                [36m>[39m
                  [36m<svg[39m
                    [33mclass[39m=[32m"lucide 
lucide-file-text h-4 w-4"[39m
                    [33mfill[39m=[32m"none"[39m
                    [33mheight[39m=[32m"24"[39m
                    
[33mstroke[39m=[32m"currentColor"[39m
                    
[33mstroke-linecap[39m=[32m"round"[39m
                    
[33mstroke-linejoin[39m=[32m"round"[39m
                    [33mstroke-width[39m=[32m"2"[39m
                    [33mviewBox[39m=[32m"0 0 24 24"[39m
                    [33mwidth[39m=[32m"24"[39m
                    
[33mxmlns[39m=[32m"http://www.w3.org/2000/svg"[39m
                  [36m>[39m
                    [36m<path[39m
                      [33md[39m=[32m"M15 2H6a2 2 0 0 0-2 
2v16a2 2 0 0 0 2 2h12a2 2 0 0 0 2-2V7Z"[39m
                    [36m/>[39m
                    [36m<path[39m
                      [33md[39m=[32m"M14 2v4a2 2 0 0 0 2 
2h4"[39m
                    [36m/>[39m
                    [36m<path[39m
                      [33md[39m=[32m"M10 9H8"[39m
                    [36m/>[39m
                    [36m<path[39m
                      [33md[39m=[32m"M16 13H8"[39m
                    [36m/>[39m
                    [36m<path[39m
                      [33md[39m=[32m"M16 17H8"[39m
                    [36m/>[39m
                  [36m</svg>[39m
                  [0mDatos generales[0m
                [36m</button>[39m
                [36m<button[39m
                  [33maria-controls[39m=[32m"radix-:r58:-
content-registros"[39m
                  [33maria-selected[39m=[32m"false"[39m
                  
[33mclass[39m=[32m"data-[state=active]:bg-background 
dark:data-[state=active]:text-foreground 
focus-visible:border-ring focus-visible:ring-ring/50 
focus-visible:outline-ring 
dark:data-[state=active]:border-input 
dark:data-[state=active]:bg-input/30 text-foreground 
dark:text-muted-foreground h-[calc(100%-1px)] flex-1 
justify-center rounded-md border border-transparent 
font-medium whitespace-nowrap transition-[color,box-shadow] 
focus-visible:ring-[3px] focus-visible:outline-1 
disabled:pointer-events-none disabled:opacity-50 
data-[state=active]:shadow-sm [&_svg]:pointer-events-none 
[&_svg]:shrink-0 [&_svg:not([class*='size-'])]:size-4 flex 
items-center gap-2 px-3 py-2 text-sm"[39m
                  
[33mdata-orientation[39m=[32m"horizontal"[39m
            ...

    [0m [90m 586 |[39m       
fireEvent[33m.[39mclick(registrosTab)
     [90m 587 |[39m
    [31m[1m>[22m[39m[90m 588 |[39m       
[36mawait[39m waitFor(() [33m=>[39m {
     [90m     |[39m                    
[31m[1m^[22m[39m
     [90m 589 |[39m         expect(screen[33m.[39mgetByT
estId([32m'maleza-fields'[39m))[33m.[39mtoBeInTheDocumen
t()
     [90m 590 |[39m         expect(screen[33m.[39mgetByT
estId([32m'otros-cultivos-fields'[39m))[33m.[39mtoBeInTh
eDocument()
     [90m 591 |[39m       })[0m

      at waitForWrapper (node_modules/@testing-library/react
/node_modules/@testing-library/dom/dist/wait-for.js:163:27)
      at Object.<anonymous> (__tests__/app/registro/analisis
/pureza/form-pureza.test.tsx:588:20)

  ÔùÅ PurezaFields Component Tests ÔÇ║ Test: Pesta├▒as y 
navegaci├│n ÔÇ║ debe mostrar MalezaFields en la pesta├▒a de 
registros

    Unable to find an element by: 
[data-testid="maleza-fields"]

    Ignored nodes: comments, script, style
    [36m<body>[39m
      [36m<div>[39m
        [36m<div[39m
          [33mclass[39m=[32m"text-card-foreground flex 
flex-col gap-6 rounded-xl py-6 border-0 shadow-sm 
bg-card"[39m
          [33mdata-slot[39m=[32m"card"[39m
        [36m>[39m
          [36m<div[39m
            [33mclass[39m=[32m"@container/card-header 
grid auto-rows-min grid-rows-[auto_auto] items-start 
gap-1.5 px-6 
has-data-[slot=card-action]:grid-cols-[1fr_auto] 
[.border-b]:pb-6 pb-4"[39m
            [33mdata-slot[39m=[32m"card-header"[39m
          [36m>[39m
            [36m<div[39m
              [33mclass[39m=[32m"flex items-center 
gap-3"[39m
            [36m>[39m
              [36m<div[39m
                [33mclass[39m=[32m"flex h-12 w-12 
items-center justify-center rounded-lg bg-gradient-to-br 
from-blue-100 to-blue-200"[39m
              [36m>[39m
                [36m<svg[39m
                  [33mclass[39m=[32m"lucide 
lucide-search h-6 w-6 text-blue-600"[39m
                  [33mfill[39m=[32m"none"[39m
                  [33mheight[39m=[32m"24"[39m
                  [33mstroke[39m=[32m"currentColor"[39m
                  [33mstroke-linecap[39m=[32m"round"[39m
                  
[33mstroke-linejoin[39m=[32m"round"[39m
                  [33mstroke-width[39m=[32m"2"[39m
                  [33mviewBox[39m=[32m"0 0 24 24"[39m
                  [33mwidth[39m=[32m"24"[39m
                  
[33mxmlns[39m=[32m"http://www.w3.org/2000/svg"[39m
                [36m>[39m
                  [36m<circle[39m
                    [33mcx[39m=[32m"11"[39m
                    [33mcy[39m=[32m"11"[39m
                    [33mr[39m=[32m"8"[39m
                  [36m/>[39m
                  [36m<path[39m
                    [33md[39m=[32m"m21 21-4.3-4.3"[39m
                  [36m/>[39m
                [36m</svg>[39m
              [36m</div>[39m
              [36m<div[39m
                [33mclass[39m=[32m"flex-1"[39m
              [36m>[39m
                [36m<div[39m
                  [33mclass[39m=[32m"text-xl 
font-semibold text-foreground"[39m
                  [33mdata-slot[39m=[32m"card-title"[39m
                [36m>[39m
                  [0mAn├ílisis de Pureza F├¡sica[0m
                [36m</div>[39m
                [36m<p[39m
                  [33mclass[39m=[32m"text-sm 
text-muted-foreground mt-1"[39m
                [36m>[39m
                  [0mAn├ílisis cuantitativo de componentes 
de semillas[0m
                [36m</p>[39m
              [36m</div>[39m
            [36m</div>[39m
          [36m</div>[39m
          [36m<div[39m
            [33mclass[39m=[32m"px-6"[39m
            [33mdata-slot[39m=[32m"card-content"[39m
          [36m>[39m
            [36m<div[39m
              [33mclass[39m=[32m"flex flex-col gap-2 
w-full"[39m
              
[33mdata-orientation[39m=[32m"horizontal"[39m
              [33mdata-slot[39m=[32m"tabs"[39m
              [33mdir[39m=[32m"ltr"[39m
            [36m>[39m
              [36m<div[39m
                
[33maria-orientation[39m=[32m"horizontal"[39m
                [33mclass[39m=[32m"bg-muted 
text-muted-foreground h-9 items-center justify-center 
rounded-lg p-[3px] flex flex-wrap gap-2 w-full mb-6"[39m
                
[33mdata-orientation[39m=[32m"horizontal"[39m
                [33mdata-slot[39m=[32m"tabs-list"[39m
                [33mrole[39m=[32m"tablist"[39m
                [33mstyle[39m=[32m"outline: none;"[39m
                [33mtabindex[39m=[32m"0"[39m
              [36m>[39m
                [36m<button[39m
                  [33maria-controls[39m=[32m"radix-:r5e:-
content-generales"[39m
                  [33maria-selected[39m=[32m"true"[39m
                  
[33mclass[39m=[32m"data-[state=active]:bg-background 
dark:data-[state=active]:text-foreground 
focus-visible:border-ring focus-visible:ring-ring/50 
focus-visible:outline-ring 
dark:data-[state=active]:border-input 
dark:data-[state=active]:bg-input/30 text-foreground 
dark:text-muted-foreground h-[calc(100%-1px)] flex-1 
justify-center rounded-md border border-transparent 
font-medium whitespace-nowrap transition-[color,box-shadow] 
focus-visible:ring-[3px] focus-visible:outline-1 
disabled:pointer-events-none disabled:opacity-50 
data-[state=active]:shadow-sm [&_svg]:pointer-events-none 
[&_svg]:shrink-0 [&_svg:not([class*='size-'])]:size-4 flex 
items-center gap-2 px-3 py-2 text-sm"[39m
                  
[33mdata-orientation[39m=[32m"horizontal"[39m
                  
[33mdata-radix-collection-item[39m=[32m""[39m
                  
[33mdata-slot[39m=[32m"tabs-trigger"[39m
                  [33mdata-state[39m=[32m"active"[39m
                  
[33mid[39m=[32m"radix-:r5e:-trigger-generales"[39m
                  [33mrole[39m=[32m"tab"[39m
                  [33mtabindex[39m=[32m"-1"[39m
                  [33mtype[39m=[32m"button"[39m
                [36m>[39m
                  [36m<svg[39m
                    [33mclass[39m=[32m"lucide 
lucide-file-text h-4 w-4"[39m
                    [33mfill[39m=[32m"none"[39m
                    [33mheight[39m=[32m"24"[39m
                    
[33mstroke[39m=[32m"currentColor"[39m
                    
[33mstroke-linecap[39m=[32m"round"[39m
                    
[33mstroke-linejoin[39m=[32m"round"[39m
                    [33mstroke-width[39m=[32m"2"[39m
                    [33mviewBox[39m=[32m"0 0 24 24"[39m
                    [33mwidth[39m=[32m"24"[39m
                    
[33mxmlns[39m=[32m"http://www.w3.org/2000/svg"[39m
                  [36m>[39m
                    [36m<path[39m
                      [33md[39m=[32m"M15 2H6a2 2 0 0 0-2 
2v16a2 2 0 0 0 2 2h12a2 2 0 0 0 2-2V7Z"[39m
                    [36m/>[39m
                    [36m<path[39m
                      [33md[39m=[32m"M14 2v4a2 2 0 0 0 2 
2h4"[39m
                    [36m/>[39m
                    [36m<path[39m
                      [33md[39m=[32m"M10 9H8"[39m
                    [36m/>[39m
                    [36m<path[39m
                      [33md[39m=[32m"M16 13H8"[39m
                    [36m/>[39m
                    [36m<path[39m
                      [33md[39m=[32m"M16 17H8"[39m
                    [36m/>[39m
                  [36m</svg>[39m
                  [0mDatos generales[0m
                [36m</button>[39m
                [36m<button[39m
                  [33maria-controls[39m=[32m"radix-:r5e:-
content-registros"[39m
                  [33maria-selected[39m=[32m"false"[39m
                  
[33mclass[39m=[32m"data-[state=active]:bg-background 
dark:data-[state=active]:text-foreground 
focus-visible:border-ring focus-visible:ring-ring/50 
focus-visible:outline-ring 
dark:data-[state=active]:border-input 
dark:data-[state=active]:bg-input/30 text-foreground 
dark:text-muted-foreground h-[calc(100%-1px)] flex-1 
justify-center rounded-md border border-transparent 
font-medium whitespace-nowrap transition-[color,box-shadow] 
focus-visible:ring-[3px] focus-visible:outline-1 
disabled:pointer-events-none disabled:opacity-50 
data-[state=active]:shadow-sm [&_svg]:pointer-events-none 
[&_svg]:shrink-0 [&_svg:not([class*='size-'])]:size-4 flex 
items-center gap-2 px-3 py-2 text-sm"[39m
                  
[33mdata-orientation[39m=[32m"horizontal"[39m
            ...

    [0m [90m 604 |[39m       
fireEvent[33m.[39mclick(registrosTab)
     [90m 605 |[39m
    [31m[1m>[22m[39m[90m 606 |[39m       
[36mawait[39m waitFor(() [33m=>[39m {
     [90m     |[39m                    
[31m[1m^[22m[39m
     [90m 607 |[39m         expect(screen[33m.[39mgetByT
estId([32m'maleza-fields'[39m))[33m.[39mtoBeInTheDocumen
t()
     [90m 608 |[39m       })
     [90m 609 |[39m     })[0m

      at waitForWrapper (node_modules/@testing-library/react
/node_modules/@testing-library/dom/dist/wait-for.js:163:27)
      at Object.<anonymous> (__tests__/app/registro/analisis
/pureza/form-pureza.test.tsx:606:20)

  ÔùÅ PurezaFields Component Tests ÔÇ║ Test: Pesta├▒as y 
navegaci├│n ÔÇ║ debe mostrar OtrosCultivosFields en la 
pesta├▒a de registros

    Unable to find an element by: 
[data-testid="otros-cultivos-fields"]

    Ignored nodes: comments, script, style
    [36m<body>[39m
      [36m<div>[39m
        [36m<div[39m
          [33mclass[39m=[32m"text-card-foreground flex 
flex-col gap-6 rounded-xl py-6 border-0 shadow-sm 
bg-card"[39m
          [33mdata-slot[39m=[32m"card"[39m
        [36m>[39m
          [36m<div[39m
            [33mclass[39m=[32m"@container/card-header 
grid auto-rows-min grid-rows-[auto_auto] items-start 
gap-1.5 px-6 
has-data-[slot=card-action]:grid-cols-[1fr_auto] 
[.border-b]:pb-6 pb-4"[39m
            [33mdata-slot[39m=[32m"card-header"[39m
          [36m>[39m
            [36m<div[39m
              [33mclass[39m=[32m"flex items-center 
gap-3"[39m
            [36m>[39m
              [36m<div[39m
                [33mclass[39m=[32m"flex h-12 w-12 
items-center justify-center rounded-lg bg-gradient-to-br 
from-blue-100 to-blue-200"[39m
              [36m>[39m
                [36m<svg[39m
                  [33mclass[39m=[32m"lucide 
lucide-search h-6 w-6 text-blue-600"[39m
                  [33mfill[39m=[32m"none"[39m
                  [33mheight[39m=[32m"24"[39m
                  [33mstroke[39m=[32m"currentColor"[39m
                  [33mstroke-linecap[39m=[32m"round"[39m
                  
[33mstroke-linejoin[39m=[32m"round"[39m
                  [33mstroke-width[39m=[32m"2"[39m
                  [33mviewBox[39m=[32m"0 0 24 24"[39m
                  [33mwidth[39m=[32m"24"[39m
                  
[33mxmlns[39m=[32m"http://www.w3.org/2000/svg"[39m
                [36m>[39m
                  [36m<circle[39m
                    [33mcx[39m=[32m"11"[39m
                    [33mcy[39m=[32m"11"[39m
                    [33mr[39m=[32m"8"[39m
                  [36m/>[39m
                  [36m<path[39m
                    [33md[39m=[32m"m21 21-4.3-4.3"[39m
                  [36m/>[39m
                [36m</svg>[39m
              [36m</div>[39m
              [36m<div[39m
                [33mclass[39m=[32m"flex-1"[39m
              [36m>[39m
                [36m<div[39m
                  [33mclass[39m=[32m"text-xl 
font-semibold text-foreground"[39m
                  [33mdata-slot[39m=[32m"card-title"[39m
                [36m>[39m
                  [0mAn├ílisis de Pureza F├¡sica[0m
                [36m</div>[39m
                [36m<p[39m
                  [33mclass[39m=[32m"text-sm 
text-muted-foreground mt-1"[39m
                [36m>[39m
                  [0mAn├ílisis cuantitativo de componentes 
de semillas[0m
                [36m</p>[39m
              [36m</div>[39m
            [36m</div>[39m
          [36m</div>[39m
          [36m<div[39m
            [33mclass[39m=[32m"px-6"[39m
            [33mdata-slot[39m=[32m"card-content"[39m
          [36m>[39m
            [36m<div[39m
              [33mclass[39m=[32m"flex flex-col gap-2 
w-full"[39m
              
[33mdata-orientation[39m=[32m"horizontal"[39m
              [33mdata-slot[39m=[32m"tabs"[39m
              [33mdir[39m=[32m"ltr"[39m
            [36m>[39m
              [36m<div[39m
                
[33maria-orientation[39m=[32m"horizontal"[39m
                [33mclass[39m=[32m"bg-muted 
text-muted-foreground h-9 items-center justify-center 
rounded-lg p-[3px] flex flex-wrap gap-2 w-full mb-6"[39m
                
[33mdata-orientation[39m=[32m"horizontal"[39m
                [33mdata-slot[39m=[32m"tabs-list"[39m
                [33mrole[39m=[32m"tablist"[39m
                [33mstyle[39m=[32m"outline: none;"[39m
                [33mtabindex[39m=[32m"0"[39m
              [36m>[39m
                [36m<button[39m
                  [33maria-controls[39m=[32m"radix-:r5k:-
content-generales"[39m
                  [33maria-selected[39m=[32m"true"[39m
                  
[33mclass[39m=[32m"data-[state=active]:bg-background 
dark:data-[state=active]:text-foreground 
focus-visible:border-ring focus-visible:ring-ring/50 
focus-visible:outline-ring 
dark:data-[state=active]:border-input 
dark:data-[state=active]:bg-input/30 text-foreground 
dark:text-muted-foreground h-[calc(100%-1px)] flex-1 
justify-center rounded-md border border-transparent 
font-medium whitespace-nowrap transition-[color,box-shadow] 
focus-visible:ring-[3px] focus-visible:outline-1 
disabled:pointer-events-none disabled:opacity-50 
data-[state=active]:shadow-sm [&_svg]:pointer-events-none 
[&_svg]:shrink-0 [&_svg:not([class*='size-'])]:size-4 flex 
items-center gap-2 px-3 py-2 text-sm"[39m
                  
[33mdata-orientation[39m=[32m"horizontal"[39m
                  
[33mdata-radix-collection-item[39m=[32m""[39m
                  
[33mdata-slot[39m=[32m"tabs-trigger"[39m
                  [33mdata-state[39m=[32m"active"[39m
                  
[33mid[39m=[32m"radix-:r5k:-trigger-generales"[39m
                  [33mrole[39m=[32m"tab"[39m
                  [33mtabindex[39m=[32m"-1"[39m
                  [33mtype[39m=[32m"button"[39m
                [36m>[39m
                  [36m<svg[39m
                    [33mclass[39m=[32m"lucide 
lucide-file-text h-4 w-4"[39m
                    [33mfill[39m=[32m"none"[39m
                    [33mheight[39m=[32m"24"[39m
                    
[33mstroke[39m=[32m"currentColor"[39m
                    
[33mstroke-linecap[39m=[32m"round"[39m
                    
[33mstroke-linejoin[39m=[32m"round"[39m
                    [33mstroke-width[39m=[32m"2"[39m
                    [33mviewBox[39m=[32m"0 0 24 24"[39m
                    [33mwidth[39m=[32m"24"[39m
                    
[33mxmlns[39m=[32m"http://www.w3.org/2000/svg"[39m
                  [36m>[39m
                    [36m<path[39m
                      [33md[39m=[32m"M15 2H6a2 2 0 0 0-2 
2v16a2 2 0 0 0 2 2h12a2 2 0 0 0 2-2V7Z"[39m
                    [36m/>[39m
                    [36m<path[39m
                      [33md[39m=[32m"M14 2v4a2 2 0 0 0 2 
2h4"[39m
                    [36m/>[39m
                    [36m<path[39m
                      [33md[39m=[32m"M10 9H8"[39m
                    [36m/>[39m
                    [36m<path[39m
                      [33md[39m=[32m"M16 13H8"[39m
                    [36m/>[39m
                    [36m<path[39m
                      [33md[39m=[32m"M16 17H8"[39m
                    [36m/>[39m
                  [36m</svg>[39m
                  [0mDatos generales[0m
                [36m</button>[39m
                [36m<button[39m
                  [33maria-controls[39m=[32m"radix-:r5k:-
content-registros"[39m
                  [33maria-selected[39m=[32m"false"[39m
                  
[33mclass[39m=[32m"data-[state=active]:bg-background 
dark:data-[state=active]:text-foreground 
focus-visible:border-ring focus-visible:ring-ring/50 
focus-visible:outline-ring 
dark:data-[state=active]:border-input 
dark:data-[state=active]:bg-input/30 text-foreground 
dark:text-muted-foreground h-[calc(100%-1px)] flex-1 
justify-center rounded-md border border-transparent 
font-medium whitespace-nowrap transition-[color,box-shadow] 
focus-visible:ring-[3px] focus-visible:outline-1 
disabled:pointer-events-none disabled:opacity-50 
data-[state=active]:shadow-sm [&_svg]:pointer-events-none 
[&_svg]:shrink-0 [&_svg:not([class*='size-'])]:size-4 flex 
items-center gap-2 px-3 py-2 text-sm"[39m
                  
[33mdata-orientation[39m=[32m"horizontal"[39m
            ...

    [0m [90m 621 |[39m       
fireEvent[33m.[39mclick(registrosTab)
     [90m 622 |[39m
    [31m[1m>[22m[39m[90m 623 |[39m       
[36mawait[39m waitFor(() [33m=>[39m {
     [90m     |[39m                    
[31m[1m^[22m[39m
     [90m 624 |[39m         expect(screen[33m.[39mgetByT
estId([32m'otros-cultivos-fields'[39m))[33m.[39mtoBeInTh
eDocument()
     [90m 625 |[39m       })
     [90m 626 |[39m     })[0m

      at waitForWrapper (node_modules/@testing-library/react
/node_modules/@testing-library/dom/dist/wait-for.js:163:27)
      at Object.<anonymous> (__tests__/app/registro/analisis
/pureza/form-pureza.test.tsx:623:20)

  ÔùÅ PurezaFields Component Tests ÔÇ║ Test: Integraci├│n 
con componentes hijos ÔÇ║ debe pasar los registros de 
malezas correctamente

    TestingLibraryElementError: Unable to find an element 
by: [data-testid="maleza-fields"]

    Ignored nodes: comments, script, style
    [36m<body>[39m
      [36m<div>[39m
        [36m<div[39m
          [33mclass[39m=[32m"text-card-foreground flex 
flex-col gap-6 rounded-xl py-6 border-0 shadow-sm 
bg-card"[39m
          [33mdata-slot[39m=[32m"card"[39m
        [36m>[39m
          [36m<div[39m
            [33mclass[39m=[32m"@container/card-header 
grid auto-rows-min grid-rows-[auto_auto] items-start 
gap-1.5 px-6 
has-data-[slot=card-action]:grid-cols-[1fr_auto] 
[.border-b]:pb-6 pb-4"[39m
            [33mdata-slot[39m=[32m"card-header"[39m
          [36m>[39m
            [36m<div[39m
              [33mclass[39m=[32m"flex items-center 
gap-3"[39m
            [36m>[39m
              [36m<div[39m
                [33mclass[39m=[32m"flex h-12 w-12 
items-center justify-center rounded-lg bg-gradient-to-br 
from-blue-100 to-blue-200"[39m
              [36m>[39m
                [36m<svg[39m
                  [33mclass[39m=[32m"lucide 
lucide-search h-6 w-6 text-blue-600"[39m
                  [33mfill[39m=[32m"none"[39m
                  [33mheight[39m=[32m"24"[39m
                  [33mstroke[39m=[32m"currentColor"[39m
                  [33mstroke-linecap[39m=[32m"round"[39m
                  
[33mstroke-linejoin[39m=[32m"round"[39m
                  [33mstroke-width[39m=[32m"2"[39m
                  [33mviewBox[39m=[32m"0 0 24 24"[39m
                  [33mwidth[39m=[32m"24"[39m
                  
[33mxmlns[39m=[32m"http://www.w3.org/2000/svg"[39m
                [36m>[39m
                  [36m<circle[39m
                    [33mcx[39m=[32m"11"[39m
                    [33mcy[39m=[32m"11"[39m
                    [33mr[39m=[32m"8"[39m
                  [36m/>[39m
                  [36m<path[39m
                    [33md[39m=[32m"m21 21-4.3-4.3"[39m
                  [36m/>[39m
                [36m</svg>[39m
              [36m</div>[39m
              [36m<div[39m
                [33mclass[39m=[32m"flex-1"[39m
              [36m>[39m
                [36m<div[39m
                  [33mclass[39m=[32m"text-xl 
font-semibold text-foreground"[39m
                  [33mdata-slot[39m=[32m"card-title"[39m
                [36m>[39m
                  [0mAn├ílisis de Pureza F├¡sica[0m
                [36m</div>[39m
                [36m<p[39m
                  [33mclass[39m=[32m"text-sm 
text-muted-foreground mt-1"[39m
                [36m>[39m
                  [0mAn├ílisis cuantitativo de componentes 
de semillas[0m
                [36m</p>[39m
              [36m</div>[39m
            [36m</div>[39m
          [36m</div>[39m
          [36m<div[39m
            [33mclass[39m=[32m"px-6"[39m
            [33mdata-slot[39m=[32m"card-content"[39m
          [36m>[39m
            [36m<div[39m
              [33mclass[39m=[32m"flex flex-col gap-2 
w-full"[39m
              
[33mdata-orientation[39m=[32m"horizontal"[39m
              [33mdata-slot[39m=[32m"tabs"[39m
              [33mdir[39m=[32m"ltr"[39m
            [36m>[39m
              [36m<div[39m
                
[33maria-orientation[39m=[32m"horizontal"[39m
                [33mclass[39m=[32m"bg-muted 
text-muted-foreground h-9 items-center justify-center 
rounded-lg p-[3px] flex flex-wrap gap-2 w-full mb-6"[39m
                
[33mdata-orientation[39m=[32m"horizontal"[39m
                [33mdata-slot[39m=[32m"tabs-list"[39m
                [33mrole[39m=[32m"tablist"[39m
                [33mstyle[39m=[32m"outline: none;"[39m
                [33mtabindex[39m=[32m"0"[39m
              [36m>[39m
                [36m<button[39m
                  [33maria-controls[39m=[32m"radix-:r5q:-
content-generales"[39m
                  [33maria-selected[39m=[32m"true"[39m
                  
[33mclass[39m=[32m"data-[state=active]:bg-background 
dark:data-[state=active]:text-foreground 
focus-visible:border-ring focus-visible:ring-ring/50 
focus-visible:outline-ring 
dark:data-[state=active]:border-input 
dark:data-[state=active]:bg-input/30 text-foreground 
dark:text-muted-foreground h-[calc(100%-1px)] flex-1 
justify-center rounded-md border border-transparent 
font-medium whitespace-nowrap transition-[color,box-shadow] 
focus-visible:ring-[3px] focus-visible:outline-1 
disabled:pointer-events-none disabled:opacity-50 
data-[state=active]:shadow-sm [&_svg]:pointer-events-none 
[&_svg]:shrink-0 [&_svg:not([class*='size-'])]:size-4 flex 
items-center gap-2 px-3 py-2 text-sm"[39m
                  
[33mdata-orientation[39m=[32m"horizontal"[39m
                  
[33mdata-radix-collection-item[39m=[32m""[39m
                  
[33mdata-slot[39m=[32m"tabs-trigger"[39m
                  [33mdata-state[39m=[32m"active"[39m
                  
[33mid[39m=[32m"radix-:r5q:-trigger-generales"[39m
                  [33mrole[39m=[32m"tab"[39m
                  [33mtabindex[39m=[32m"-1"[39m
                  [33mtype[39m=[32m"button"[39m
                [36m>[39m
                  [36m<svg[39m
                    [33mclass[39m=[32m"lucide 
lucide-file-text h-4 w-4"[39m
                    [33mfill[39m=[32m"none"[39m
                    [33mheight[39m=[32m"24"[39m
                    
[33mstroke[39m=[32m"currentColor"[39m
                    
[33mstroke-linecap[39m=[32m"round"[39m
                    
[33mstroke-linejoin[39m=[32m"round"[39m
                    [33mstroke-width[39m=[32m"2"[39m
                    [33mviewBox[39m=[32m"0 0 24 24"[39m
                    [33mwidth[39m=[32m"24"[39m
                    
[33mxmlns[39m=[32m"http://www.w3.org/2000/svg"[39m
                  [36m>[39m
                    [36m<path[39m
                      [33md[39m=[32m"M15 2H6a2 2 0 0 0-2 
2v16a2 2 0 0 0 2 2h12a2 2 0 0 0 2-2V7Z"[39m
                    [36m/>[39m
                    [36m<path[39m
                      [33md[39m=[32m"M14 2v4a2 2 0 0 0 2 
2h4"[39m
                    [36m/>[39m
                    [36m<path[39m
                      [33md[39m=[32m"M10 9H8"[39m
                    [36m/>[39m
                    [36m<path[39m
                      [33md[39m=[32m"M16 13H8"[39m
                    [36m/>[39m
                    [36m<path[39m
                      [33md[39m=[32m"M16 17H8"[39m
                    [36m/>[39m
                  [36m</svg>[39m
                  [0mDatos generales[0m
                [36m</button>[39m
                [36m<button[39m
                  [33maria-controls[39m=[32m"radix-:r5q:-
content-registros"[39m
                  [33maria-selected[39m=[32m"false"[39m
                  
[33mclass[39m=[32m"data-[state=active]:bg-background 
dark:data-[state=active]:text-foreground 
focus-visible:border-ring focus-visible:ring-ring/50 
focus-visible:outline-ring 
dark:data-[state=active]:border-input 
dark:data-[state=active]:bg-input/30 text-foreground 
dark:text-muted-foreground h-[calc(100%-1px)] flex-1 
justify-center rounded-md border border-transparent 
font-medium whitespace-nowrap transition-[color,box-shadow] 
focus-visible:ring-[3px] focus-visible:outline-1 
disabled:pointer-events-none disabled:opacity-50 
data-[state=active]:shadow-sm [&_svg]:pointer-events-none 
[&_svg]:shrink-0 [&_svg:not([class*='size-'])]:size-4 flex 
items-center gap-2 px-3 py-2 text-sm"[39m
                  
[33mdata-orientation[39m=[32m"horizontal"[39m
            ...

    [0m [90m 650 |[39m       
fireEvent[33m.[39mclick(registrosTab)
     [90m 651 |[39m
    [31m[1m>[22m[39m[90m 652 |[39m       expect(screen
[33m.[39mgetByTestId([32m'maleza-fields'[39m))[33m.[39
mtoBeInTheDocument()
     [90m     |[39m                     
[31m[1m^[22m[39m
     [90m 653 |[39m     })
     [90m 654 |[39m
     [90m 655 |[39m     it([32m'debe pasar los registros 
de cultivos correctamente'[39m[33m,[39m () [33m=>[39m 
{[0m

      at Object.getElementError (node_modules/@testing-libra
ry/react/node_modules/@testing-library/dom/dist/config.js:37
:19)
      at node_modules/@testing-library/react/node_modules/@t
esting-library/dom/dist/query-helpers.js:76:38
      at node_modules/@testing-library/react/node_modules/@t
esting-library/dom/dist/query-helpers.js:52:17
      at node_modules/@testing-library/react/node_modules/@t
esting-library/dom/dist/query-helpers.js:95:19
      at Object.getByTestId (__tests__/app/registro/analisis
/pureza/form-pureza.test.tsx:652:21)

  ÔùÅ PurezaFields Component Tests ÔÇ║ Test: Integraci├│n 
con componentes hijos ÔÇ║ debe pasar los registros de 
cultivos correctamente

    TestingLibraryElementError: Unable to find an element 
by: [data-testid="otros-cultivos-fields"]

    Ignored nodes: comments, script, style
    [36m<body>[39m
      [36m<div>[39m
        [36m<div[39m
          [33mclass[39m=[32m"text-card-foreground flex 
flex-col gap-6 rounded-xl py-6 border-0 shadow-sm 
bg-card"[39m
          [33mdata-slot[39m=[32m"card"[39m
        [36m>[39m
          [36m<div[39m
            [33mclass[39m=[32m"@container/card-header 
grid auto-rows-min grid-rows-[auto_auto] items-start 
gap-1.5 px-6 
has-data-[slot=card-action]:grid-cols-[1fr_auto] 
[.border-b]:pb-6 pb-4"[39m
            [33mdata-slot[39m=[32m"card-header"[39m
          [36m>[39m
            [36m<div[39m
              [33mclass[39m=[32m"flex items-center 
gap-3"[39m
            [36m>[39m
              [36m<div[39m
                [33mclass[39m=[32m"flex h-12 w-12 
items-center justify-center rounded-lg bg-gradient-to-br 
from-blue-100 to-blue-200"[39m
              [36m>[39m
                [36m<svg[39m
                  [33mclass[39m=[32m"lucide 
lucide-search h-6 w-6 text-blue-600"[39m
                  [33mfill[39m=[32m"none"[39m
                  [33mheight[39m=[32m"24"[39m
                  [33mstroke[39m=[32m"currentColor"[39m
                  [33mstroke-linecap[39m=[32m"round"[39m
                  
[33mstroke-linejoin[39m=[32m"round"[39m
                  [33mstroke-width[39m=[32m"2"[39m
                  [33mviewBox[39m=[32m"0 0 24 24"[39m
                  [33mwidth[39m=[32m"24"[39m
                  
[33mxmlns[39m=[32m"http://www.w3.org/2000/svg"[39m
                [36m>[39m
                  [36m<circle[39m
                    [33mcx[39m=[32m"11"[39m
                    [33mcy[39m=[32m"11"[39m
                    [33mr[39m=[32m"8"[39m
                  [36m/>[39m
                  [36m<path[39m
                    [33md[39m=[32m"m21 21-4.3-4.3"[39m
                  [36m/>[39m
                [36m</svg>[39m
              [36m</div>[39m
              [36m<div[39m
                [33mclass[39m=[32m"flex-1"[39m
              [36m>[39m
                [36m<div[39m
                  [33mclass[39m=[32m"text-xl 
font-semibold text-foreground"[39m
                  [33mdata-slot[39m=[32m"card-title"[39m
                [36m>[39m
                  [0mAn├ílisis de Pureza F├¡sica[0m
                [36m</div>[39m
                [36m<p[39m
                  [33mclass[39m=[32m"text-sm 
text-muted-foreground mt-1"[39m
                [36m>[39m
                  [0mAn├ílisis cuantitativo de componentes 
de semillas[0m
                [36m</p>[39m
              [36m</div>[39m
            [36m</div>[39m
          [36m</div>[39m
          [36m<div[39m
            [33mclass[39m=[32m"px-6"[39m
            [33mdata-slot[39m=[32m"card-content"[39m
          [36m>[39m
            [36m<div[39m
              [33mclass[39m=[32m"flex flex-col gap-2 
w-full"[39m
              
[33mdata-orientation[39m=[32m"horizontal"[39m
              [33mdata-slot[39m=[32m"tabs"[39m
              [33mdir[39m=[32m"ltr"[39m
            [36m>[39m
              [36m<div[39m
                
[33maria-orientation[39m=[32m"horizontal"[39m
                [33mclass[39m=[32m"bg-muted 
text-muted-foreground h-9 items-center justify-center 
rounded-lg p-[3px] flex flex-wrap gap-2 w-full mb-6"[39m
                
[33mdata-orientation[39m=[32m"horizontal"[39m
                [33mdata-slot[39m=[32m"tabs-list"[39m
                [33mrole[39m=[32m"tablist"[39m
                [33mstyle[39m=[32m"outline: none;"[39m
                [33mtabindex[39m=[32m"0"[39m
              [36m>[39m
                [36m<button[39m
                  [33maria-controls[39m=[32m"radix-:r60:-
content-generales"[39m
                  [33maria-selected[39m=[32m"true"[39m
                  
[33mclass[39m=[32m"data-[state=active]:bg-background 
dark:data-[state=active]:text-foreground 
focus-visible:border-ring focus-visible:ring-ring/50 
focus-visible:outline-ring 
dark:data-[state=active]:border-input 
dark:data-[state=active]:bg-input/30 text-foreground 
dark:text-muted-foreground h-[calc(100%-1px)] flex-1 
justify-center rounded-md border border-transparent 
font-medium whitespace-nowrap transition-[color,box-shadow] 
focus-visible:ring-[3px] focus-visible:outline-1 
disabled:pointer-events-none disabled:opacity-50 
data-[state=active]:shadow-sm [&_svg]:pointer-events-none 
[&_svg]:shrink-0 [&_svg:not([class*='size-'])]:size-4 flex 
items-center gap-2 px-3 py-2 text-sm"[39m
                  
[33mdata-orientation[39m=[32m"horizontal"[39m
                  
[33mdata-radix-collection-item[39m=[32m""[39m
                  
[33mdata-slot[39m=[32m"tabs-trigger"[39m
                  [33mdata-state[39m=[32m"active"[39m
                  
[33mid[39m=[32m"radix-:r60:-trigger-generales"[39m
                  [33mrole[39m=[32m"tab"[39m
                  [33mtabindex[39m=[32m"-1"[39m
                  [33mtype[39m=[32m"button"[39m
                [36m>[39m
                  [36m<svg[39m
                    [33mclass[39m=[32m"lucide 
lucide-file-text h-4 w-4"[39m
                    [33mfill[39m=[32m"none"[39m
                    [33mheight[39m=[32m"24"[39m
                    
[33mstroke[39m=[32m"currentColor"[39m
                    
[33mstroke-linecap[39m=[32m"round"[39m
                    
[33mstroke-linejoin[39m=[32m"round"[39m
                    [33mstroke-width[39m=[32m"2"[39m
                    [33mviewBox[39m=[32m"0 0 24 24"[39m
                    [33mwidth[39m=[32m"24"[39m
                    
[33mxmlns[39m=[32m"http://www.w3.org/2000/svg"[39m
                  [36m>[39m
                    [36m<path[39m
                      [33md[39m=[32m"M15 2H6a2 2 0 0 0-2 
2v16a2 2 0 0 0 2 2h12a2 2 0 0 0 2-2V7Z"[39m
                    [36m/>[39m
                    [36m<path[39m
                      [33md[39m=[32m"M14 2v4a2 2 0 0 0 2 
2h4"[39m
                    [36m/>[39m
                    [36m<path[39m
                      [33md[39m=[32m"M10 9H8"[39m
                    [36m/>[39m
                    [36m<path[39m
                      [33md[39m=[32m"M16 13H8"[39m
                    [36m/>[39m
                    [36m<path[39m
                      [33md[39m=[32m"M16 17H8"[39m
                    [36m/>[39m
                  [36m</svg>[39m
                  [0mDatos generales[0m
                [36m</button>[39m
                [36m<button[39m
                  [33maria-controls[39m=[32m"radix-:r60:-
content-registros"[39m
                  [33maria-selected[39m=[32m"false"[39m
                  
[33mclass[39m=[32m"data-[state=active]:bg-background 
dark:data-[state=active]:text-foreground 
focus-visible:border-ring focus-visible:ring-ring/50 
focus-visible:outline-ring 
dark:data-[state=active]:border-input 
dark:data-[state=active]:bg-input/30 text-foreground 
dark:text-muted-foreground h-[calc(100%-1px)] flex-1 
justify-center rounded-md border border-transparent 
font-medium whitespace-nowrap transition-[color,box-shadow] 
focus-visible:ring-[3px] focus-visible:outline-1 
disabled:pointer-events-none disabled:opacity-50 
data-[state=active]:shadow-sm [&_svg]:pointer-events-none 
[&_svg]:shrink-0 [&_svg:not([class*='size-'])]:size-4 flex 
items-center gap-2 px-3 py-2 text-sm"[39m
                  
[33mdata-orientation[39m=[32m"horizontal"[39m
            ...

    [0m [90m 675 |[39m       
fireEvent[33m.[39mclick(registrosTab)
     [90m 676 |[39m
    [31m[1m>[22m[39m[90m 677 |[39m       expect(screen
[33m.[39mgetByTestId([32m'otros-cultivos-fields'[39m))[
33m.[39mtoBeInTheDocument()
     [90m     |[39m                     
[31m[1m^[22m[39m
     [90m 678 |[39m     })
     [90m 679 |[39m
     [90m 680 |[39m     it([32m'debe renderizar 
CumplimientoEstandarFields en registros'[39m[33m,[39m 
[36masync[39m () [33m=>[39m {[0m

      at Object.getElementError (node_modules/@testing-libra
ry/react/node_modules/@testing-library/dom/dist/config.js:37
:19)
      at node_modules/@testing-library/react/node_modules/@t
esting-library/dom/dist/query-helpers.js:76:38
      at node_modules/@testing-library/react/node_modules/@t
esting-library/dom/dist/query-helpers.js:52:17
      at node_modules/@testing-library/react/node_modules/@t
esting-library/dom/dist/query-helpers.js:95:19
      at Object.getByTestId (__tests__/app/registro/analisis
/pureza/form-pureza.test.tsx:677:21)

  ÔùÅ PurezaFields Component Tests ÔÇ║ Test: Integraci├│n 
con componentes hijos ÔÇ║ debe renderizar 
CumplimientoEstandarFields en registros

    Unable to find an element by: 
[data-testid="cumplimiento-estandar-fields"]

    Ignored nodes: comments, script, style
    [36m<body>[39m
      [36m<div>[39m
        [36m<div[39m
          [33mclass[39m=[32m"text-card-foreground flex 
flex-col gap-6 rounded-xl py-6 border-0 shadow-sm 
bg-card"[39m
          [33mdata-slot[39m=[32m"card"[39m
        [36m>[39m
          [36m<div[39m
            [33mclass[39m=[32m"@container/card-header 
grid auto-rows-min grid-rows-[auto_auto] items-start 
gap-1.5 px-6 
has-data-[slot=card-action]:grid-cols-[1fr_auto] 
[.border-b]:pb-6 pb-4"[39m
            [33mdata-slot[39m=[32m"card-header"[39m
          [36m>[39m
            [36m<div[39m
              [33mclass[39m=[32m"flex items-center 
gap-3"[39m
            [36m>[39m
              [36m<div[39m
                [33mclass[39m=[32m"flex h-12 w-12 
items-center justify-center rounded-lg bg-gradient-to-br 
from-blue-100 to-blue-200"[39m
              [36m>[39m
                [36m<svg[39m
                  [33mclass[39m=[32m"lucide 
lucide-search h-6 w-6 text-blue-600"[39m
                  [33mfill[39m=[32m"none"[39m
                  [33mheight[39m=[32m"24"[39m
                  [33mstroke[39m=[32m"currentColor"[39m
                  [33mstroke-linecap[39m=[32m"round"[39m
                  
[33mstroke-linejoin[39m=[32m"round"[39m
                  [33mstroke-width[39m=[32m"2"[39m
                  [33mviewBox[39m=[32m"0 0 24 24"[39m
                  [33mwidth[39m=[32m"24"[39m
                  
[33mxmlns[39m=[32m"http://www.w3.org/2000/svg"[39m
                [36m>[39m
                  [36m<circle[39m
                    [33mcx[39m=[32m"11"[39m
                    [33mcy[39m=[32m"11"[39m
                    [33mr[39m=[32m"8"[39m
                  [36m/>[39m
                  [36m<path[39m
                    [33md[39m=[32m"m21 21-4.3-4.3"[39m
                  [36m/>[39m
                [36m</svg>[39m
              [36m</div>[39m
              [36m<div[39m
                [33mclass[39m=[32m"flex-1"[39m
              [36m>[39m
                [36m<div[39m
                  [33mclass[39m=[32m"text-xl 
font-semibold text-foreground"[39m
                  [33mdata-slot[39m=[32m"card-title"[39m
                [36m>[39m
                  [0mAn├ílisis de Pureza F├¡sica[0m
                [36m</div>[39m
                [36m<p[39m
                  [33mclass[39m=[32m"text-sm 
text-muted-foreground mt-1"[39m
                [36m>[39m
                  [0mAn├ílisis cuantitativo de componentes 
de semillas[0m
                [36m</p>[39m
              [36m</div>[39m
            [36m</div>[39m
          [36m</div>[39m
          [36m<div[39m
            [33mclass[39m=[32m"px-6"[39m
            [33mdata-slot[39m=[32m"card-content"[39m
          [36m>[39m
            [36m<div[39m
              [33mclass[39m=[32m"flex flex-col gap-2 
w-full"[39m
              
[33mdata-orientation[39m=[32m"horizontal"[39m
              [33mdata-slot[39m=[32m"tabs"[39m
              [33mdir[39m=[32m"ltr"[39m
            [36m>[39m
              [36m<div[39m
                
[33maria-orientation[39m=[32m"horizontal"[39m
                [33mclass[39m=[32m"bg-muted 
text-muted-foreground h-9 items-center justify-center 
rounded-lg p-[3px] flex flex-wrap gap-2 w-full mb-6"[39m
                
[33mdata-orientation[39m=[32m"horizontal"[39m
                [33mdata-slot[39m=[32m"tabs-list"[39m
                [33mrole[39m=[32m"tablist"[39m
                [33mstyle[39m=[32m"outline: none;"[39m
                [33mtabindex[39m=[32m"0"[39m
              [36m>[39m
                [36m<button[39m
                  [33maria-controls[39m=[32m"radix-:r66:-
content-generales"[39m
                  [33maria-selected[39m=[32m"true"[39m
                  
[33mclass[39m=[32m"data-[state=active]:bg-background 
dark:data-[state=active]:text-foreground 
focus-visible:border-ring focus-visible:ring-ring/50 
focus-visible:outline-ring 
dark:data-[state=active]:border-input 
dark:data-[state=active]:bg-input/30 text-foreground 
dark:text-muted-foreground h-[calc(100%-1px)] flex-1 
justify-center rounded-md border border-transparent 
font-medium whitespace-nowrap transition-[color,box-shadow] 
focus-visible:ring-[3px] focus-visible:outline-1 
disabled:pointer-events-none disabled:opacity-50 
data-[state=active]:shadow-sm [&_svg]:pointer-events-none 
[&_svg]:shrink-0 [&_svg:not([class*='size-'])]:size-4 flex 
items-center gap-2 px-3 py-2 text-sm"[39m
                  
[33mdata-orientation[39m=[32m"horizontal"[39m
                  
[33mdata-radix-collection-item[39m=[32m""[39m
                  
[33mdata-slot[39m=[32m"tabs-trigger"[39m
                  [33mdata-state[39m=[32m"active"[39m
                  
[33mid[39m=[32m"radix-:r66:-trigger-generales"[39m
                  [33mrole[39m=[32m"tab"[39m
                  [33mtabindex[39m=[32m"-1"[39m
                  [33mtype[39m=[32m"button"[39m
                [36m>[39m
                  [36m<svg[39m
                    [33mclass[39m=[32m"lucide 
lucide-file-text h-4 w-4"[39m
                    [33mfill[39m=[32m"none"[39m
                    [33mheight[39m=[32m"24"[39m
                    
[33mstroke[39m=[32m"currentColor"[39m
                    
[33mstroke-linecap[39m=[32m"round"[39m
                    
[33mstroke-linejoin[39m=[32m"round"[39m
                    [33mstroke-width[39m=[32m"2"[39m
                    [33mviewBox[39m=[32m"0 0 24 24"[39m
                    [33mwidth[39m=[32m"24"[39m
                    
[33mxmlns[39m=[32m"http://www.w3.org/2000/svg"[39m
                  [36m>[39m
                    [36m<path[39m
                      [33md[39m=[32m"M15 2H6a2 2 0 0 0-2 
2v16a2 2 0 0 0 2 2h12a2 2 0 0 0 2-2V7Z"[39m
                    [36m/>[39m
                    [36m<path[39m
                      [33md[39m=[32m"M14 2v4a2 2 0 0 0 2 
2h4"[39m
                    [36m/>[39m
                    [36m<path[39m
                      [33md[39m=[32m"M10 9H8"[39m
                    [36m/>[39m
                    [36m<path[39m
                      [33md[39m=[32m"M16 13H8"[39m
                    [36m/>[39m
                    [36m<path[39m
                      [33md[39m=[32m"M16 17H8"[39m
                    [36m/>[39m
                  [36m</svg>[39m
                  [0mDatos generales[0m
                [36m</button>[39m
                [36m<button[39m
                  [33maria-controls[39m=[32m"radix-:r66:-
content-registros"[39m
                  [33maria-selected[39m=[32m"false"[39m
                  
[33mclass[39m=[32m"data-[state=active]:bg-background 
dark:data-[state=active]:text-foreground 
focus-visible:border-ring focus-visible:ring-ring/50 
focus-visible:outline-ring 
dark:data-[state=active]:border-input 
dark:data-[state=active]:bg-input/30 text-foreground 
dark:text-muted-foreground h-[calc(100%-1px)] flex-1 
justify-center rounded-md border border-transparent 
font-medium whitespace-nowrap transition-[color,box-shadow] 
focus-visible:ring-[3px] focus-visible:outline-1 
disabled:pointer-events-none disabled:opacity-50 
data-[state=active]:shadow-sm [&_svg]:pointer-events-none 
[&_svg]:shrink-0 [&_svg:not([class*='size-'])]:size-4 flex 
items-center gap-2 px-3 py-2 text-sm"[39m
                  
[33mdata-orientation[39m=[32m"horizontal"[39m
            ...

    [0m [90m 689 |[39m       
fireEvent[33m.[39mclick(registrosTab)
     [90m 690 |[39m
    [31m[1m>[22m[39m[90m 691 |[39m       
[36mawait[39m waitFor(() [33m=>[39m {
     [90m     |[39m                    
[31m[1m^[22m[39m
     [90m 692 |[39m         expect(screen[33m.[39mgetByT
estId([32m'cumplimiento-estandar-fields'[39m))[33m.[39mt
oBeInTheDocument()
     [90m 693 |[39m       })
     [90m 694 |[39m     })[0m

      at waitForWrapper (node_modules/@testing-library/react
/node_modules/@testing-library/dom/dist/wait-for.js:163:27)
      at Object.<anonymous> (__tests__/app/registro/analisis
/pureza/form-pureza.test.tsx:691:20)

FAIL __tests__/app/listado/analisis/pureza/[id]/editar/page.
test.tsx (8.918 s)
  ÔùÅ Console

    console.log
      Cargando Pureza con ID: 1

      at log 
(app/listado/analisis/pureza/[id]/editar/page.tsx:126:17)

    console.log
      Pureza cargada exitosamente: {
        analisisID: 1,
        idLote: 1,
        lote: 'Trigo Baguette 10',
        ficha: 'F-2024-001',
        cultivarNombre: 'Baguette 10',
        especieNombre: 'Trigo',
        estado: 'EN_PROCESO',
        fechaInicio: '2024-03-01',
        comentarios: 'Comentario inicial',
        cumpleEstandar: true,
        fecha: '2024-03-01',
        pesoInicial_g: 100,
        semillaPura_g: 95.5,
        materiaInerte_g: 2.5,
        otrosCultivos_g: 1,
        malezas_g: 0.5,
        malezasToleradas_g: 0.3,
        malezasTolCero_g: 0.2,
        pesoTotal_g: 100,
        redonSemillaPura: 95.5,
        redonMateriaInerte: 2.5,
        redonOtrosCultivos: 1,
        redonMalezas: 0.5,
        redonMalezasToleradas: 0.3,
        redonMalezasTolCero: 0.2,
        redonPesoTotal: 100,
        inasePura: 95,
        inaseMateriaInerte: 2.8,
        inaseOtrosCultivos: 1.2,
        inaseMalezas: 0.5,
        inaseMalezasToleradas: 0.3,
        inaseMalezasTolCero: 0.2,
        inaseFecha: '2024-03-10',
        otrasSemillas: [],
        historial: [],
        activo: true
      }

      at log 
(app/listado/analisis/pureza/[id]/editar/page.tsx:129:17)

    console.log
      Cargando cat├ílogos de malezas...

      at log 
(app/listado/analisis/pureza/[id]/editar/page.tsx:134:19)

    console.log
      Cargando especies...

      at log 
(app/listado/analisis/pureza/[id]/editar/page.tsx:146:19)

    console.log
      Cargando Pureza con ID: 1

      at log 
(app/listado/analisis/pureza/[id]/editar/page.tsx:126:17)

    console.log
      Pureza cargada exitosamente: {
        analisisID: 1,
        idLote: 1,
        lote: 'Trigo Baguette 10',
        ficha: 'F-2024-001',
        cultivarNombre: 'Baguette 10',
        especieNombre: 'Trigo',
        estado: 'EN_PROCESO',
        fechaInicio: '2024-03-01',
        comentarios: 'Comentario inicial',
        cumpleEstandar: true,
        fecha: '2024-03-01',
        pesoInicial_g: 100,
        semillaPura_g: 95.5,
        materiaInerte_g: 2.5,
        otrosCultivos_g: 1,
        malezas_g: 0.5,
        malezasToleradas_g: 0.3,
        malezasTolCero_g: 0.2,
        pesoTotal_g: 100,
        redonSemillaPura: 95.5,
        redonMateriaInerte: 2.5,
        redonOtrosCultivos: 1,
        redonMalezas: 0.5,
        redonMalezasToleradas: 0.3,
        redonMalezasTolCero: 0.2,
        redonPesoTotal: 100,
        inasePura: 95,
        inaseMateriaInerte: 2.8,
        inaseOtrosCultivos: 1.2,
        inaseMalezas: 0.5,
        inaseMalezasToleradas: 0.3,
        inaseMalezasTolCero: 0.2,
        inaseFecha: '2024-03-10',
        otrasSemillas: [],
        historial: [],
        activo: true
      }

      at log 
(app/listado/analisis/pureza/[id]/editar/page.tsx:129:17)

    console.log
      Cargando cat├ílogos de malezas...

      at log 
(app/listado/analisis/pureza/[id]/editar/page.tsx:134:19)

    console.log
      Cargando especies...

      at log 
(app/listado/analisis/pureza/[id]/editar/page.tsx:146:19)

    console.log
      Cargando Pureza con ID: 1

      at log 
(app/listado/analisis/pureza/[id]/editar/page.tsx:126:17)

    console.log
      Pureza cargada exitosamente: {
        analisisID: 1,
        idLote: 1,
        lote: 'Trigo Baguette 10',
        ficha: 'F-2024-001',
        cultivarNombre: 'Baguette 10',
        especieNombre: 'Trigo',
        estado: 'EN_PROCESO',
        fechaInicio: '2024-03-01',
        comentarios: 'Comentario inicial',
        cumpleEstandar: true,
        fecha: '2024-03-01',
        pesoInicial_g: 100,
        semillaPura_g: 95.5,
        materiaInerte_g: 2.5,
        otrosCultivos_g: 1,
        malezas_g: 0.5,
        malezasToleradas_g: 0.3,
        malezasTolCero_g: 0.2,
        pesoTotal_g: 100,
        redonSemillaPura: 95.5,
        redonMateriaInerte: 2.5,
        redonOtrosCultivos: 1,
        redonMalezas: 0.5,
        redonMalezasToleradas: 0.3,
        redonMalezasTolCero: 0.2,
        redonPesoTotal: 100,
        inasePura: 95,
        inaseMateriaInerte: 2.8,
        inaseOtrosCultivos: 1.2,
        inaseMalezas: 0.5,
        inaseMalezasToleradas: 0.3,
        inaseMalezasTolCero: 0.2,
        inaseFecha: '2024-03-10',
        otrasSemillas: [],
        historial: [],
        activo: true
      }

      at log 
(app/listado/analisis/pureza/[id]/editar/page.tsx:129:17)

    console.log
      Cargando cat├ílogos de malezas...

      at log 
(app/listado/analisis/pureza/[id]/editar/page.tsx:134:19)

    console.log
      Cargando especies...

      at log 
(app/listado/analisis/pureza/[id]/editar/page.tsx:146:19)

    console.log
      Cargando Pureza con ID: 1

      at log 
(app/listado/analisis/pureza/[id]/editar/page.tsx:126:17)

    console.log
      Pureza cargada exitosamente: {
        analisisID: 1,
        idLote: 1,
        lote: 'Trigo Baguette 10',
        ficha: 'F-2024-001',
        cultivarNombre: 'Baguette 10',
        especieNombre: 'Trigo',
        estado: 'EN_PROCESO',
        fechaInicio: '2024-03-01',
        comentarios: 'Comentario inicial',
        cumpleEstandar: true,
        fecha: '2024-03-01',
        pesoInicial_g: 100,
        semillaPura_g: 95.5,
        materiaInerte_g: 2.5,
        otrosCultivos_g: 1,
        malezas_g: 0.5,
        malezasToleradas_g: 0.3,
        malezasTolCero_g: 0.2,
        pesoTotal_g: 100,
        redonSemillaPura: 95.5,
        redonMateriaInerte: 2.5,
        redonOtrosCultivos: 1,
        redonMalezas: 0.5,
        redonMalezasToleradas: 0.3,
        redonMalezasTolCero: 0.2,
        redonPesoTotal: 100,
        inasePura: 95,
        inaseMateriaInerte: 2.8,
        inaseOtrosCultivos: 1.2,
        inaseMalezas: 0.5,
        inaseMalezasToleradas: 0.3,
        inaseMalezasTolCero: 0.2,
        inaseFecha: '2024-03-10',
        otrasSemillas: [],
        historial: [],
        activo: true
      }

      at log 
(app/listado/analisis/pureza/[id]/editar/page.tsx:129:17)

    console.log
      Cargando cat├ílogos de malezas...

      at log 
(app/listado/analisis/pureza/[id]/editar/page.tsx:134:19)

    console.log
      Cargando especies...

      at log 
(app/listado/analisis/pureza/[id]/editar/page.tsx:146:19)

    console.log
      Cargando Pureza con ID: 1

      at log 
(app/listado/analisis/pureza/[id]/editar/page.tsx:126:17)

    console.log
      Cargando Pureza con ID: 1

      at log 
(app/listado/analisis/pureza/[id]/editar/page.tsx:126:17)

    console.error
      Error al cargar datos: Error: Error de red
          at Object.<anonymous> (C:\Nadia\ProyectoFinal\inia
-frontend-jc\__tests__\app\listado\analisis\pureza\[id]\edit
ar\page.test.tsx:209:28)
          at Promise.then.completed (C:\Nadia\ProyectoFinal\
inia-frontend-jc\node_modules\jest-circus\build\utils.js:298
:28)
          at new Promise (<anonymous>)
          at callAsyncCircusFn (C:\Nadia\ProyectoFinal\inia-
frontend-jc\node_modules\jest-circus\build\utils.js:231:10)
          at _callCircusTest (C:\Nadia\ProyectoFinal\inia-fr
ontend-jc\node_modules\jest-circus\build\run.js:316:40)
          at runNextTicks 
(node:internal/process/task_queues:65:5)
          at listOnTimeout (node:internal/timers:549:9)
          at processTimers (node:internal/timers:523:7)
          at _runTest (C:\Nadia\ProyectoFinal\inia-frontend-
jc\node_modules\jest-circus\build\run.js:252:3)
          at _runTestsForDescribeBlock (C:\Nadia\ProyectoFin
al\inia-frontend-jc\node_modules\jest-circus\build\run.js:12
6:9)
          at _runTestsForDescribeBlock (C:\Nadia\ProyectoFin
al\inia-frontend-jc\node_modules\jest-circus\build\run.js:12
1:9)
          at _runTestsForDescribeBlock (C:\Nadia\ProyectoFin
al\inia-frontend-jc\node_modules\jest-circus\build\run.js:12
1:9)
          at run (C:\Nadia\ProyectoFinal\inia-frontend-jc\no
de_modules\jest-circus\build\run.js:71:3)
          at runAndTransformResultsToJestFormat (C:\Nadia\Pr
oyectoFinal\inia-frontend-jc\node_modules\jest-circus\build\
legacy-code-todo-rewrite\jestAdapterInit.js:122:21)
          at jestAdapter (C:\Nadia\ProyectoFinal\inia-fronte
nd-jc\node_modules\jest-circus\build\legacy-code-todo-rewrit
e\jestAdapter.js:79:19)
          at runTestInternal (C:\Nadia\ProyectoFinal\inia-fr
ontend-jc\node_modules\jest-runner\build\runTest.js:367:16)
          at runTest (C:\Nadia\ProyectoFinal\inia-frontend-j
c\node_modules\jest-runner\build\runTest.js:444:34)
          at Object.worker (C:\Nadia\ProyectoFinal\inia-fron
tend-jc\node_modules\jest-runner\build\testWorker.js:106:12)

    [0m [90m 212 |[39m         })
     [90m 213 |[39m       } [36mcatch[39m (err) {
    [31m[1m>[22m[39m[90m 214 |[39m         
console[33m.[39merror([32m"Error al cargar 
datos:"[39m[33m,[39m err)
     [90m     |[39m                 [31m[1m^[22m[39m
     [90m 215 |[39m         setError([32m"Error al 
cargar los detalles del an├ílisis de Pureza"[39m)
     [90m 216 |[39m       } [36mfinally[39m {
     [90m 217 |[39m         
setLoading([36mfalse[39m)[0m

      at error 
(app/listado/analisis/pureza/[id]/editar/page.tsx:214:17)

    console.log
      Cargando Pureza con ID: 1

      at log 
(app/listado/analisis/pureza/[id]/editar/page.tsx:126:17)

    console.log
      Pureza cargada exitosamente: {
        analisisID: 1,
        idLote: 1,
        lote: 'Trigo Baguette 10',
        ficha: 'F-2024-001',
        cultivarNombre: 'Baguette 10',
        especieNombre: 'Trigo',
        estado: 'EN_PROCESO',
        fechaInicio: '2024-03-01',
        comentarios: 'Comentario inicial',
        cumpleEstandar: true,
        fecha: '2024-03-01',
        pesoInicial_g: 100,
        semillaPura_g: 95.5,
        materiaInerte_g: 2.5,
        otrosCultivos_g: 1,
        malezas_g: 0.5,
        malezasToleradas_g: 0.3,
        malezasTolCero_g: 0.2,
        pesoTotal_g: 100,
        redonSemillaPura: 95.5,
        redonMateriaInerte: 2.5,
        redonOtrosCultivos: 1,
        redonMalezas: 0.5,
        redonMalezasToleradas: 0.3,
        redonMalezasTolCero: 0.2,
        redonPesoTotal: 100,
        inasePura: 95,
        inaseMateriaInerte: 2.8,
        inaseOtrosCultivos: 1.2,
        inaseMalezas: 0.5,
        inaseMalezasToleradas: 0.3,
        inaseMalezasTolCero: 0.2,
        inaseFecha: '2024-03-10',
        otrasSemillas: [],
        historial: [],
        activo: true
      }

      at log 
(app/listado/analisis/pureza/[id]/editar/page.tsx:129:17)

    console.log
      Cargando cat├ílogos de malezas...

      at log 
(app/listado/analisis/pureza/[id]/editar/page.tsx:134:19)

    console.log
      Cargando especies...

      at log 
(app/listado/analisis/pureza/[id]/editar/page.tsx:146:19)

    console.log
      Cargando Pureza con ID: 1

      at log 
(app/listado/analisis/pureza/[id]/editar/page.tsx:126:17)

    console.log
      Pureza cargada exitosamente: {
        analisisID: 1,
        idLote: 1,
        lote: 'Trigo Baguette 10',
        ficha: 'F-2024-001',
        cultivarNombre: 'Baguette 10',
        especieNombre: 'Trigo',
        estado: 'EN_PROCESO',
        fechaInicio: '2024-03-01',
        comentarios: 'Comentario inicial',
        cumpleEstandar: true,
        fecha: '2024-03-01',
        pesoInicial_g: 100,
        semillaPura_g: 95.5,
        materiaInerte_g: 2.5,
        otrosCultivos_g: 1,
        malezas_g: 0.5,
        malezasToleradas_g: 0.3,
        malezasTolCero_g: 0.2,
        pesoTotal_g: 100,
        redonSemillaPura: 95.5,
        redonMateriaInerte: 2.5,
        redonOtrosCultivos: 1,
        redonMalezas: 0.5,
        redonMalezasToleradas: 0.3,
        redonMalezasTolCero: 0.2,
        redonPesoTotal: 100,
        inasePura: 95,
        inaseMateriaInerte: 2.8,
        inaseOtrosCultivos: 1.2,
        inaseMalezas: 0.5,
        inaseMalezasToleradas: 0.3,
        inaseMalezasTolCero: 0.2,
        inaseFecha: '2024-03-10',
        otrasSemillas: [],
        historial: [],
        activo: true
      }

      at log 
(app/listado/analisis/pureza/[id]/editar/page.tsx:129:17)

    console.log
      Cargando cat├ílogos de malezas...

      at log 
(app/listado/analisis/pureza/[id]/editar/page.tsx:134:19)

    console.log
      Cargando especies...

      at log 
(app/listado/analisis/pureza/[id]/editar/page.tsx:146:19)

    console.log
      Cargando Pureza con ID: 1

      at log 
(app/listado/analisis/pureza/[id]/editar/page.tsx:126:17)

    console.log
      Pureza cargada exitosamente: {
        analisisID: 1,
        idLote: 1,
        lote: 'Trigo Baguette 10',
        ficha: 'F-2024-001',
        cultivarNombre: 'Baguette 10',
        especieNombre: 'Trigo',
        estado: 'EN_PROCESO',
        fechaInicio: '2024-03-01',
        comentarios: 'Comentario inicial',
        cumpleEstandar: true,
        fecha: '2024-03-01',
        pesoInicial_g: 100,
        semillaPura_g: 95.5,
        materiaInerte_g: 2.5,
        otrosCultivos_g: 1,
        malezas_g: 0.5,
        malezasToleradas_g: 0.3,
        malezasTolCero_g: 0.2,
        pesoTotal_g: 100,
        redonSemillaPura: 95.5,
        redonMateriaInerte: 2.5,
        redonOtrosCultivos: 1,
        redonMalezas: 0.5,
        redonMalezasToleradas: 0.3,
        redonMalezasTolCero: 0.2,
        redonPesoTotal: 100,
        inasePura: 95,
        inaseMateriaInerte: 2.8,
        inaseOtrosCultivos: 1.2,
        inaseMalezas: 0.5,
        inaseMalezasToleradas: 0.3,
        inaseMalezasTolCero: 0.2,
        inaseFecha: '2024-03-10',
        otrasSemillas: [],
        historial: [],
        activo: true
      }

      at log 
(app/listado/analisis/pureza/[id]/editar/page.tsx:129:17)

    console.log
      Cargando cat├ílogos de malezas...

      at log 
(app/listado/analisis/pureza/[id]/editar/page.tsx:134:19)

    console.log
      Cargando especies...

      at log 
(app/listado/analisis/pureza/[id]/editar/page.tsx:146:19)

    console.log
      Cargando Pureza con ID: 1

      at log 
(app/listado/analisis/pureza/[id]/editar/page.tsx:126:17)

    console.log
      Pureza cargada exitosamente: {
        analisisID: 1,
        idLote: 1,
        lote: 'Trigo Baguette 10',
        ficha: 'F-2024-001',
        cultivarNombre: 'Baguette 10',
        especieNombre: 'Trigo',
        estado: 'EN_PROCESO',
        fechaInicio: '2024-03-01',
        comentarios: 'Comentario inicial',
        cumpleEstandar: true,
        fecha: '2024-03-01',
        pesoInicial_g: 100,
        semillaPura_g: 95.5,
        materiaInerte_g: 2.5,
        otrosCultivos_g: 1,
        malezas_g: 0.5,
        malezasToleradas_g: 0.3,
        malezasTolCero_g: 0.2,
        pesoTotal_g: 100,
        redonSemillaPura: 95.5,
        redonMateriaInerte: 2.5,
        redonOtrosCultivos: 1,
        redonMalezas: 0.5,
        redonMalezasToleradas: 0.3,
        redonMalezasTolCero: 0.2,
        redonPesoTotal: 100,
        inasePura: 95,
        inaseMateriaInerte: 2.8,
        inaseOtrosCultivos: 1.2,
        inaseMalezas: 0.5,
        inaseMalezasToleradas: 0.3,
        inaseMalezasTolCero: 0.2,
        inaseFecha: '2024-03-10',
        otrasSemillas: [],
        historial: [],
        activo: true
      }

      at log 
(app/listado/analisis/pureza/[id]/editar/page.tsx:129:17)

    console.log
      Cargando cat├ílogos de malezas...

      at log 
(app/listado/analisis/pureza/[id]/editar/page.tsx:134:19)

    console.log
      Cargando especies...

      at log 
(app/listado/analisis/pureza/[id]/editar/page.tsx:146:19)

    console.log
      Cargando Pureza con ID: 1

      at log 
(app/listado/analisis/pureza/[id]/editar/page.tsx:126:17)

    console.log
      Pureza cargada exitosamente: {
        analisisID: 1,
        idLote: 1,
        lote: 'Trigo Baguette 10',
        ficha: 'F-2024-001',
        cultivarNombre: 'Baguette 10',
        especieNombre: 'Trigo',
        estado: 'EN_PROCESO',
        fechaInicio: '2024-03-01',
        comentarios: 'Comentario inicial',
        cumpleEstandar: true,
        fecha: '2024-03-01',
        pesoInicial_g: 100,
        semillaPura_g: 95.5,
        materiaInerte_g: 2.5,
        otrosCultivos_g: 1,
        malezas_g: 0.5,
        malezasToleradas_g: 0.3,
        malezasTolCero_g: 0.2,
        pesoTotal_g: 100,
        redonSemillaPura: 95.5,
        redonMateriaInerte: 2.5,
        redonOtrosCultivos: 1,
        redonMalezas: 0.5,
        redonMalezasToleradas: 0.3,
        redonMalezasTolCero: 0.2,
        redonPesoTotal: 100,
        inasePura: 95,
        inaseMateriaInerte: 2.8,
        inaseOtrosCultivos: 1.2,
        inaseMalezas: 0.5,
        inaseMalezasToleradas: 0.3,
        inaseMalezasTolCero: 0.2,
        inaseFecha: '2024-03-10',
        otrasSemillas: [],
        historial: [],
        activo: true
      }

      at log 
(app/listado/analisis/pureza/[id]/editar/page.tsx:129:17)

    console.log
      Cargando cat├ílogos de malezas...

      at log 
(app/listado/analisis/pureza/[id]/editar/page.tsx:134:19)

    console.log
      Cargando especies...

      at log 
(app/listado/analisis/pureza/[id]/editar/page.tsx:146:19)

    console.log
      Cargando Pureza con ID: 1

      at log 
(app/listado/analisis/pureza/[id]/editar/page.tsx:126:17)

    console.log
      Pureza cargada exitosamente: {
        analisisID: 1,
        idLote: 1,
        lote: 'Trigo Baguette 10',
        ficha: 'F-2024-001',
        cultivarNombre: 'Baguette 10',
        especieNombre: 'Trigo',
        estado: 'EN_PROCESO',
        fechaInicio: '2024-03-01',
        comentarios: 'Comentario inicial',
        cumpleEstandar: true,
        fecha: '2024-03-01',
        pesoInicial_g: 100,
        semillaPura_g: 95.5,
        materiaInerte_g: 2.5,
        otrosCultivos_g: 1,
        malezas_g: 0.5,
        malezasToleradas_g: 0.3,
        malezasTolCero_g: 0.2,
        pesoTotal_g: 100,
        redonSemillaPura: 95.5,
        redonMateriaInerte: 2.5,
        redonOtrosCultivos: 1,
        redonMalezas: 0.5,
        redonMalezasToleradas: 0.3,
        redonMalezasTolCero: 0.2,
        redonPesoTotal: 100,
        inasePura: 95,
        inaseMateriaInerte: 2.8,
        inaseOtrosCultivos: 1.2,
        inaseMalezas: 0.5,
        inaseMalezasToleradas: 0.3,
        inaseMalezasTolCero: 0.2,
        inaseFecha: '2024-03-10',
        otrasSemillas: [],
        historial: [],
        activo: true
      }

      at log 
(app/listado/analisis/pureza/[id]/editar/page.tsx:129:17)

    console.log
      Cargando cat├ílogos de malezas...

      at log 
(app/listado/analisis/pureza/[id]/editar/page.tsx:134:19)

    console.log
      Cargando especies...

      at log 
(app/listado/analisis/pureza/[id]/editar/page.tsx:146:19)

    console.log
      Cargando Pureza con ID: 1

      at log 
(app/listado/analisis/pureza/[id]/editar/page.tsx:126:17)

    console.log
      Pureza cargada exitosamente: {
        analisisID: 1,
        idLote: 1,
        lote: 'Trigo Baguette 10',
        ficha: 'F-2024-001',
        cultivarNombre: 'Baguette 10',
        especieNombre: 'Trigo',
        estado: 'EN_PROCESO',
        fechaInicio: '2024-03-01',
        comentarios: 'Comentario inicial',
        cumpleEstandar: true,
        fecha: '2024-03-01',
        pesoInicial_g: 100,
        semillaPura_g: 95.5,
        materiaInerte_g: 2.5,
        otrosCultivos_g: 1,
        malezas_g: 0.5,
        malezasToleradas_g: 0.3,
        malezasTolCero_g: 0.2,
        pesoTotal_g: 100,
        redonSemillaPura: 95.5,
        redonMateriaInerte: 2.5,
        redonOtrosCultivos: 1,
        redonMalezas: 0.5,
        redonMalezasToleradas: 0.3,
        redonMalezasTolCero: 0.2,
        redonPesoTotal: 100,
        inasePura: 95,
        inaseMateriaInerte: 2.8,
        inaseOtrosCultivos: 1.2,
        inaseMalezas: 0.5,
        inaseMalezasToleradas: 0.3,
        inaseMalezasTolCero: 0.2,
        inaseFecha: '2024-03-10',
        otrasSemillas: [],
        historial: [],
        activo: true
      }

      at log 
(app/listado/analisis/pureza/[id]/editar/page.tsx:129:17)

    console.log
      Cargando cat├ílogos de malezas...

      at log 
(app/listado/analisis/pureza/[id]/editar/page.tsx:134:19)

    console.log
      Cargando especies...

      at log 
(app/listado/analisis/pureza/[id]/editar/page.tsx:146:19)

    console.log
      Cargando Pureza con ID: 1

      at log 
(app/listado/analisis/pureza/[id]/editar/page.tsx:126:17)

    console.log
      Pureza cargada exitosamente: {
        analisisID: 1,
        idLote: 1,
        lote: 'Trigo Baguette 10',
        ficha: 'F-2024-001',
        cultivarNombre: 'Baguette 10',
        especieNombre: 'Trigo',
        estado: 'EN_PROCESO',
        fechaInicio: '2024-03-01',
        comentarios: 'Comentario inicial',
        cumpleEstandar: true,
        fecha: '2024-03-01',
        pesoInicial_g: 100,
        semillaPura_g: 95.5,
        materiaInerte_g: 2.5,
        otrosCultivos_g: 1,
        malezas_g: 0.5,
        malezasToleradas_g: 0.3,
        malezasTolCero_g: 0.2,
        pesoTotal_g: 100,
        redonSemillaPura: 95.5,
        redonMateriaInerte: 2.5,
        redonOtrosCultivos: 1,
        redonMalezas: 0.5,
        redonMalezasToleradas: 0.3,
        redonMalezasTolCero: 0.2,
        redonPesoTotal: 100,
        inasePura: 95,
        inaseMateriaInerte: 2.8,
        inaseOtrosCultivos: 1.2,
        inaseMalezas: 0.5,
        inaseMalezasToleradas: 0.3,
        inaseMalezasTolCero: 0.2,
        inaseFecha: '2024-03-10',
        otrasSemillas: [],
        historial: [],
        activo: true
      }

      at log 
(app/listado/analisis/pureza/[id]/editar/page.tsx:129:17)

    console.log
      Cargando cat├ílogos de malezas...

      at log 
(app/listado/analisis/pureza/[id]/editar/page.tsx:134:19)

    console.log
      Cargando especies...

      at log 
(app/listado/analisis/pureza/[id]/editar/page.tsx:146:19)

    console.log
      Cargando Pureza con ID: 1

      at log 
(app/listado/analisis/pureza/[id]/editar/page.tsx:126:17)

    console.log
      Pureza cargada exitosamente: {
        analisisID: 1,
        idLote: 1,
        lote: 'Trigo Baguette 10',
        ficha: 'F-2024-001',
        cultivarNombre: 'Baguette 10',
        especieNombre: 'Trigo',
        estado: 'EN_PROCESO',
        fechaInicio: '2024-03-01',
        comentarios: 'Comentario inicial',
        cumpleEstandar: true,
        fecha: '2024-03-01',
        pesoInicial_g: 100,
        semillaPura_g: 95.5,
        materiaInerte_g: 2.5,
        otrosCultivos_g: 1,
        malezas_g: 0.5,
        malezasToleradas_g: 0.3,
        malezasTolCero_g: 0.2,
        pesoTotal_g: 100,
        redonSemillaPura: 95.5,
        redonMateriaInerte: 2.5,
        redonOtrosCultivos: 1,
        redonMalezas: 0.5,
        redonMalezasToleradas: 0.3,
        redonMalezasTolCero: 0.2,
        redonPesoTotal: 100,
        inasePura: 95,
        inaseMateriaInerte: 2.8,
        inaseOtrosCultivos: 1.2,
        inaseMalezas: 0.5,
        inaseMalezasToleradas: 0.3,
        inaseMalezasTolCero: 0.2,
        inaseFecha: '2024-03-10',
        otrasSemillas: [],
        historial: [],
        activo: true
      }

      at log 
(app/listado/analisis/pureza/[id]/editar/page.tsx:129:17)

    console.log
      Cargando cat├ílogos de malezas...

      at log 
(app/listado/analisis/pureza/[id]/editar/page.tsx:134:19)

    console.log
      Cargando especies...

      at log 
(app/listado/analisis/pureza/[id]/editar/page.tsx:146:19)

    console.log
      Cargando Pureza con ID: 1

      at log 
(app/listado/analisis/pureza/[id]/editar/page.tsx:126:17)

    console.log
      Pureza cargada exitosamente: {
        analisisID: 1,
        idLote: 1,
        lote: 'Trigo Baguette 10',
        ficha: 'F-2024-001',
        cultivarNombre: 'Baguette 10',
        especieNombre: 'Trigo',
        estado: 'EN_PROCESO',
        fechaInicio: '2024-03-01',
        comentarios: 'Comentario inicial',
        cumpleEstandar: true,
        fecha: '2024-03-01',
        pesoInicial_g: 100,
        semillaPura_g: 95.5,
        materiaInerte_g: 2.5,
        otrosCultivos_g: 1,
        malezas_g: 0.5,
        malezasToleradas_g: 0.3,
        malezasTolCero_g: 0.2,
        pesoTotal_g: 100,
        redonSemillaPura: 95.5,
        redonMateriaInerte: 2.5,
        redonOtrosCultivos: 1,
        redonMalezas: 0.5,
        redonMalezasToleradas: 0.3,
        redonMalezasTolCero: 0.2,
        redonPesoTotal: 100,
        inasePura: 95,
        inaseMateriaInerte: 2.8,
        inaseOtrosCultivos: 1.2,
        inaseMalezas: 0.5,
        inaseMalezasToleradas: 0.3,
        inaseMalezasTolCero: 0.2,
        inaseFecha: '2024-03-10',
        otrasSemillas: [],
        historial: [],
        activo: true
      }

      at log 
(app/listado/analisis/pureza/[id]/editar/page.tsx:129:17)

    console.log
      Cargando cat├ílogos de malezas...

      at log 
(app/listado/analisis/pureza/[id]/editar/page.tsx:134:19)

    console.log
      Cargando especies...

      at log 
(app/listado/analisis/pureza/[id]/editar/page.tsx:146:19)

    console.log
      Cargando Pureza con ID: 1

      at log 
(app/listado/analisis/pureza/[id]/editar/page.tsx:126:17)

    console.log
      Pureza cargada exitosamente: {
        analisisID: 1,
        idLote: 1,
        lote: 'Trigo Baguette 10',
        ficha: 'F-2024-001',
        cultivarNombre: 'Baguette 10',
        especieNombre: 'Trigo',
        estado: 'EN_PROCESO',
        fechaInicio: '2024-03-01',
        comentarios: 'Comentario inicial',
        cumpleEstandar: true,
        fecha: '2024-03-01',
        pesoInicial_g: 100,
        semillaPura_g: 95.5,
        materiaInerte_g: 2.5,
        otrosCultivos_g: 1,
        malezas_g: 0.5,
        malezasToleradas_g: 0.3,
        malezasTolCero_g: 0.2,
        pesoTotal_g: 100,
        redonSemillaPura: 95.5,
        redonMateriaInerte: 2.5,
        redonOtrosCultivos: 1,
        redonMalezas: 0.5,
        redonMalezasToleradas: 0.3,
        redonMalezasTolCero: 0.2,
        redonPesoTotal: 100,
        inasePura: 95,
        inaseMateriaInerte: 2.8,
        inaseOtrosCultivos: 1.2,
        inaseMalezas: 0.5,
        inaseMalezasToleradas: 0.3,
        inaseMalezasTolCero: 0.2,
        inaseFecha: '2024-03-10',
        otrasSemillas: [],
        historial: [],
        activo: true
      }

      at log 
(app/listado/analisis/pureza/[id]/editar/page.tsx:129:17)

    console.log
      Cargando cat├ílogos de malezas...

      at log 
(app/listado/analisis/pureza/[id]/editar/page.tsx:134:19)

    console.log
      Cargando especies...

      at log 
(app/listado/analisis/pureza/[id]/editar/page.tsx:146:19)

    console.log
      Cargando Pureza con ID: 1

      at log 
(app/listado/analisis/pureza/[id]/editar/page.tsx:126:17)

    console.log
      Pureza cargada exitosamente: {
        analisisID: 1,
        idLote: 1,
        lote: 'Trigo Baguette 10',
        ficha: 'F-2024-001',
        cultivarNombre: 'Baguette 10',
        especieNombre: 'Trigo',
        estado: 'EN_PROCESO',
        fechaInicio: '2024-03-01',
        comentarios: 'Comentario inicial',
        cumpleEstandar: true,
        fecha: '2024-03-01',
        pesoInicial_g: 100,
        semillaPura_g: 95.5,
        materiaInerte_g: 2.5,
        otrosCultivos_g: 1,
        malezas_g: 0.5,
        malezasToleradas_g: 0.3,
        malezasTolCero_g: 0.2,
        pesoTotal_g: 100,
        redonSemillaPura: 95.5,
        redonMateriaInerte: 2.5,
        redonOtrosCultivos: 1,
        redonMalezas: 0.5,
        redonMalezasToleradas: 0.3,
        redonMalezasTolCero: 0.2,
        redonPesoTotal: 100,
        inasePura: 95,
        inaseMateriaInerte: 2.8,
        inaseOtrosCultivos: 1.2,
        inaseMalezas: 0.5,
        inaseMalezasToleradas: 0.3,
        inaseMalezasTolCero: 0.2,
        inaseFecha: '2024-03-10',
        otrasSemillas: [],
        historial: [],
        activo: true
      }

      at log 
(app/listado/analisis/pureza/[id]/editar/page.tsx:129:17)

    console.log
      Cargando cat├ílogos de malezas...

      at log 
(app/listado/analisis/pureza/[id]/editar/page.tsx:134:19)

    console.log
      Cargando especies...

      at log 
(app/listado/analisis/pureza/[id]/editar/page.tsx:146:19)

    console.log
      Cargando Pureza con ID: 1

      at log 
(app/listado/analisis/pureza/[id]/editar/page.tsx:126:17)

    console.log
      Pureza cargada exitosamente: {
        analisisID: 1,
        idLote: 1,
        lote: 'Trigo Baguette 10',
        ficha: 'F-2024-001',
        cultivarNombre: 'Baguette 10',
        especieNombre: 'Trigo',
        estado: 'EN_PROCESO',
        fechaInicio: '2024-03-01',
        comentarios: 'Comentario inicial',
        cumpleEstandar: true,
        fecha: '2024-03-01',
        pesoInicial_g: 100,
        semillaPura_g: 95.5,
        materiaInerte_g: 2.5,
        otrosCultivos_g: 1,
        malezas_g: 0.5,
        malezasToleradas_g: 0.3,
        malezasTolCero_g: 0.2,
        pesoTotal_g: 100,
        redonSemillaPura: 95.5,
        redonMateriaInerte: 2.5,
        redonOtrosCultivos: 1,
        redonMalezas: 0.5,
        redonMalezasToleradas: 0.3,
        redonMalezasTolCero: 0.2,
        redonPesoTotal: 100,
        inasePura: 95,
        inaseMateriaInerte: 2.8,
        inaseOtrosCultivos: 1.2,
        inaseMalezas: 0.5,
        inaseMalezasToleradas: 0.3,
        inaseMalezasTolCero: 0.2,
        inaseFecha: '2024-03-10',
        otrasSemillas: [],
        historial: [],
        activo: true
      }

      at log 
(app/listado/analisis/pureza/[id]/editar/page.tsx:129:17)

    console.log
      Cargando cat├ílogos de malezas...

      at log 
(app/listado/analisis/pureza/[id]/editar/page.tsx:134:19)

    console.log
      Cargando especies...

      at log 
(app/listado/analisis/pureza/[id]/editar/page.tsx:146:19)

    console.log
      Cargando Pureza con ID: 1

      at log 
(app/listado/analisis/pureza/[id]/editar/page.tsx:126:17)

    console.log
      Pureza cargada exitosamente: {
        analisisID: 1,
        idLote: 1,
        lote: 'Trigo Baguette 10',
        ficha: 'F-2024-001',
        cultivarNombre: 'Baguette 10',
        especieNombre: 'Trigo',
        estado: 'EN_PROCESO',
        fechaInicio: '2024-03-01',
        comentarios: 'Comentario inicial',
        cumpleEstandar: true,
        fecha: '2024-03-01',
        pesoInicial_g: 100,
        semillaPura_g: 95.5,
        materiaInerte_g: 2.5,
        otrosCultivos_g: 1,
        malezas_g: 0.5,
        malezasToleradas_g: 0.3,
        malezasTolCero_g: 0.2,
        pesoTotal_g: 100,
        redonSemillaPura: 95.5,
        redonMateriaInerte: 2.5,
        redonOtrosCultivos: 1,
        redonMalezas: 0.5,
        redonMalezasToleradas: 0.3,
        redonMalezasTolCero: 0.2,
        redonPesoTotal: 100,
        inasePura: 95,
        inaseMateriaInerte: 2.8,
        inaseOtrosCultivos: 1.2,
        inaseMalezas: 0.5,
        inaseMalezasToleradas: 0.3,
        inaseMalezasTolCero: 0.2,
        inaseFecha: '2024-03-10',
        otrasSemillas: [],
        historial: [],
        activo: true
      }

      at log 
(app/listado/analisis/pureza/[id]/editar/page.tsx:129:17)

    console.log
      Cargando cat├ílogos de malezas...

      at log 
(app/listado/analisis/pureza/[id]/editar/page.tsx:134:19)

    console.log
      Cargando especies...

      at log 
(app/listado/analisis/pureza/[id]/editar/page.tsx:146:19)

    console.error
      Error updating Pureza: Error: Error de red
          at Object.<anonymous> (C:\Nadia\ProyectoFinal\inia
-frontend-jc\__tests__\app\listado\analisis\pureza\[id]\edit
ar\page.test.tsx:445:28)
          at Promise.then.completed (C:\Nadia\ProyectoFinal\
inia-frontend-jc\node_modules\jest-circus\build\utils.js:298
:28)
          at new Promise (<anonymous>)
          at callAsyncCircusFn (C:\Nadia\ProyectoFinal\inia-
frontend-jc\node_modules\jest-circus\build\utils.js:231:10)
          at _callCircusTest (C:\Nadia\ProyectoFinal\inia-fr
ontend-jc\node_modules\jest-circus\build\run.js:316:40)
          at _runTest (C:\Nadia\ProyectoFinal\inia-frontend-
jc\node_modules\jest-circus\build\run.js:252:3)
          at _runTestsForDescribeBlock (C:\Nadia\ProyectoFin
al\inia-frontend-jc\node_modules\jest-circus\build\run.js:12
6:9)
          at _runTestsForDescribeBlock (C:\Nadia\ProyectoFin
al\inia-frontend-jc\node_modules\jest-circus\build\run.js:12
1:9)
          at _runTestsForDescribeBlock (C:\Nadia\ProyectoFin
al\inia-frontend-jc\node_modules\jest-circus\build\run.js:12
1:9)
          at run (C:\Nadia\ProyectoFinal\inia-frontend-jc\no
de_modules\jest-circus\build\run.js:71:3)
          at runAndTransformResultsToJestFormat (C:\Nadia\Pr
oyectoFinal\inia-frontend-jc\node_modules\jest-circus\build\
legacy-code-todo-rewrite\jestAdapterInit.js:122:21)
          at jestAdapter (C:\Nadia\ProyectoFinal\inia-fronte
nd-jc\node_modules\jest-circus\build\legacy-code-todo-rewrit
e\jestAdapter.js:79:19)
          at runTestInternal (C:\Nadia\ProyectoFinal\inia-fr
ontend-jc\node_modules\jest-runner\build\runTest.js:367:16)
          at runTest (C:\Nadia\ProyectoFinal\inia-frontend-j
c\node_modules\jest-runner\build\runTest.js:444:34)
          at Object.worker (C:\Nadia\ProyectoFinal\inia-fron
tend-jc\node_modules\jest-runner\build\testWorker.js:106:12)

    [0m [90m 409 |[39m       router[33m.[39mpush([32m`
/listado/analisis/pureza/${purezaId}`[39m)
     [90m 410 |[39m     } [36mcatch[39m (err) {
    [31m[1m>[22m[39m[90m 411 |[39m       
console[33m.[39merror([32m"Error updating 
Pureza:"[39m[33m,[39m err)
     [90m     |[39m               [31m[1m^[22m[39m
     [90m 412 |[39m       
toast[33m.[39merror([32m"Error al actualizar el 
an├ílisis de Pureza"[39m)
     [90m 413 |[39m     } [36mfinally[39m {
     [90m 414 |[39m       setSaving([36mfalse[39m)[0m

      at error 
(app/listado/analisis/pureza/[id]/editar/page.tsx:411:15)

    console.log
      Cargando Pureza con ID: 1

      at log 
(app/listado/analisis/pureza/[id]/editar/page.tsx:126:17)

    console.log
      Pureza cargada exitosamente: {
        analisisID: 1,
        idLote: 1,
        lote: 'Trigo Baguette 10',
        ficha: 'F-2024-001',
        cultivarNombre: 'Baguette 10',
        especieNombre: 'Trigo',
        estado: 'EN_PROCESO',
        fechaInicio: '2024-03-01',
        comentarios: 'Comentario inicial',
        cumpleEstandar: true,
        fecha: '2024-03-01',
        pesoInicial_g: 100,
        semillaPura_g: 95.5,
        materiaInerte_g: 2.5,
        otrosCultivos_g: 1,
        malezas_g: 0.5,
        malezasToleradas_g: 0.3,
        malezasTolCero_g: 0.2,
        pesoTotal_g: 100,
        redonSemillaPura: 95.5,
        redonMateriaInerte: 2.5,
        redonOtrosCultivos: 1,
        redonMalezas: 0.5,
        redonMalezasToleradas: 0.3,
        redonMalezasTolCero: 0.2,
        redonPesoTotal: 100,
        inasePura: 95,
        inaseMateriaInerte: 2.8,
        inaseOtrosCultivos: 1.2,
        inaseMalezas: 0.5,
        inaseMalezasToleradas: 0.3,
        inaseMalezasTolCero: 0.2,
        inaseFecha: '2024-03-10',
        otrasSemillas: [],
        historial: [],
        activo: true
      }

      at log 
(app/listado/analisis/pureza/[id]/editar/page.tsx:129:17)

    console.log
      Cargando cat├ílogos de malezas...

      at log 
(app/listado/analisis/pureza/[id]/editar/page.tsx:134:19)

    console.log
      Cargando especies...

      at log 
(app/listado/analisis/pureza/[id]/editar/page.tsx:146:19)

    console.log
      Cargando Pureza con ID: 1

      at log 
(app/listado/analisis/pureza/[id]/editar/page.tsx:126:17)

    console.log
      Pureza cargada exitosamente: {
        analisisID: 1,
        idLote: 1,
        lote: 'Trigo Baguette 10',
        ficha: 'F-2024-001',
        cultivarNombre: 'Baguette 10',
        especieNombre: 'Trigo',
        estado: 'EN_PROCESO',
        fechaInicio: '2024-03-01',
        comentarios: 'Comentario inicial',
        cumpleEstandar: true,
        fecha: '2024-03-01',
        pesoInicial_g: 100,
        semillaPura_g: 95.5,
        materiaInerte_g: 2.5,
        otrosCultivos_g: 1,
        malezas_g: 0.5,
        malezasToleradas_g: 0.3,
        malezasTolCero_g: 0.2,
        pesoTotal_g: 100,
        redonSemillaPura: 95.5,
        redonMateriaInerte: 2.5,
        redonOtrosCultivos: 1,
        redonMalezas: 0.5,
        redonMalezasToleradas: 0.3,
        redonMalezasTolCero: 0.2,
        redonPesoTotal: 100,
        inasePura: 95,
        inaseMateriaInerte: 2.8,
        inaseOtrosCultivos: 1.2,
        inaseMalezas: 0.5,
        inaseMalezasToleradas: 0.3,
        inaseMalezasTolCero: 0.2,
        inaseFecha: '2024-03-10',
        otrasSemillas: [],
        historial: [],
        activo: true
      }

      at log 
(app/listado/analisis/pureza/[id]/editar/page.tsx:129:17)

    console.log
      Cargando cat├ílogos de malezas...

      at log 
(app/listado/analisis/pureza/[id]/editar/page.tsx:134:19)

    console.log
      Cargando especies...

      at log 
(app/listado/analisis/pureza/[id]/editar/page.tsx:146:19)

    console.log
      Cargando Pureza con ID: 1

      at log 
(app/listado/analisis/pureza/[id]/editar/page.tsx:126:17)

    console.log
      Pureza cargada exitosamente: {
        analisisID: 1,
        idLote: 1,
        lote: 'Trigo Baguette 10',
        ficha: 'F-2024-001',
        cultivarNombre: 'Baguette 10',
        especieNombre: 'Trigo',
        estado: 'EN_PROCESO',
        fechaInicio: '2024-03-01',
        comentarios: 'Comentario inicial',
        cumpleEstandar: true,
        fecha: '2024-03-01',
        pesoInicial_g: 100,
        semillaPura_g: 95.5,
        materiaInerte_g: 2.5,
        otrosCultivos_g: 1,
        malezas_g: 0.5,
        malezasToleradas_g: 0.3,
        malezasTolCero_g: 0.2,
        pesoTotal_g: 100,
        redonSemillaPura: 95.5,
        redonMateriaInerte: 2.5,
        redonOtrosCultivos: 1,
        redonMalezas: 0.5,
        redonMalezasToleradas: 0.3,
        redonMalezasTolCero: 0.2,
        redonPesoTotal: 100,
        inasePura: 95,
        inaseMateriaInerte: 2.8,
        inaseOtrosCultivos: 1.2,
        inaseMalezas: 0.5,
        inaseMalezasToleradas: 0.3,
        inaseMalezasTolCero: 0.2,
        inaseFecha: '2024-03-10',
        otrasSemillas: [],
        historial: [],
        activo: true
      }

      at log 
(app/listado/analisis/pureza/[id]/editar/page.tsx:129:17)

    console.log
      Cargando cat├ílogos de malezas...

      at log 
(app/listado/analisis/pureza/[id]/editar/page.tsx:134:19)

    console.log
      Cargando especies...

      at log 
(app/listado/analisis/pureza/[id]/editar/page.tsx:146:19)

    console.log
      Cargando Pureza con ID: 1

      at log 
(app/listado/analisis/pureza/[id]/editar/page.tsx:126:17)

    console.log
      Pureza cargada exitosamente: {
        analisisID: 1,
        idLote: 1,
        lote: 'Trigo Baguette 10',
        ficha: 'F-2024-001',
        cultivarNombre: 'Baguette 10',
        especieNombre: 'Trigo',
        estado: 'EN_PROCESO',
        fechaInicio: '2024-03-01',
        comentarios: 'Comentario inicial',
        cumpleEstandar: true,
        fecha: '2024-03-01',
        pesoInicial_g: 100,
        semillaPura_g: 95.5,
        materiaInerte_g: 2.5,
        otrosCultivos_g: 1,
        malezas_g: 0.5,
        malezasToleradas_g: 0.3,
        malezasTolCero_g: 0.2,
        pesoTotal_g: 100,
        redonSemillaPura: 95.5,
        redonMateriaInerte: 2.5,
        redonOtrosCultivos: 1,
        redonMalezas: 0.5,
        redonMalezasToleradas: 0.3,
        redonMalezasTolCero: 0.2,
        redonPesoTotal: 100,
        inasePura: 95,
        inaseMateriaInerte: 2.8,
        inaseOtrosCultivos: 1.2,
        inaseMalezas: 0.5,
        inaseMalezasToleradas: 0.3,
        inaseMalezasTolCero: 0.2,
        inaseFecha: '2024-03-10',
        otrasSemillas: [],
        historial: [],
        activo: true
      }

      at log 
(app/listado/analisis/pureza/[id]/editar/page.tsx:129:17)

    console.log
      Cargando cat├ílogos de malezas...

      at log 
(app/listado/analisis/pureza/[id]/editar/page.tsx:134:19)

    console.log
      Cargando especies...

      at log 
(app/listado/analisis/pureza/[id]/editar/page.tsx:146:19)

    console.log
      Cargando Pureza con ID: 1

      at log 
(app/listado/analisis/pureza/[id]/editar/page.tsx:126:17)

    console.log
      Pureza cargada exitosamente: {
        analisisID: 1,
        idLote: 1,
        lote: 'Trigo Baguette 10',
        ficha: 'F-2024-001',
        cultivarNombre: 'Baguette 10',
        especieNombre: 'Trigo',
        estado: 'EN_PROCESO',
        fechaInicio: '2024-03-01',
        comentarios: 'Comentario inicial',
        cumpleEstandar: true,
        fecha: '2024-03-01',
        pesoInicial_g: 100,
        semillaPura_g: 95.5,
        materiaInerte_g: 2.5,
        otrosCultivos_g: 1,
        malezas_g: 0.5,
        malezasToleradas_g: 0.3,
        malezasTolCero_g: 0.2,
        pesoTotal_g: 100,
        redonSemillaPura: 95.5,
        redonMateriaInerte: 2.5,
        redonOtrosCultivos: 1,
        redonMalezas: 0.5,
        redonMalezasToleradas: 0.3,
        redonMalezasTolCero: 0.2,
        redonPesoTotal: 100,
        inasePura: 95,
        inaseMateriaInerte: 2.8,
        inaseOtrosCultivos: 1.2,
        inaseMalezas: 0.5,
        inaseMalezasToleradas: 0.3,
        inaseMalezasTolCero: 0.2,
        inaseFecha: '2024-03-10',
        otrasSemillas: [],
        historial: [],
        activo: true
      }

      at log 
(app/listado/analisis/pureza/[id]/editar/page.tsx:129:17)

    console.log
      Cargando cat├ílogos de malezas...

      at log 
(app/listado/analisis/pureza/[id]/editar/page.tsx:134:19)

    console.log
      Cargando especies...

      at log 
(app/listado/analisis/pureza/[id]/editar/page.tsx:146:19)

    console.log
      Cargando Pureza con ID: 1

      at log 
(app/listado/analisis/pureza/[id]/editar/page.tsx:126:17)

    console.log
      Pureza cargada exitosamente: {
        analisisID: 1,
        idLote: 1,
        lote: 'Trigo Baguette 10',
        ficha: 'F-2024-001',
        cultivarNombre: 'Baguette 10',
        especieNombre: 'Trigo',
        estado: 'EN_PROCESO',
        fechaInicio: '2024-03-01',
        comentarios: 'Comentario inicial',
        cumpleEstandar: true,
        fecha: '2024-03-01',
        pesoInicial_g: 100,
        semillaPura_g: 95.5,
        materiaInerte_g: 2.5,
        otrosCultivos_g: 1,
        malezas_g: 0.5,
        malezasToleradas_g: 0.3,
        malezasTolCero_g: 0.2,
        pesoTotal_g: 100,
        redonSemillaPura: 95.5,
        redonMateriaInerte: 2.5,
        redonOtrosCultivos: 1,
        redonMalezas: 0.5,
        redonMalezasToleradas: 0.3,
        redonMalezasTolCero: 0.2,
        redonPesoTotal: 100,
        inasePura: 95,
        inaseMateriaInerte: 2.8,
        inaseOtrosCultivos: 1.2,
        inaseMalezas: 0.5,
        inaseMalezasToleradas: 0.3,
        inaseMalezasTolCero: 0.2,
        inaseFecha: '2024-03-10',
        otrasSemillas: [],
        historial: [],
        activo: true
      }

      at log 
(app/listado/analisis/pureza/[id]/editar/page.tsx:129:17)

    console.log
      Cargando cat├ílogos de malezas...

      at log 
(app/listado/analisis/pureza/[id]/editar/page.tsx:134:19)

    console.log
      Cargando especies...

      at log 
(app/listado/analisis/pureza/[id]/editar/page.tsx:146:19)

    console.log
      Cargando Pureza con ID: 1

      at log 
(app/listado/analisis/pureza/[id]/editar/page.tsx:126:17)

    console.log
      Pureza cargada exitosamente: {
        analisisID: 1,
        idLote: 1,
        lote: 'Trigo Baguette 10',
        ficha: 'F-2024-001',
        cultivarNombre: 'Baguette 10',
        especieNombre: 'Trigo',
        estado: 'EN_PROCESO',
        fechaInicio: '2024-03-01',
        comentarios: 'Comentario inicial',
        cumpleEstandar: true,
        fecha: '2024-03-01',
        pesoInicial_g: 100,
        semillaPura_g: 95.5,
        materiaInerte_g: 2.5,
        otrosCultivos_g: 1,
        malezas_g: 0.5,
        malezasToleradas_g: 0.3,
        malezasTolCero_g: 0.2,
        pesoTotal_g: 100,
        redonSemillaPura: 95.5,
        redonMateriaInerte: 2.5,
        redonOtrosCultivos: 1,
        redonMalezas: 0.5,
        redonMalezasToleradas: 0.3,
        redonMalezasTolCero: 0.2,
        redonPesoTotal: 100,
        inasePura: 95,
        inaseMateriaInerte: 2.8,
        inaseOtrosCultivos: 1.2,
        inaseMalezas: 0.5,
        inaseMalezasToleradas: 0.3,
        inaseMalezasTolCero: 0.2,
        inaseFecha: '2024-03-10',
        otrasSemillas: [],
        historial: [],
        activo: true
      }

      at log 
(app/listado/analisis/pureza/[id]/editar/page.tsx:129:17)

    console.log
      Cargando cat├ílogos de malezas...

      at log 
(app/listado/analisis/pureza/[id]/editar/page.tsx:134:19)

    console.log
      Cargando especies...

      at log 
(app/listado/analisis/pureza/[id]/editar/page.tsx:146:19)

    console.log
      Cargando Pureza con ID: 1

      at log 
(app/listado/analisis/pureza/[id]/editar/page.tsx:126:17)

    console.log
      Pureza cargada exitosamente: {
        analisisID: 1,
        idLote: 1,
        lote: 'Trigo Baguette 10',
        ficha: 'F-2024-001',
        cultivarNombre: 'Baguette 10',
        especieNombre: 'Trigo',
        estado: 'EN_PROCESO',
        fechaInicio: '2024-03-01',
        comentarios: 'Comentario inicial',
        cumpleEstandar: true,
        fecha: '2024-03-01',
        pesoInicial_g: 100,
        semillaPura_g: 95.5,
        materiaInerte_g: 2.5,
        otrosCultivos_g: 1,
        malezas_g: 0.5,
        malezasToleradas_g: 0.3,
        malezasTolCero_g: 0.2,
        pesoTotal_g: 100,
        redonSemillaPura: 95.5,
        redonMateriaInerte: 2.5,
        redonOtrosCultivos: 1,
        redonMalezas: 0.5,
        redonMalezasToleradas: 0.3,
        redonMalezasTolCero: 0.2,
        redonPesoTotal: 100,
        inasePura: 95,
        inaseMateriaInerte: 2.8,
        inaseOtrosCultivos: 1.2,
        inaseMalezas: 0.5,
        inaseMalezasToleradas: 0.3,
        inaseMalezasTolCero: 0.2,
        inaseFecha: '2024-03-10',
        otrasSemillas: [],
        historial: [],
        activo: true
      }

      at log 
(app/listado/analisis/pureza/[id]/editar/page.tsx:129:17)

    console.log
      Cargando cat├ílogos de malezas...

      at log 
(app/listado/analisis/pureza/[id]/editar/page.tsx:134:19)

    console.log
      Cargando especies...

      at log 
(app/listado/analisis/pureza/[id]/editar/page.tsx:146:19)

    console.log
      Cargando Pureza con ID: 1

      at log 
(app/listado/analisis/pureza/[id]/editar/page.tsx:126:17)

    console.log
      Pureza cargada exitosamente: {
        analisisID: 1,
        idLote: 1,
        lote: 'Trigo Baguette 10',
        ficha: 'F-2024-001',
        cultivarNombre: 'Baguette 10',
        especieNombre: 'Trigo',
        estado: 'EN_PROCESO',
        fechaInicio: '2024-03-01',
        comentarios: 'Comentario inicial',
        cumpleEstandar: true,
        fecha: '2024-03-01',
        pesoInicial_g: 100,
        semillaPura_g: 95.5,
        materiaInerte_g: 2.5,
        otrosCultivos_g: 1,
        malezas_g: 0.5,
        malezasToleradas_g: 0.3,
        malezasTolCero_g: 0.2,
        pesoTotal_g: 100,
        redonSemillaPura: 95.5,
        redonMateriaInerte: 2.5,
        redonOtrosCultivos: 1,
        redonMalezas: 0.5,
        redonMalezasToleradas: 0.3,
        redonMalezasTolCero: 0.2,
        redonPesoTotal: 100,
        inasePura: 95,
        inaseMateriaInerte: 2.8,
        inaseOtrosCultivos: 1.2,
        inaseMalezas: 0.5,
        inaseMalezasToleradas: 0.3,
        inaseMalezasTolCero: 0.2,
        inaseFecha: '2024-03-10',
        otrasSemillas: [],
        historial: [],
        activo: true
      }

      at log 
(app/listado/analisis/pureza/[id]/editar/page.tsx:129:17)

    console.log
      Cargando cat├ílogos de malezas...

      at log 
(app/listado/analisis/pureza/[id]/editar/page.tsx:134:19)

    console.log
      Cargando especies...

      at log 
(app/listado/analisis/pureza/[id]/editar/page.tsx:146:19)

    console.log
      Cargando Pureza con ID: 1

      at log 
(app/listado/analisis/pureza/[id]/editar/page.tsx:126:17)

    console.log
      Pureza cargada exitosamente: {
        analisisID: 1,
        idLote: 1,
        lote: 'Trigo Baguette 10',
        ficha: 'F-2024-001',
        cultivarNombre: 'Baguette 10',
        especieNombre: 'Trigo',
        estado: 'EN_PROCESO',
        fechaInicio: '2024-03-01',
        comentarios: 'Comentario inicial',
        cumpleEstandar: true,
        fecha: '2024-03-01',
        pesoInicial_g: 100,
        semillaPura_g: 95.5,
        materiaInerte_g: 2.5,
        otrosCultivos_g: 1,
        malezas_g: 0.5,
        malezasToleradas_g: 0.3,
        malezasTolCero_g: 0.2,
        pesoTotal_g: 100,
        redonSemillaPura: 95.5,
        redonMateriaInerte: 2.5,
        redonOtrosCultivos: 1,
        redonMalezas: 0.5,
        redonMalezasToleradas: 0.3,
        redonMalezasTolCero: 0.2,
        redonPesoTotal: 100,
        inasePura: 95,
        inaseMateriaInerte: 2.8,
        inaseOtrosCultivos: 1.2,
        inaseMalezas: 0.5,
        inaseMalezasToleradas: 0.3,
        inaseMalezasTolCero: 0.2,
        inaseFecha: '2024-03-10',
        otrasSemillas: [],
        historial: [],
        activo: true
      }

      at log 
(app/listado/analisis/pureza/[id]/editar/page.tsx:129:17)

    console.log
      Cargando cat├ílogos de malezas...

      at log 
(app/listado/analisis/pureza/[id]/editar/page.tsx:134:19)

    console.log
      Cargando especies...

      at log 
(app/listado/analisis/pureza/[id]/editar/page.tsx:146:19)

    console.log
      Cargando Pureza con ID: 1

      at log 
(app/listado/analisis/pureza/[id]/editar/page.tsx:126:17)

    console.log
      Pureza cargada exitosamente: {
        analisisID: 1,
        idLote: 1,
        lote: 'Trigo Baguette 10',
        ficha: 'F-2024-001',
        cultivarNombre: 'Baguette 10',
        especieNombre: 'Trigo',
        estado: 'EN_PROCESO',
        fechaInicio: '2024-03-01',
        comentarios: 'Comentario inicial',
        cumpleEstandar: true,
        fecha: '2024-03-01',
        pesoInicial_g: 100,
        semillaPura_g: 95.5,
        materiaInerte_g: 2.5,
        otrosCultivos_g: 1,
        malezas_g: 0.5,
        malezasToleradas_g: 0.3,
        malezasTolCero_g: 0.2,
        pesoTotal_g: 100,
        redonSemillaPura: 95.5,
        redonMateriaInerte: 2.5,
        redonOtrosCultivos: 1,
        redonMalezas: 0.5,
        redonMalezasToleradas: 0.3,
        redonMalezasTolCero: 0.2,
        redonPesoTotal: 100,
        inasePura: 95,
        inaseMateriaInerte: 2.8,
        inaseOtrosCultivos: 1.2,
        inaseMalezas: 0.5,
        inaseMalezasToleradas: 0.3,
        inaseMalezasTolCero: 0.2,
        inaseFecha: '2024-03-10',
        otrasSemillas: [],
        historial: [],
        activo: true
      }

      at log 
(app/listado/analisis/pureza/[id]/editar/page.tsx:129:17)

    console.log
      Cargando cat├ílogos de malezas...

      at log 
(app/listado/analisis/pureza/[id]/editar/page.tsx:134:19)

    console.log
      Cargando especies...

      at log 
(app/listado/analisis/pureza/[id]/editar/page.tsx:146:19)

    console.log
      Cargando Pureza con ID: 1

      at log 
(app/listado/analisis/pureza/[id]/editar/page.tsx:126:17)

    console.log
      Pureza cargada exitosamente: {
        analisisID: 1,
        idLote: 1,
        lote: 'Trigo Baguette 10',
        ficha: 'F-2024-001',
        cultivarNombre: 'Baguette 10',
        especieNombre: 'Trigo',
        estado: 'EN_PROCESO',
        fechaInicio: '2024-03-01',
        comentarios: 'Comentario inicial',
        cumpleEstandar: true,
        fecha: '2024-03-01',
        pesoInicial_g: 100,
        semillaPura_g: 95.5,
        materiaInerte_g: 2.5,
        otrosCultivos_g: 1,
        malezas_g: 0.5,
        malezasToleradas_g: 0.3,
        malezasTolCero_g: 0.2,
        pesoTotal_g: 100,
        redonSemillaPura: 95.5,
        redonMateriaInerte: 2.5,
        redonOtrosCultivos: 1,
        redonMalezas: 0.5,
        redonMalezasToleradas: 0.3,
        redonMalezasTolCero: 0.2,
        redonPesoTotal: 100,
        inasePura: 95,
        inaseMateriaInerte: 2.8,
        inaseOtrosCultivos: 1.2,
        inaseMalezas: 0.5,
        inaseMalezasToleradas: 0.3,
        inaseMalezasTolCero: 0.2,
        inaseFecha: '2024-03-10',
        otrasSemillas: [],
        historial: [],
        activo: true
      }

      at log 
(app/listado/analisis/pureza/[id]/editar/page.tsx:129:17)

    console.log
      Cargando cat├ílogos de malezas...

      at log 
(app/listado/analisis/pureza/[id]/editar/page.tsx:134:19)

    console.log
      Cargando especies...

      at log 
(app/listado/analisis/pureza/[id]/editar/page.tsx:146:19)

    console.log
      Cargando Pureza con ID: 1

      at log 
(app/listado/analisis/pureza/[id]/editar/page.tsx:126:17)

    console.log
      Pureza cargada exitosamente: {
        analisisID: 1,
        idLote: 1,
        lote: 'Trigo Baguette 10',
        ficha: 'F-2024-001',
        cultivarNombre: 'Baguette 10',
        especieNombre: 'Trigo',
        estado: 'EN_PROCESO',
        fechaInicio: '2024-03-01',
        comentarios: 'Comentario inicial',
        cumpleEstandar: true,
        fecha: '2024-03-01',
        pesoInicial_g: 100,
        semillaPura_g: 95.5,
        materiaInerte_g: 2.5,
        otrosCultivos_g: 1,
        malezas_g: 0.5,
        malezasToleradas_g: 0.3,
        malezasTolCero_g: 0.2,
        pesoTotal_g: 100,
        redonSemillaPura: 95.5,
        redonMateriaInerte: 2.5,
        redonOtrosCultivos: 1,
        redonMalezas: 0.5,
        redonMalezasToleradas: 0.3,
        redonMalezasTolCero: 0.2,
        redonPesoTotal: 100,
        inasePura: 95,
        inaseMateriaInerte: 2.8,
        inaseOtrosCultivos: 1.2,
        inaseMalezas: 0.5,
        inaseMalezasToleradas: 0.3,
        inaseMalezasTolCero: 0.2,
        inaseFecha: '2024-03-10',
        otrasSemillas: [],
        historial: [],
        activo: true
      }

      at log 
(app/listado/analisis/pureza/[id]/editar/page.tsx:129:17)

    console.log
      Cargando cat├ílogos de malezas...

      at log 
(app/listado/analisis/pureza/[id]/editar/page.tsx:134:19)

    console.log
      Cargando especies...

      at log 
(app/listado/analisis/pureza/[id]/editar/page.tsx:146:19)

    console.log
      Cargando Pureza con ID: 1

      at log 
(app/listado/analisis/pureza/[id]/editar/page.tsx:126:17)

    console.log
      Pureza cargada exitosamente: {
        analisisID: 1,
        idLote: 1,
        lote: 'Trigo Baguette 10',
        ficha: 'F-2024-001',
        cultivarNombre: 'Baguette 10',
        especieNombre: 'Trigo',
        estado: 'EN_PROCESO',
        fechaInicio: '2024-03-01',
        comentarios: 'Comentario inicial',
        cumpleEstandar: true,
        fecha: '2024-03-01',
        pesoInicial_g: 100,
        semillaPura_g: 95.5,
        materiaInerte_g: 2.5,
        otrosCultivos_g: 1,
        malezas_g: 0.5,
        malezasToleradas_g: 0.3,
        malezasTolCero_g: 0.2,
        pesoTotal_g: 100,
        redonSemillaPura: 95.5,
        redonMateriaInerte: 2.5,
        redonOtrosCultivos: 1,
        redonMalezas: 0.5,
        redonMalezasToleradas: 0.3,
        redonMalezasTolCero: 0.2,
        redonPesoTotal: 100,
        inasePura: 95,
        inaseMateriaInerte: 2.8,
        inaseOtrosCultivos: 1.2,
        inaseMalezas: 0.5,
        inaseMalezasToleradas: 0.3,
        inaseMalezasTolCero: 0.2,
        inaseFecha: '2024-03-10',
        otrasSemillas: [],
        historial: [],
        activo: true
      }

      at log 
(app/listado/analisis/pureza/[id]/editar/page.tsx:129:17)

    console.log
      Cargando cat├ílogos de malezas...

      at log 
(app/listado/analisis/pureza/[id]/editar/page.tsx:134:19)

    console.log
      Cargando especies...

      at log 
(app/listado/analisis/pureza/[id]/editar/page.tsx:146:19)

    console.log
      Cargando Pureza con ID: 1

      at log 
(app/listado/analisis/pureza/[id]/editar/page.tsx:126:17)

    console.log
      Pureza cargada exitosamente: {
        analisisID: 1,
        idLote: 1,
        lote: 'Trigo Baguette 10',
        ficha: 'F-2024-001',
        cultivarNombre: 'Baguette 10',
        especieNombre: 'Trigo',
        estado: 'EN_PROCESO',
        fechaInicio: '2024-03-01',
        comentarios: 'Comentario inicial',
        cumpleEstandar: true,
        fecha: '2024-03-01',
        pesoInicial_g: 100,
        semillaPura_g: 95.5,
        materiaInerte_g: 2.5,
        otrosCultivos_g: 1,
        malezas_g: 0.5,
        malezasToleradas_g: 0.3,
        malezasTolCero_g: 0.2,
        pesoTotal_g: 100,
        redonSemillaPura: 95.5,
        redonMateriaInerte: 2.5,
        redonOtrosCultivos: 1,
        redonMalezas: 0.5,
        redonMalezasToleradas: 0.3,
        redonMalezasTolCero: 0.2,
        redonPesoTotal: 100,
        inasePura: 95,
        inaseMateriaInerte: 2.8,
        inaseOtrosCultivos: 1.2,
        inaseMalezas: 0.5,
        inaseMalezasToleradas: 0.3,
        inaseMalezasTolCero: 0.2,
        inaseFecha: '2024-03-10',
        otrasSemillas: [],
        historial: [],
        activo: true
      }

      at log 
(app/listado/analisis/pureza/[id]/editar/page.tsx:129:17)

    console.log
      Cargando cat├ílogos de malezas...

      at log 
(app/listado/analisis/pureza/[id]/editar/page.tsx:134:19)

    console.log
      Cargando especies...

      at log 
(app/listado/analisis/pureza/[id]/editar/page.tsx:146:19)

    console.log
      Cargando Pureza con ID: 1

      at log 
(app/listado/analisis/pureza/[id]/editar/page.tsx:126:17)

    console.log
      Pureza cargada exitosamente: {
        analisisID: 1,
        idLote: 1,
        lote: 'Trigo Baguette 10',
        ficha: 'F-2024-001',
        cultivarNombre: 'Baguette 10',
        especieNombre: 'Trigo',
        estado: 'EN_PROCESO',
        fechaInicio: '2024-03-01',
        comentarios: 'Comentario inicial',
        cumpleEstandar: true,
        fecha: '2024-03-01',
        pesoInicial_g: 100,
        semillaPura_g: 95.5,
        materiaInerte_g: 2.5,
        otrosCultivos_g: 1,
        malezas_g: 0.5,
        malezasToleradas_g: 0.3,
        malezasTolCero_g: 0.2,
        pesoTotal_g: 100,
        redonSemillaPura: 95.5,
        redonMateriaInerte: 2.5,
        redonOtrosCultivos: 1,
        redonMalezas: 0.5,
        redonMalezasToleradas: 0.3,
        redonMalezasTolCero: 0.2,
        redonPesoTotal: 100,
        inasePura: 95,
        inaseMateriaInerte: 2.8,
        inaseOtrosCultivos: 1.2,
        inaseMalezas: 0.5,
        inaseMalezasToleradas: 0.3,
        inaseMalezasTolCero: 0.2,
        inaseFecha: '2024-03-10',
        otrasSemillas: [],
        historial: [],
        activo: true
      }

      at log 
(app/listado/analisis/pureza/[id]/editar/page.tsx:129:17)

    console.log
      Cargando cat├ílogos de malezas...

      at log 
(app/listado/analisis/pureza/[id]/editar/page.tsx:134:19)

    console.log
      Cargando especies...

      at log 
(app/listado/analisis/pureza/[id]/editar/page.tsx:146:19)

    console.log
      Cargando Pureza con ID: 1

      at log 
(app/listado/analisis/pureza/[id]/editar/page.tsx:126:17)

    console.log
      Pureza cargada exitosamente: {
        analisisID: 1,
        idLote: 1,
        lote: 'Trigo Baguette 10',
        ficha: 'F-2024-001',
        cultivarNombre: 'Baguette 10',
        especieNombre: 'Trigo',
        estado: 'EN_PROCESO',
        fechaInicio: '2024-03-01',
        comentarios: 'Comentario inicial',
        cumpleEstandar: true,
        fecha: '2024-03-01',
        pesoInicial_g: 100,
        semillaPura_g: 95.5,
        materiaInerte_g: 2.5,
        otrosCultivos_g: 1,
        malezas_g: 0.5,
        malezasToleradas_g: 0.3,
        malezasTolCero_g: 0.2,
        pesoTotal_g: 100,
        redonSemillaPura: 95.5,
        redonMateriaInerte: 2.5,
        redonOtrosCultivos: 1,
        redonMalezas: 0.5,
        redonMalezasToleradas: 0.3,
        redonMalezasTolCero: 0.2,
        redonPesoTotal: 100,
        inasePura: 95,
        inaseMateriaInerte: 2.8,
        inaseOtrosCultivos: 1.2,
        inaseMalezas: 0.5,
        inaseMalezasToleradas: 0.3,
        inaseMalezasTolCero: 0.2,
        inaseFecha: '2024-03-10',
        otrasSemillas: [],
        historial: [],
        activo: true
      }

      at log 
(app/listado/analisis/pureza/[id]/editar/page.tsx:129:17)

    console.log
      Cargando cat├ílogos de malezas...

      at log 
(app/listado/analisis/pureza/[id]/editar/page.tsx:134:19)

    console.log
      Cargando especies...

      at log 
(app/listado/analisis/pureza/[id]/editar/page.tsx:146:19)

    console.log
      Cargando Pureza con ID: 1

      at log 
(app/listado/analisis/pureza/[id]/editar/page.tsx:126:17)

    console.log
      Pureza cargada exitosamente: {
        analisisID: 1,
        idLote: 1,
        lote: 'Trigo Baguette 10',
        ficha: 'F-2024-001',
        cultivarNombre: 'Baguette 10',
        especieNombre: 'Trigo',
        estado: 'EN_PROCESO',
        fechaInicio: '2024-03-01',
        comentarios: 'Comentario inicial',
        cumpleEstandar: true,
        fecha: '2024-03-01',
        pesoInicial_g: 100,
        semillaPura_g: 95.5,
        materiaInerte_g: 2.5,
        otrosCultivos_g: 1,
        malezas_g: 0.5,
        malezasToleradas_g: 0.3,
        malezasTolCero_g: 0.2,
        pesoTotal_g: 100,
        redonSemillaPura: 95.5,
        redonMateriaInerte: 2.5,
        redonOtrosCultivos: 1,
        redonMalezas: 0.5,
        redonMalezasToleradas: 0.3,
        redonMalezasTolCero: 0.2,
        redonPesoTotal: 100,
        inasePura: 95,
        inaseMateriaInerte: 2.8,
        inaseOtrosCultivos: 1.2,
        inaseMalezas: 0.5,
        inaseMalezasToleradas: 0.3,
        inaseMalezasTolCero: 0.2,
        inaseFecha: '2024-03-10',
        otrasSemillas: [],
        historial: [],
        activo: true
      }

      at log 
(app/listado/analisis/pureza/[id]/editar/page.tsx:129:17)

    console.log
      Cargando cat├ílogos de malezas...

      at log 
(app/listado/analisis/pureza/[id]/editar/page.tsx:134:19)

    console.log
      Cargando especies...

      at log 
(app/listado/analisis/pureza/[id]/editar/page.tsx:146:19)

    console.log
      Cargando Pureza con ID: 1

      at log 
(app/listado/analisis/pureza/[id]/editar/page.tsx:126:17)

    console.log
      Pureza cargada exitosamente: {
        analisisID: 1,
        idLote: 1,
        lote: 'Trigo Baguette 10',
        ficha: 'F-2024-001',
        cultivarNombre: 'Baguette 10',
        especieNombre: 'Trigo',
        estado: 'EN_PROCESO',
        fechaInicio: '2024-03-01',
        comentarios: 'Comentario inicial',
        cumpleEstandar: true,
        fecha: '2024-03-01',
        pesoInicial_g: 100,
        semillaPura_g: 95.5,
        materiaInerte_g: 2.5,
        otrosCultivos_g: 1,
        malezas_g: 0.5,
        malezasToleradas_g: 0.3,
        malezasTolCero_g: 0.2,
        pesoTotal_g: 100,
        redonSemillaPura: 95.5,
        redonMateriaInerte: 2.5,
        redonOtrosCultivos: 1,
        redonMalezas: 0.5,
        redonMalezasToleradas: 0.3,
        redonMalezasTolCero: 0.2,
        redonPesoTotal: 100,
        inasePura: 95,
        inaseMateriaInerte: 2.8,
        inaseOtrosCultivos: 1.2,
        inaseMalezas: 0.5,
        inaseMalezasToleradas: 0.3,
        inaseMalezasTolCero: 0.2,
        inaseFecha: '2024-03-10',
        otrasSemillas: [],
        historial: [],
        activo: true
      }

      at log 
(app/listado/analisis/pureza/[id]/editar/page.tsx:129:17)

    console.log
      Cargando cat├ílogos de malezas...

      at log 
(app/listado/analisis/pureza/[id]/editar/page.tsx:134:19)

    console.log
      Cargando especies...

      at log 
(app/listado/analisis/pureza/[id]/editar/page.tsx:146:19)

    console.log
      Cargando Pureza con ID: 1

      at log 
(app/listado/analisis/pureza/[id]/editar/page.tsx:126:17)

    console.log
      Pureza cargada exitosamente: {
        analisisID: 1,
        idLote: 1,
        lote: 'Trigo Baguette 10',
        ficha: 'F-2024-001',
        cultivarNombre: 'Baguette 10',
        especieNombre: 'Trigo',
        estado: 'REGISTRADO',
        fechaInicio: '2024-03-01',
        comentarios: 'Comentario inicial',
        cumpleEstandar: true,
        fecha: '2024-03-01',
        pesoInicial_g: 100,
        semillaPura_g: 95.5,
        materiaInerte_g: 2.5,
        otrosCultivos_g: 1,
        malezas_g: 0.5,
        malezasToleradas_g: 0.3,
        malezasTolCero_g: 0.2,
        pesoTotal_g: 100,
        redonSemillaPura: 95.5,
        redonMateriaInerte: 2.5,
        redonOtrosCultivos: 1,
        redonMalezas: 0.5,
        redonMalezasToleradas: 0.3,
        redonMalezasTolCero: 0.2,
        redonPesoTotal: 100,
        inasePura: 95,
        inaseMateriaInerte: 2.8,
        inaseOtrosCultivos: 1.2,
        inaseMalezas: 0.5,
        inaseMalezasToleradas: 0.3,
        inaseMalezasTolCero: 0.2,
        inaseFecha: '2024-03-10',
        otrasSemillas: [],
        historial: [],
        activo: true
      }

      at log 
(app/listado/analisis/pureza/[id]/editar/page.tsx:129:17)

    console.log
      Cargando cat├ílogos de malezas...

      at log 
(app/listado/analisis/pureza/[id]/editar/page.tsx:134:19)

    console.log
      Cargando especies...

      at log 
(app/listado/analisis/pureza/[id]/editar/page.tsx:146:19)

    console.log
      Cargando Pureza con ID: 1

      at log 
(app/listado/analisis/pureza/[id]/editar/page.tsx:126:17)

    console.log
      Pureza cargada exitosamente: {
        analisisID: 1,
        idLote: 1,
        lote: 'Trigo Baguette 10',
        ficha: 'F-2024-001',
        cultivarNombre: 'Baguette 10',
        especieNombre: 'Trigo',
        estado: 'PENDIENTE_APROBACION',
        fechaInicio: '2024-03-01',
        comentarios: 'Comentario inicial',
        cumpleEstandar: true,
        fecha: '2024-03-01',
        pesoInicial_g: 100,
        semillaPura_g: 95.5,
        materiaInerte_g: 2.5,
        otrosCultivos_g: 1,
        malezas_g: 0.5,
        malezasToleradas_g: 0.3,
        malezasTolCero_g: 0.2,
        pesoTotal_g: 100,
        redonSemillaPura: 95.5,
        redonMateriaInerte: 2.5,
        redonOtrosCultivos: 1,
        redonMalezas: 0.5,
        redonMalezasToleradas: 0.3,
        redonMalezasTolCero: 0.2,
        redonPesoTotal: 100,
        inasePura: 95,
        inaseMateriaInerte: 2.8,
        inaseOtrosCultivos: 1.2,
        inaseMalezas: 0.5,
        inaseMalezasToleradas: 0.3,
        inaseMalezasTolCero: 0.2,
        inaseFecha: '2024-03-10',
        otrasSemillas: [],
        historial: [],
        activo: true
      }

      at log 
(app/listado/analisis/pureza/[id]/editar/page.tsx:129:17)

    console.log
      Cargando cat├ílogos de malezas...

      at log 
(app/listado/analisis/pureza/[id]/editar/page.tsx:134:19)

    console.log
      Cargando especies...

      at log 
(app/listado/analisis/pureza/[id]/editar/page.tsx:146:19)

    console.log
      Cargando Pureza con ID: 1

      at log 
(app/listado/analisis/pureza/[id]/editar/page.tsx:126:17)

    console.log
      Pureza cargada exitosamente: {
        analisisID: 1,
        idLote: 1,
        lote: 'Trigo Baguette 10',
        ficha: 'F-2024-001',
        cultivarNombre: 'Baguette 10',
        especieNombre: 'Trigo',
        estado: 'EN_PROCESO',
        fechaInicio: '2024-03-01',
        comentarios: 'Comentario inicial',
        cumpleEstandar: true,
        fecha: '2024-03-01',
        pesoInicial_g: 100,
        semillaPura_g: 95.5,
        materiaInerte_g: 2.5,
        otrosCultivos_g: 1,
        malezas_g: 0.5,
        malezasToleradas_g: 0.3,
        malezasTolCero_g: 0.2,
        pesoTotal_g: 100,
        redonSemillaPura: 95.5,
        redonMateriaInerte: 2.5,
        redonOtrosCultivos: 1,
        redonMalezas: 0.5,
        redonMalezasToleradas: 0.3,
        redonMalezasTolCero: 0.2,
        redonPesoTotal: 100,
        inasePura: 95,
        inaseMateriaInerte: 2.8,
        inaseOtrosCultivos: 1.2,
        inaseMalezas: 0.5,
        inaseMalezasToleradas: 0.3,
        inaseMalezasTolCero: 0.2,
        inaseFecha: '2024-03-10',
        otrasSemillas: [],
        historial: [],
        activo: true
      }

      at log 
(app/listado/analisis/pureza/[id]/editar/page.tsx:129:17)

    console.log
      Cargando cat├ílogos de malezas...

      at log 
(app/listado/analisis/pureza/[id]/editar/page.tsx:134:19)

    console.log
      Cargando especies...

      at log 
(app/listado/analisis/pureza/[id]/editar/page.tsx:146:19)

    console.log
      Cargando Pureza con ID: 1

      at log 
(app/listado/analisis/pureza/[id]/editar/page.tsx:126:17)

    console.log
      Pureza cargada exitosamente: {
        analisisID: 1,
        idLote: 1,
        lote: 'Trigo Baguette 10',
        ficha: 'F-2024-001',
        cultivarNombre: 'Baguette 10',
        especieNombre: 'Trigo',
        estado: 'EN_PROCESO',
        fechaInicio: '2024-03-01',
        comentarios: 'Comentario inicial',
        cumpleEstandar: true,
        fecha: '2024-03-01',
        pesoInicial_g: 100,
        semillaPura_g: 95.5,
        materiaInerte_g: 2.5,
        otrosCultivos_g: 1,
        malezas_g: 0.5,
        malezasToleradas_g: 0.3,
        malezasTolCero_g: 0.2,
        pesoTotal_g: 100,
        redonSemillaPura: 95.5,
        redonMateriaInerte: 2.5,
        redonOtrosCultivos: 1,
        redonMalezas: 0.5,
        redonMalezasToleradas: 0.3,
        redonMalezasTolCero: 0.2,
        redonPesoTotal: 100,
        inasePura: 95,
        inaseMateriaInerte: 2.8,
        inaseOtrosCultivos: 1.2,
        inaseMalezas: 0.5,
        inaseMalezasToleradas: 0.3,
        inaseMalezasTolCero: 0.2,
        inaseFecha: '2024-03-10',
        otrasSemillas: [
          {
            listadoTipo: 'MAL_COMUNES',
            listadoInsti: 'INIA',
            listadoNum: 1,
            catalogo: [Object]
          }
        ],
        historial: [],
        activo: true
      }

      at log 
(app/listado/analisis/pureza/[id]/editar/page.tsx:129:17)

    console.log
      Cargando cat├ílogos de malezas...

      at log 
(app/listado/analisis/pureza/[id]/editar/page.tsx:134:19)

    console.log
      Cargando especies...

      at log 
(app/listado/analisis/pureza/[id]/editar/page.tsx:146:19)

    console.log
      Cargando Pureza con ID: 1

      at log 
(app/listado/analisis/pureza/[id]/editar/page.tsx:126:17)

    console.log
      Pureza cargada exitosamente: {
        analisisID: 1,
        idLote: 1,
        lote: 'Trigo Baguette 10',
        ficha: 'F-2024-001',
        cultivarNombre: 'Baguette 10',
        especieNombre: 'Trigo',
        estado: 'EN_PROCESO',
        fechaInicio: '2024-03-01',
        comentarios: 'Comentario inicial',
        cumpleEstandar: true,
        fecha: '2024-03-01',
        pesoInicial_g: 100,
        semillaPura_g: 95.5,
        materiaInerte_g: 2.5,
        otrosCultivos_g: 1,
        malezas_g: 0.5,
        malezasToleradas_g: 0.3,
        malezasTolCero_g: 0.2,
        pesoTotal_g: 100,
        redonSemillaPura: 95.5,
        redonMateriaInerte: 2.5,
        redonOtrosCultivos: 1,
        redonMalezas: 0.5,
        redonMalezasToleradas: 0.3,
        redonMalezasTolCero: 0.2,
        redonPesoTotal: 100,
        inasePura: 95,
        inaseMateriaInerte: 2.8,
        inaseOtrosCultivos: 1.2,
        inaseMalezas: 0.5,
        inaseMalezasToleradas: 0.3,
        inaseMalezasTolCero: 0.2,
        inaseFecha: '2024-03-10',
        otrasSemillas: [],
        historial: [],
        activo: true
      }

      at log 
(app/listado/analisis/pureza/[id]/editar/page.tsx:129:17)

    console.log
      Cargando cat├ílogos de malezas...

      at log 
(app/listado/analisis/pureza/[id]/editar/page.tsx:134:19)

    console.error
      Error al cargar cat├ílogos: Error: Error de red
          at Object.<anonymous> (C:\Nadia\ProyectoFinal\inia
-frontend-jc\__tests__\app\listado\analisis\pureza\[id]\edit
ar\page.test.tsx:823:28)
          at Promise.then.completed (C:\Nadia\ProyectoFinal\
inia-frontend-jc\node_modules\jest-circus\build\utils.js:298
:28)
          at new Promise (<anonymous>)
          at callAsyncCircusFn (C:\Nadia\ProyectoFinal\inia-
frontend-jc\node_modules\jest-circus\build\utils.js:231:10)
          at _callCircusTest (C:\Nadia\ProyectoFinal\inia-fr
ontend-jc\node_modules\jest-circus\build\run.js:316:40)
          at _runTest (C:\Nadia\ProyectoFinal\inia-frontend-
jc\node_modules\jest-circus\build\run.js:252:3)
          at _runTestsForDescribeBlock (C:\Nadia\ProyectoFin
al\inia-frontend-jc\node_modules\jest-circus\build\run.js:12
6:9)
          at _runTestsForDescribeBlock (C:\Nadia\ProyectoFin
al\inia-frontend-jc\node_modules\jest-circus\build\run.js:12
1:9)
          at _runTestsForDescribeBlock (C:\Nadia\ProyectoFin
al\inia-frontend-jc\node_modules\jest-circus\build\run.js:12
1:9)
          at run (C:\Nadia\ProyectoFinal\inia-frontend-jc\no
de_modules\jest-circus\build\run.js:71:3)
          at runAndTransformResultsToJestFormat (C:\Nadia\Pr
oyectoFinal\inia-frontend-jc\node_modules\jest-circus\build\
legacy-code-todo-rewrite\jestAdapterInit.js:122:21)
          at jestAdapter (C:\Nadia\ProyectoFinal\inia-fronte
nd-jc\node_modules\jest-circus\build\legacy-code-todo-rewrit
e\jestAdapter.js:79:19)
          at runTestInternal (C:\Nadia\ProyectoFinal\inia-fr
ontend-jc\node_modules\jest-runner\build\runTest.js:367:16)
          at runTest (C:\Nadia\ProyectoFinal\inia-frontend-j
c\node_modules\jest-runner\build\runTest.js:444:34)
          at Object.worker (C:\Nadia\ProyectoFinal\inia-fron
tend-jc\node_modules\jest-runner\build\testWorker.js:106:12)

    [0m [90m 138 |[39m           }
     [90m 139 |[39m         } [36mcatch[39m 
(catalogError) {
    [31m[1m>[22m[39m[90m 140 |[39m           
console[33m.[39merror([32m"Error al cargar 
cat├ílogos:"[39m[33m,[39m catalogError)
     [90m     |[39m                   [31m[1m^[22m[39m
     [90m 141 |[39m           setCatalogos([])
     [90m 142 |[39m         }
     [90m 143 |[39m[0m

      at error 
(app/listado/analisis/pureza/[id]/editar/page.tsx:140:19)

    console.log
      Cargando especies...

      at log 
(app/listado/analisis/pureza/[id]/editar/page.tsx:146:19)

    console.log
      Cargando Pureza con ID: 1

      at log 
(app/listado/analisis/pureza/[id]/editar/page.tsx:126:17)

    console.log
      Pureza cargada exitosamente: {
        analisisID: 1,
        idLote: 1,
        lote: 'Trigo Baguette 10',
        ficha: 'F-2024-001',
        cultivarNombre: 'Baguette 10',
        especieNombre: 'Trigo',
        estado: 'EN_PROCESO',
        fechaInicio: '2024-03-01',
        comentarios: 'Comentario inicial',
        cumpleEstandar: true,
        fecha: '2024-03-01',
        pesoInicial_g: 100,
        semillaPura_g: 95.5,
        materiaInerte_g: 2.5,
        otrosCultivos_g: 1,
        malezas_g: 0.5,
        malezasToleradas_g: 0.3,
        malezasTolCero_g: 0.2,
        pesoTotal_g: 100,
        redonSemillaPura: 95.5,
        redonMateriaInerte: 2.5,
        redonOtrosCultivos: 1,
        redonMalezas: 0.5,
        redonMalezasToleradas: 0.3,
        redonMalezasTolCero: 0.2,
        redonPesoTotal: 100,
        inasePura: 95,
        inaseMateriaInerte: 2.8,
        inaseOtrosCultivos: 1.2,
        inaseMalezas: 0.5,
        inaseMalezasToleradas: 0.3,
        inaseMalezasTolCero: 0.2,
        inaseFecha: '2024-03-10',
        otrasSemillas: [],
        historial: [],
        activo: true
      }

      at log 
(app/listado/analisis/pureza/[id]/editar/page.tsx:129:17)

    console.log
      Cargando cat├ílogos de malezas...

      at log 
(app/listado/analisis/pureza/[id]/editar/page.tsx:134:19)

    console.log
      Cargando especies...

      at log 
(app/listado/analisis/pureza/[id]/editar/page.tsx:146:19)

    console.error
      Error al cargar especies: Error: Error de red
          at Object.<anonymous> (C:\Nadia\ProyectoFinal\inia
-frontend-jc\__tests__\app\listado\analisis\pureza\[id]\edit
ar\page.test.tsx:835:28)
          at Promise.then.completed (C:\Nadia\ProyectoFinal\
inia-frontend-jc\node_modules\jest-circus\build\utils.js:298
:28)
          at new Promise (<anonymous>)
          at callAsyncCircusFn (C:\Nadia\ProyectoFinal\inia-
frontend-jc\node_modules\jest-circus\build\utils.js:231:10)
          at _callCircusTest (C:\Nadia\ProyectoFinal\inia-fr
ontend-jc\node_modules\jest-circus\build\run.js:316:40)
          at _runTest (C:\Nadia\ProyectoFinal\inia-frontend-
jc\node_modules\jest-circus\build\run.js:252:3)
          at _runTestsForDescribeBlock (C:\Nadia\ProyectoFin
al\inia-frontend-jc\node_modules\jest-circus\build\run.js:12
6:9)
          at _runTestsForDescribeBlock (C:\Nadia\ProyectoFin
al\inia-frontend-jc\node_modules\jest-circus\build\run.js:12
1:9)
          at _runTestsForDescribeBlock (C:\Nadia\ProyectoFin
al\inia-frontend-jc\node_modules\jest-circus\build\run.js:12
1:9)
          at run (C:\Nadia\ProyectoFinal\inia-frontend-jc\no
de_modules\jest-circus\build\run.js:71:3)
          at runAndTransformResultsToJestFormat (C:\Nadia\Pr
oyectoFinal\inia-frontend-jc\node_modules\jest-circus\build\
legacy-code-todo-rewrite\jestAdapterInit.js:122:21)
          at jestAdapter (C:\Nadia\ProyectoFinal\inia-fronte
nd-jc\node_modules\jest-circus\build\legacy-code-todo-rewrit
e\jestAdapter.js:79:19)
          at runTestInternal (C:\Nadia\ProyectoFinal\inia-fr
ontend-jc\node_modules\jest-runner\build\runTest.js:367:16)
          at runTest (C:\Nadia\ProyectoFinal\inia-frontend-j
c\node_modules\jest-runner\build\runTest.js:444:34)
          at Object.worker (C:\Nadia\ProyectoFinal\inia-fron
tend-jc\node_modules\jest-runner\build\testWorker.js:106:12)

    [0m [90m 150 |[39m           }
     [90m 151 |[39m         } [36mcatch[39m 
(especiesError) {
    [31m[1m>[22m[39m[90m 152 |[39m           
console[33m.[39merror([32m"Error al cargar 
especies:"[39m[33m,[39m especiesError)
     [90m     |[39m                   [31m[1m^[22m[39m
     [90m 153 |[39m           setEspecies([])
     [90m 154 |[39m         }
     [90m 155 |[39m[0m

      at error 
(app/listado/analisis/pureza/[id]/editar/page.tsx:152:19)

  ÔùÅ EditarPurezaPage Tests ÔÇ║ Test: Carga de datos para 
edici├│n ÔÇ║ debe manejar error al cargar datos

    Found multiple elements with the text: /Error al 
cargar/i

    Here are the matching elements:

    Ignored nodes: comments, script, style
    [36m<h2[39m
      [33mclass[39m=[32m"text-xl font-semibold mb-2"[39m
    [36m>[39m
      [0mError al cargar[0m
    [36m</h2>[39m

    Ignored nodes: comments, script, style
    [36m<p[39m
      [33mclass[39m=[32m"text-muted-foreground mb-4"[39m
    [36m>[39m
      [0mError al cargar los detalles del an├ílisis de 
Pureza[0m
    [36m</p>[39m

    (If this is intentional, then use the `*AllBy*` variant 
of the query (like `queryAllByText`, `getAllByText`, or 
`findAllByText`)).

    Ignored nodes: comments, script, style
    [36m<body>[39m
      [36m<div>[39m
        [36m<div[39m
          [33mclass[39m=[32m"min-h-screen bg-muted/30 
p-4 md:p-8"[39m
        [36m>[39m
          [36m<div[39m
            [33mclass[39m=[32m"flex items-center 
justify-center min-h-[60vh]"[39m
          [36m>[39m
            [36m<div[39m
              [33mclass[39m=[32m"bg-card 
text-card-foreground flex flex-col gap-6 rounded-xl border 
py-6 shadow-sm max-w-lg w-full"[39m
              [33mdata-slot[39m=[32m"card"[39m
            [36m>[39m
              [36m<div[39m
                [33mclass[39m=[32m"px-6 pt-6"[39m
                [33mdata-slot[39m=[32m"card-content"[39m
              [36m>[39m
                [36m<div[39m
                  [33mclass[39m=[32m"text-center"[39m
                [36m>[39m
                  [36m<svg[39m
                    [33mclass[39m=[32m"lucide 
lucide-triangle-alert h-12 w-12 mx-auto mb-4 
text-destructive"[39m
                    [33mfill[39m=[32m"none"[39m
                    [33mheight[39m=[32m"24"[39m
                    
[33mstroke[39m=[32m"currentColor"[39m
                    
[33mstroke-linecap[39m=[32m"round"[39m
                    
[33mstroke-linejoin[39m=[32m"round"[39m
                    [33mstroke-width[39m=[32m"2"[39m
                    [33mviewBox[39m=[32m"0 0 24 24"[39m
                    [33mwidth[39m=[32m"24"[39m
                    
[33mxmlns[39m=[32m"http://www.w3.org/2000/svg"[39m
                  [36m>[39m
                    [36m<path[39m
                      [33md[39m=[32m"m21.73 18-8-14a2 2 
0 0 0-3.48 0l-8 14A2 2 0 0 0 4 21h16a2 2 0 0 0 1.73-3"[39m
                    [36m/>[39m
                    [36m<path[39m
                      [33md[39m=[32m"M12 9v4"[39m
                    [36m/>[39m
                    [36m<path[39m
                      [33md[39m=[32m"M12 17h.01"[39m
                    [36m/>[39m
                  [36m</svg>[39m
                  [36m<h2[39m
                    [33mclass[39m=[32m"text-xl 
font-semibold mb-2"[39m
                  [36m>[39m
                    [0mError al cargar[0m
                  [36m</h2>[39m
                  [36m<p[39m
                    
[33mclass[39m=[32m"text-muted-foreground mb-4"[39m
                  [36m>[39m
                    [0mError al cargar los detalles del 
an├ílisis de Pureza[0m
                  [36m</p>[39m
                  [36m<a[39m
                    
[33mhref[39m=[32m"/listado/analisis/pureza"[39m
                  [36m>[39m
                    [36m<button[39m
                      [33mclass[39m=[32m"inline-flex 
items-center justify-center gap-2 whitespace-nowrap 
rounded-md text-sm font-medium transition-all 
disabled:pointer-events-none disabled:opacity-50 
[&_svg]:pointer-events-none 
[&_svg:not([class*='size-'])]:size-4 shrink-0 
[&_svg]:shrink-0 outline-none focus-visible:border-ring 
focus-visible:ring-ring/50 focus-visible:ring-[3px] 
aria-invalid:ring-destructive/20 
dark:aria-invalid:ring-destructive/40 
aria-invalid:border-destructive border bg-background 
shadow-xs hover:bg-accent hover:text-accent-foreground 
dark:bg-input/30 dark:border-input dark:hover:bg-input/50 
h-9 px-4 py-2 has-[>svg]:px-3"[39m
                      [33mdata-slot[39m=[32m"button"[39m
                    [36m>[39m
                      [36m<svg[39m
                        [33mclass[39m=[32m"lucide 
lucide-arrow-left h-4 w-4 mr-2"[39m
                        [33mfill[39m=[32m"none"[39m
                        [33mheight[39m=[32m"24"[39m
                        
[33mstroke[39m=[32m"currentColor"[39m
                        
[33mstroke-linecap[39m=[32m"round"[39m
                        
[33mstroke-linejoin[39m=[32m"round"[39m
                        [33mstroke-width[39m=[32m"2"[39m
                        [33mviewBox[39m=[32m"0 0 24 
24"[39m
                        [33mwidth[39m=[32m"24"[39m
                        
[33mxmlns[39m=[32m"http://www.w3.org/2000/svg"[39m
                      [36m>[39m
                        [36m<path[39m
                          [33md[39m=[32m"m12 19-7-7 
7-7"[39m
                        [36m/>[39m
                        [36m<path[39m
                          [33md[39m=[32m"M19 12H5"[39m
                        [36m/>[39m
                      [36m</svg>[39m
                      [0mVolver al listado[0m
                    [36m</button>[39m
                  [36m</a>[39m
                [36m</div>[39m
              [36m</div>[39m
            [36m</div>[39m
          [36m</div>[39m
        [36m</div>[39m
      [36m</div>[39m
    [36m</body>[39m

    [0m [90m 211 |[39m       
render([33m<[39m[33mEditarPurezaPage[39m 
[33m/[39m[33m>[39m)
     [90m 212 |[39m
    [31m[1m>[22m[39m[90m 213 |[39m       
[36mawait[39m waitFor(() [33m=>[39m {
     [90m     |[39m                    
[31m[1m^[22m[39m
     [90m 214 |[39m         
expect(screen[33m.[39mgetByText([35m/Error al 
cargar/i[39m))[33m.[39mtoBeInTheDocument()
     [90m 215 |[39m       })
     [90m 216 |[39m     })[0m

      at waitForWrapper (node_modules/@testing-library/react
/node_modules/@testing-library/dom/dist/wait-for.js:163:27)
      at Object.<anonymous> (__tests__/app/listado/analisis/
pureza/[id]/editar/page.test.tsx:213:20)

  ÔùÅ EditarPurezaPage Tests ÔÇ║ Test: Edici├│n de campos 
b├ísicos ÔÇ║ debe permitir cambiar cumple est├índar

    Unable to find an element with the text: /NO cumple con 
los est├índares/i. This could be because the text is broken 
up by multiple elements. In this case, you can provide a 
function for your text matcher to make your matcher more 
flexible.

    Ignored nodes: comments, script, style
    [36m<body>[39m
      [36m<div>[39m
        [36m<div[39m
          [33mclass[39m=[32m"min-h-screen 
bg-muted/30"[39m
        [36m>[39m
          [36m<div[39m
            [33mdata-testid[39m=[32m"header-bar"[39m
          [36m>[39m
            [36m<button[39m
              
[33mdata-testid[39m=[32m"guardar-header"[39m
            [36m>[39m
              [0mGuardar[0m
            [36m</button>[39m
          [36m</div>[39m
          [36m<div[39m
            [33mclass[39m=[32m"container max-w-7xl 
mx-auto px-4 md:px-8 py-8"[39m
          [36m>[39m
            [36m<div[39m
              [33mclass[39m=[32m"space-y-6"[39m
            [36m>[39m
              [36m<div[39m
                [33mclass[39m=[32m"space-y-4"[39m
              [36m>[39m
                [36m<div[39m
                  [33mclass[39m=[32m"flex flex-col gap-4 
sm:flex-row sm:items-center sm:justify-between"[39m
                [36m>[39m
                  [36m<div[39m
                    [33mclass[39m=[32m"flex items-center 
gap-3"[39m
                  [36m>[39m
                    [36m<div[39m
                      [33mclass[39m=[32m"flex h-10 w-10 
items-center justify-center rounded-lg bg-emerald-50"[39m
                    [36m>[39m
                      [36m<svg[39m
                        [33mclass[39m=[32m"lucide 
lucide-building2 h-5 w-5 text-emerald-600"[39m
                        [33mfill[39m=[32m"none"[39m
                        [33mheight[39m=[32m"24"[39m
                        
[33mstroke[39m=[32m"currentColor"[39m
                        
[33mstroke-linecap[39m=[32m"round"[39m
                        
[33mstroke-linejoin[39m=[32m"round"[39m
                        [33mstroke-width[39m=[32m"2"[39m
                        [33mviewBox[39m=[32m"0 0 24 
24"[39m
                        [33mwidth[39m=[32m"24"[39m
                        
[33mxmlns[39m=[32m"http://www.w3.org/2000/svg"[39m
                      [36m>[39m
                        [36m<path[39m
                          [33md[39m=[32m"M6 22V4a2 2 0 0 
1 2-2h8a2 2 0 0 1 2 2v18Z"[39m
                        [36m/>[39m
                        [36m<path[39m
                          [33md[39m=[32m"M6 12H4a2 2 0 0 
0-2 2v6a2 2 0 0 0 2 2h2"[39m
                        [36m/>[39m
                        [36m<path[39m
                          [33md[39m=[32m"M18 9h2a2 2 0 0 
1 2 2v9a2 2 0 0 1-2 2h-2"[39m
                        [36m/>[39m
                        [36m<path[39m
                          [33md[39m=[32m"M10 6h4"[39m
                        [36m/>[39m
                        [36m<path[39m
                          [33md[39m=[32m"M10 10h4"[39m
                        [36m/>[39m
                        [36m<path[39m
                          [33md[39m=[32m"M10 14h4"[39m
                        [36m/>[39m
                        [36m<path[39m
                          [33md[39m=[32m"M10 18h4"[39m
                        [36m/>[39m
                      [36m</svg>[39m
                    [36m</div>[39m
                    [36m<div>[39m
                      [36m<h3[39m
                        [33mclass[39m=[32m"text-lg 
font-semibold"[39m
                      [36m>[39m
                        [0mINIA[0m
                      [36m</h3>[39m
                      [36m<p[39m
                        [33mclass[39m=[32m"text-sm 
text-muted-foreground"[39m
                      [36m>[39m
                        [0mInstituto Nacional de 
Investigaci├│n Agropecuaria[0m
                      [36m</p>[39m
                    [36m</div>[39m
                  [36m</div>[39m
                  [36m<button>[39m
                    [0mVer Tabla de Tolerancias[0m
                  [36m</button>[39m
                [36m</div>[39m
                [36m<div[39m
                  [33mclass[39m=[32m"bg-card 
text-card-foreground flex flex-col gap-6 rounded-xl py-6 
border-0 shadow-sm"[39m
                  [33mdata-slot[39m=[32m"card"[39m
                [36m>[39m
                  [36m<div[39m
                    
[33mclass[39m=[32m"@container/card-header grid 
auto-rows-min grid-rows-[auto_auto] items-start gap-1.5 
px-6 has-data-[slot=card-action]:grid-cols-[1fr_auto] 
[.border-b]:pb-6 pb-4"[39m
                    
[33mdata-slot[39m=[32m"card-header"[39m
                  [36m>[39m
                    [36m<div[39m
                      [33mclass[39m=[32m"text-base 
font-semibold flex items-center gap-2"[39m
                      
[33mdata-slot[39m=[32m"card-title"[39m
                    [36m>[39m
                      [36m<svg[39m
                        [33mclass[39m=[32m"lucide 
lucide-calendar h-4 w-4 text-muted-foreground"[39m
                        [33mfill[39m=[32m"none"[39m
                        [33mheight[39m=[32m"24"[39m
                        
[33mstroke[39m=[32m"currentColor"[39m
                        
[33mstroke-linecap[39m=[32m"round"[39m
                        
[33mstroke-linejoin[39m=[32m"round"[39m
                        [33mstroke-width[39m=[32m"2"[39m
                        [33mviewBox[39m=[32m"0 0 24 
24"[39m
                        [33mwidth[39m=[32m"24"[39m
                        
[33mxmlns[39m=[32m"http://www.w3.org/2000/svg"[39m
                      [36m>[39m
                        [36m<path[39m
                          [33md[39m=[32m"M8 2v4"[39m
                        [36m/>[39m
                        [36m<path[39m
                          [33md[39m=[32m"M16 2v4"[39m
                        [36m/>[39m
                        [36m<rect[39m
                          [33mheight[39m=[32m"18"[39m
                          [33mrx[39m=[32m"2"[39m
                          [33mwidth[39m=[32m"18"[39m
                          [33mx[39m=[32m"3"[39m
                          [33my[39m=[32m"4"[39m
                        [36m/>[39m
                        [36m<path[39m
                          [33md[39m=[32m"M3 10h18"[39m
                        [36m/>[39m
                      [36m</svg>[39m
                      [0mFecha y Valores en Gramos[0m
                    [36m</div>[39m
                  [36m</div>[39m
                  [36m<div[39m
                    [33mclass[39m=[32m"px-6"[39m
                    
[33mdata-slot[39m=[32m"card-content"[39m
                  [36m>[39m
                    [36m<div[39m
                      [33mclass[39m=[32m"grid 
grid-cols-1 md:grid-cols-2 lg:grid-cols-3 xl:grid-cols-4 
gap-4"[39m
                    [36m>[39m
                      [36m<div[39m
                        [33mclass[39m=[32m"space-y-2 
md:col-span-2"[39m
                      [36m>[39m
                        [36m<label[39m
                          [33mclass[39m=[32m"select-none 
group-data-[disabled=true]:pointer-events-none 
group-data-[disabled=true]:opacity-50 
peer-disabled:cursor-not-allowed peer-disabled:opacity-50 
text-sm font-medium flex items-center gap-2"[39m
                          
[33mdata-slot[39m=[32m"label"[39m
                        [36m>[39m
                          [36m<svg[39m
                            [33mclass[39m=[32m"lucide 
lucide-calendar h-4 w-4 text-muted-foreground"[39m
                            [33mfill[39m=[32m"none"[39m
                            [33mheight[39m=[32m"24"[39m
             ...

    [0m [90m 282 |[39m
     [90m 283 |[39m       [90m// Verificar que existe el 
mensaje de no cumplimiento[39m
    [31m[1m>[22m[39m[90m 284 |[39m       
[36mawait[39m waitFor(() [33m=>[39m {
     [90m     |[39m                    
[31m[1m^[22m[39m
     [90m 285 |[39m         
expect(screen[33m.[39mgetByText([35m/NO cumple con los 
est├índares/i[39m))[33m.[39mtoBeInTheDocument()
     [90m 286 |[39m       })
     [90m 287 |[39m     })[0m

      at waitForWrapper (node_modules/@testing-library/react
/node_modules/@testing-library/dom/dist/wait-for.js:163:27)
      at Object.<anonymous> (__tests__/app/listado/analisis/
pureza/[id]/editar/page.test.tsx:284:20)

  ÔùÅ EditarPurezaPage Tests ÔÇ║ Test: C├ílculos 
autom├íticos durante edici├│n ÔÇ║ debe recalcular peso 
total al cambiar componentes

    Found multiple elements with the display value: 
/9\d\.\d{3}/.

    Here are the matching elements:

    Ignored nodes: comments, script, style
    [36m<input[39m
      [33mclass[39m=[32m"file:text-foreground 
placeholder:text-muted-foreground selection:bg-primary 
selection:text-primary-foreground dark:bg-input/30 flex 
w-full min-w-0 rounded-md border px-3 py-1 text-base 
shadow-xs transition-[color,box-shadow] outline-none 
file:inline-flex file:h-7 file:border-0 file:bg-transparent 
file:text-sm file:font-medium disabled:pointer-events-none 
disabled:cursor-not-allowed disabled:opacity-50 md:text-sm 
focus-visible:border-ring focus-visible:ring-ring/50 
focus-visible:ring-[3px] aria-invalid:ring-destructive/20 
dark:aria-invalid:ring-destructive/40 
aria-invalid:border-destructive h-11 bg-blue-50 
border-blue-300 font-semibold text-blue-700"[39m
      [33mdata-slot[39m=[32m"input"[39m
      [33mplaceholder[39m=[32m"0.000"[39m
      [33mreadonly[39m=[32m""[39m
      [33mtype[39m=[32m"text"[39m
      [33mvalue[39m=[32m"94.500"[39m
    [36m/>[39m

    Ignored nodes: comments, script, style
    [36m<input[39m
      [33mclass[39m=[32m"file:text-foreground 
placeholder:text-muted-foreground selection:bg-primary 
selection:text-primary-foreground dark:bg-input/30 flex 
w-full min-w-0 rounded-md border px-3 py-1 text-base 
shadow-xs transition-[color,box-shadow] outline-none 
file:inline-flex file:h-7 file:border-0 file:bg-transparent 
file:text-sm file:font-medium disabled:pointer-events-none 
disabled:cursor-not-allowed disabled:opacity-50 md:text-sm 
focus-visible:border-ring focus-visible:ring-ring/50 
focus-visible:ring-[3px] aria-invalid:ring-destructive/20 
dark:aria-invalid:ring-destructive/40 
aria-invalid:border-destructive h-11 bg-emerald-50 
border-emerald-300 font-semibold text-emerald-700"[39m
      [33mdata-slot[39m=[32m"input"[39m
      [33mreadonly[39m=[32m""[39m
      [33mtype[39m=[32m"text"[39m
      [33mvalue[39m=[32m"95.2381"[39m
    [36m/>[39m

    (If this is intentional, then use the `*AllBy*` variant 
of the query (like `queryAllByText`, `getAllByText`, or 
`findAllByText`)).

    Ignored nodes: comments, script, style
    [36m<body>[39m
      [36m<div>[39m
        [36m<div[39m
          [33mclass[39m=[32m"min-h-screen 
bg-muted/30"[39m
        [36m>[39m
          [36m<div[39m
            [33mdata-testid[39m=[32m"header-bar"[39m
          [36m>[39m
            [36m<button[39m
              
[33mdata-testid[39m=[32m"guardar-header"[39m
            [36m>[39m
              [0mGuardar[0m
            [36m</button>[39m
          [36m</div>[39m
          [36m<div[39m
            [33mclass[39m=[32m"container max-w-7xl 
mx-auto px-4 md:px-8 py-8"[39m
          [36m>[39m
            [36m<div[39m
              [33mclass[39m=[32m"space-y-6"[39m
            [36m>[39m
              [36m<div[39m
                [33mclass[39m=[32m"space-y-4"[39m
              [36m>[39m
                [36m<div[39m
                  [33mclass[39m=[32m"flex flex-col gap-4 
sm:flex-row sm:items-center sm:justify-between"[39m
                [36m>[39m
                  [36m<div[39m
                    [33mclass[39m=[32m"flex items-center 
gap-3"[39m
                  [36m>[39m
                    [36m<div[39m
                      [33mclass[39m=[32m"flex h-10 w-10 
items-center justify-center rounded-lg bg-emerald-50"[39m
                    [36m>[39m
                      [36m<svg[39m
                        [33mclass[39m=[32m"lucide 
lucide-building2 h-5 w-5 text-emerald-600"[39m
                        [33mfill[39m=[32m"none"[39m
                        [33mheight[39m=[32m"24"[39m
                        
[33mstroke[39m=[32m"currentColor"[39m
                        
[33mstroke-linecap[39m=[32m"round"[39m
                        
[33mstroke-linejoin[39m=[32m"round"[39m
                        [33mstroke-width[39m=[32m"2"[39m
                        [33mviewBox[39m=[32m"0 0 24 
24"[39m
                        [33mwidth[39m=[32m"24"[39m
                        
[33mxmlns[39m=[32m"http://www.w3.org/2000/svg"[39m
                      [36m>[39m
                        [36m<path[39m
                          [33md[39m=[32m"M6 22V4a2 2 0 0 
1 2-2h8a2 2 0 0 1 2 2v18Z"[39m
                        [36m/>[39m
                        [36m<path[39m
                          [33md[39m=[32m"M6 12H4a2 2 0 0 
0-2 2v6a2 2 0 0 0 2 2h2"[39m
                        [36m/>[39m
                        [36m<path[39m
                          [33md[39m=[32m"M18 9h2a2 2 0 0 
1 2 2v9a2 2 0 0 1-2 2h-2"[39m
                        [36m/>[39m
                        [36m<path[39m
                          [33md[39m=[32m"M10 6h4"[39m
                        [36m/>[39m
                        [36m<path[39m
                          [33md[39m=[32m"M10 10h4"[39m
                        [36m/>[39m
                        [36m<path[39m
                          [33md[39m=[32m"M10 14h4"[39m
                        [36m/>[39m
                        [36m<path[39m
                          [33md[39m=[32m"M10 18h4"[39m
                        [36m/>[39m
                      [36m</svg>[39m
                    [36m</div>[39m
                    [36m<div>[39m
                      [36m<h3[39m
                        [33mclass[39m=[32m"text-lg 
font-semibold"[39m
                      [36m>[39m
                        [0mINIA[0m
                      [36m</h3>[39m
                      [36m<p[39m
                        [33mclass[39m=[32m"text-sm 
text-muted-foreground"[39m
                      [36m>[39m
                        [0mInstituto Nacional de 
Investigaci├│n Agropecuaria[0m
                      [36m</p>[39m
                    [36m</div>[39m
                  [36m</div>[39m
                  [36m<button>[39m
                    [0mVer Tabla de Tolerancias[0m
                  [36m</button>[39m
                [36m</div>[39m
                [36m<div[39m
                  [33mclass[39m=[32m"bg-card 
text-card-foreground flex flex-col gap-6 rounded-xl py-6 
border-0 shadow-sm"[39m
                  [33mdata-slot[39m=[32m"card"[39m
                [36m>[39m
                  [36m<div[39m
                    
[33mclass[39m=[32m"@container/card-header grid 
auto-rows-min grid-rows-[auto_auto] items-start gap-1.5 
px-6 has-data-[slot=card-action]:grid-cols-[1fr_auto] 
[.border-b]:pb-6 pb-4"[39m
                    
[33mdata-slot[39m=[32m"card-header"[39m
                  [36m>[39m
                    [36m<div[39m
                      [33mclass[39m=[32m"text-base 
font-semibold flex items-center gap-2"[39m
                      
[33mdata-slot[39m=[32m"card-title"[39m
                    [36m>[39m
                      [36m<svg[39m
                        [33mclass[39m=[32m"lucide 
lucide-calendar h-4 w-4 text-muted-foreground"[39m
                        [33mfill[39m=[32m"none"[39m
                        [33mheight[39m=[32m"24"[39m
                        
[33mstroke[39m=[32m"currentColor"[39m
                        
[33mstroke-linecap[39m=[32m"round"[39m
                        
[33mstroke-linejoin[39m=[32m"round"[39m
                        [33mstroke-width[39m=[32m"2"[39m
                        [33mviewBox[39m=[32m"0 0 24 
24"[39m
                        [33mwidth[39m=[32m"24"[39m
                        
[33mxmlns[39m=[32m"http://www.w3.org/2000/svg"[39m
                      [36m>[39m
                        [36m<path[39m
                          [33md[39m=[32m"M8 2v4"[39m
                        [36m/>[39m
                        [36m<path[39m
                          [33md[39m=[32m"M16 2v4"[39m
                        [36m/>[39m
                        [36m<rect[39m
                          [33mheight[39m=[32m"18"[39m
                          [33mrx[39m=[32m"2"[39m
                          [33mwidth[39m=[32m"18"[39m
                          [33mx[39m=[32m"3"[39m
                          [33my[39m=[32m"4"[39m
                        [36m/>[39m
                        [36m<path[39m
                          [33md[39m=[32m"M3 10h18"[39m
                        [36m/>[39m
                      [36m</svg>[39m
                      [0mFecha y Valores en Gramos[0m
                    [36m</div>[39m
                  [36m</div>[39m
                  [36m<div[39m
                    [33mclass[39m=[32m"px-6"[39m
                    
[33mdata-slot[39m=[32m"card-content"[39m
                  [36m>[39m
                    [36m<div[39m
                      [33mclass[39m=[32m"grid 
grid-cols-1 md:grid-cols-2 lg:grid-cols-3 xl:grid-cols-4 
gap-4"[39m
                    [36m>[39m
                      [36m<div[39m
                        [33mclass[39m=[32m"space-y-2 
md:col-span-2"[39m
                      [36m>[39m
                        [36m<label[39m
                          [33mclass[39m=[32m"select-none 
group-data-[disabled=true]:pointer-events-none 
group-data-[disabled=true]:opacity-50 
peer-disabled:cursor-not-allowed peer-disabled:opacity-50 
text-sm font-medium flex items-center gap-2"[39m
                          
[33mdata-slot[39m=[32m"label"[39m
                        [36m>[39m
                          [36m<svg[39m
                            [33mclass[39m=[32m"lucide 
lucide-calendar h-4 w-4 text-muted-foreground"[39m
                            [33mfill[39m=[32m"none"[39m
                            [33mheight[39m=[32m"24"[39m
             ...

    [0m [90m 305 |[39m
     [90m 306 |[39m       [90m// El peso total debe 
recalcularse autom├íticamente[39m
    [31m[1m>[22m[39m[90m 307 |[39m       
[36mawait[39m waitFor(() [33m=>[39m {
     [90m     |[39m                    
[31m[1m^[22m[39m
     [90m 308 |[39m         [36mconst[39m pesoTotalAuto 
[33m=[39m 
screen[33m.[39mgetByDisplayValue([35m/9\d\.\d{3}/[39m)
     [90m 309 |[39m         
expect(pesoTotalAuto)[33m.[39mtoBeInTheDocument()
     [90m 310 |[39m       })[0m

      at waitForWrapper (node_modules/@testing-library/react
/node_modules/@testing-library/dom/dist/wait-for.js:163:27)
      at Object.<anonymous> (__tests__/app/listado/analisis/
pureza/[id]/editar/page.test.tsx:307:20)

  ÔùÅ EditarPurezaPage Tests ÔÇ║ Test: Validaciones durante 
edici├│n ÔÇ║ debe mostrar error si peso total > peso inicial

    Unable to find an element with the text: /no puede ser 
mayor al peso inicial/i. This could be because the text is 
broken up by multiple elements. In this case, you can 
provide a function for your text matcher to make your 
matcher more flexible.

    Ignored nodes: comments, script, style
    [36m<body>[39m
      [36m<div>[39m
        [36m<div[39m
          [33mclass[39m=[32m"min-h-screen 
bg-muted/30"[39m
        [36m>[39m
          [36m<div[39m
            [33mdata-testid[39m=[32m"header-bar"[39m
          [36m>[39m
            [36m<button[39m
              
[33mdata-testid[39m=[32m"guardar-header"[39m
            [36m>[39m
              [0mGuardar[0m
            [36m</button>[39m
          [36m</div>[39m
          [36m<div[39m
            [33mclass[39m=[32m"container max-w-7xl 
mx-auto px-4 md:px-8 py-8"[39m
          [36m>[39m
            [36m<div[39m
              [33mclass[39m=[32m"space-y-6"[39m
            [36m>[39m
              [36m<div[39m
                [33mclass[39m=[32m"space-y-4"[39m
              [36m>[39m
                [36m<div[39m
                  [33mclass[39m=[32m"flex flex-col gap-4 
sm:flex-row sm:items-center sm:justify-between"[39m
                [36m>[39m
                  [36m<div[39m
                    [33mclass[39m=[32m"flex items-center 
gap-3"[39m
                  [36m>[39m
                    [36m<div[39m
                      [33mclass[39m=[32m"flex h-10 w-10 
items-center justify-center rounded-lg bg-emerald-50"[39m
                    [36m>[39m
                      [36m<svg[39m
                        [33mclass[39m=[32m"lucide 
lucide-building2 h-5 w-5 text-emerald-600"[39m
                        [33mfill[39m=[32m"none"[39m
                        [33mheight[39m=[32m"24"[39m
                        
[33mstroke[39m=[32m"currentColor"[39m
                        
[33mstroke-linecap[39m=[32m"round"[39m
                        
[33mstroke-linejoin[39m=[32m"round"[39m
                        [33mstroke-width[39m=[32m"2"[39m
                        [33mviewBox[39m=[32m"0 0 24 
24"[39m
                        [33mwidth[39m=[32m"24"[39m
                        
[33mxmlns[39m=[32m"http://www.w3.org/2000/svg"[39m
                      [36m>[39m
                        [36m<path[39m
                          [33md[39m=[32m"M6 22V4a2 2 0 0 
1 2-2h8a2 2 0 0 1 2 2v18Z"[39m
                        [36m/>[39m
                        [36m<path[39m
                          [33md[39m=[32m"M6 12H4a2 2 0 0 
0-2 2v6a2 2 0 0 0 2 2h2"[39m
                        [36m/>[39m
                        [36m<path[39m
                          [33md[39m=[32m"M18 9h2a2 2 0 0 
1 2 2v9a2 2 0 0 1-2 2h-2"[39m
                        [36m/>[39m
                        [36m<path[39m
                          [33md[39m=[32m"M10 6h4"[39m
                        [36m/>[39m
                        [36m<path[39m
                          [33md[39m=[32m"M10 10h4"[39m
                        [36m/>[39m
                        [36m<path[39m
                          [33md[39m=[32m"M10 14h4"[39m
                        [36m/>[39m
                        [36m<path[39m
                          [33md[39m=[32m"M10 18h4"[39m
                        [36m/>[39m
                      [36m</svg>[39m
                    [36m</div>[39m
                    [36m<div>[39m
                      [36m<h3[39m
                        [33mclass[39m=[32m"text-lg 
font-semibold"[39m
                      [36m>[39m
                        [0mINIA[0m
                      [36m</h3>[39m
                      [36m<p[39m
                        [33mclass[39m=[32m"text-sm 
text-muted-foreground"[39m
                      [36m>[39m
                        [0mInstituto Nacional de 
Investigaci├│n Agropecuaria[0m
                      [36m</p>[39m
                    [36m</div>[39m
                  [36m</div>[39m
                  [36m<button>[39m
                    [0mVer Tabla de Tolerancias[0m
                  [36m</button>[39m
                [36m</div>[39m
                [36m<div[39m
                  [33mclass[39m=[32m"bg-card 
text-card-foreground flex flex-col gap-6 rounded-xl py-6 
border-0 shadow-sm"[39m
                  [33mdata-slot[39m=[32m"card"[39m
                [36m>[39m
                  [36m<div[39m
                    
[33mclass[39m=[32m"@container/card-header grid 
auto-rows-min grid-rows-[auto_auto] items-start gap-1.5 
px-6 has-data-[slot=card-action]:grid-cols-[1fr_auto] 
[.border-b]:pb-6 pb-4"[39m
                    
[33mdata-slot[39m=[32m"card-header"[39m
                  [36m>[39m
                    [36m<div[39m
                      [33mclass[39m=[32m"text-base 
font-semibold flex items-center gap-2"[39m
                      
[33mdata-slot[39m=[32m"card-title"[39m
                    [36m>[39m
                      [36m<svg[39m
                        [33mclass[39m=[32m"lucide 
lucide-calendar h-4 w-4 text-muted-foreground"[39m
                        [33mfill[39m=[32m"none"[39m
                        [33mheight[39m=[32m"24"[39m
                        
[33mstroke[39m=[32m"currentColor"[39m
                        
[33mstroke-linecap[39m=[32m"round"[39m
                        
[33mstroke-linejoin[39m=[32m"round"[39m
                        [33mstroke-width[39m=[32m"2"[39m
                        [33mviewBox[39m=[32m"0 0 24 
24"[39m
                        [33mwidth[39m=[32m"24"[39m
                        
[33mxmlns[39m=[32m"http://www.w3.org/2000/svg"[39m
                      [36m>[39m
                        [36m<path[39m
                          [33md[39m=[32m"M8 2v4"[39m
                        [36m/>[39m
                        [36m<path[39m
                          [33md[39m=[32m"M16 2v4"[39m
                        [36m/>[39m
                        [36m<rect[39m
                          [33mheight[39m=[32m"18"[39m
                          [33mrx[39m=[32m"2"[39m
                          [33mwidth[39m=[32m"18"[39m
                          [33mx[39m=[32m"3"[39m
                          [33my[39m=[32m"4"[39m
                        [36m/>[39m
                        [36m<path[39m
                          [33md[39m=[32m"M3 10h18"[39m
                        [36m/>[39m
                      [36m</svg>[39m
                      [0mFecha y Valores en Gramos[0m
                    [36m</div>[39m
                  [36m</div>[39m
                  [36m<div[39m
                    [33mclass[39m=[32m"px-6"[39m
                    
[33mdata-slot[39m=[32m"card-content"[39m
                  [36m>[39m
                    [36m<div[39m
                      [33mclass[39m=[32m"grid 
grid-cols-1 md:grid-cols-2 lg:grid-cols-3 xl:grid-cols-4 
gap-4"[39m
                    [36m>[39m
                      [36m<div[39m
                        [33mclass[39m=[32m"space-y-2 
md:col-span-2"[39m
                      [36m>[39m
                        [36m<label[39m
                          [33mclass[39m=[32m"select-none 
group-data-[disabled=true]:pointer-events-none 
group-data-[disabled=true]:opacity-50 
peer-disabled:cursor-not-allowed peer-disabled:opacity-50 
text-sm font-medium flex items-center gap-2"[39m
                          
[33mdata-slot[39m=[32m"label"[39m
                        [36m>[39m
                          [36m<svg[39m
                            [33mclass[39m=[32m"lucide 
lucide-calendar h-4 w-4 text-muted-foreground"[39m
                            [33mfill[39m=[32m"none"[39m
                            [33mheight[39m=[32m"24"[39m
             ...

    [0m [90m 362 |[39m       })
     [90m 363 |[39m
    [31m[1m>[22m[39m[90m 364 |[39m       
[36mawait[39m waitFor(() [33m=>[39m {
     [90m     |[39m                    
[31m[1m^[22m[39m
     [90m 365 |[39m         
expect(screen[33m.[39mgetByText([35m/no puede ser mayor 
al peso inicial/i[39m))[33m.[39mtoBeInTheDocument()
     [90m 366 |[39m       })
     [90m 367 |[39m     })[0m

      at waitForWrapper (node_modules/@testing-library/react
/node_modules/@testing-library/dom/dist/wait-for.js:163:27)
      at Object.<anonymous> (__tests__/app/listado/analisis/
pureza/[id]/editar/page.test.tsx:364:20)

FAIL __tests__/app/listado/analisis/pureza/page.test.tsx 
(9.937 s)
  ÔùÅ Console

    console.log
      DEBUG obtenerPurezasPaginadas response: {
        content: [
          {
            analisisID: 1,
            estado: 'APROBADO',
            fechaInicio: '2024-03-01',
            fechaFin: '2024-03-15',
            lote: 'Trigo Baguette 10',
            idLote: 1,
            especie: 'Trigo',
            activo: true,
            redonSemillaPura: 95.5,
            inasePura: 95,
            usuarioCreador: 'usuario1',
            usuarioModificador: 'usuario2'
          },
          {
            analisisID: 2,
            estado: 'EN_PROCESO',
            fechaInicio: '2024-03-02',
            lote: 'Ma├¡z Colorado',
            idLote: 2,
            especie: 'Ma├¡z',
            activo: true,
            redonSemillaPura: 92,
            inasePura: 91.5
          },
          {
            analisisID: 3,
            estado: 'REGISTRADO',
            fechaInicio: '2024-03-03',
            lote: 'Soja Asgrow',
            idLote: 3,
            especie: 'Soja',
            activo: true,
            redonSemillaPura: 98,
            inasePura: 97.5
          }
        ],
        totalElements: 3,
        totalPages: 1,
        last: true,
        first: true,
        number: 0
      }

      at log (app/listado/analisis/pureza/page.tsx:113:15)

    console.log
      DEBUG obtenerPurezasPaginadas response: {
        content: [
          {
            analisisID: 1,
            estado: 'APROBADO',
            fechaInicio: '2024-03-01',
            fechaFin: '2024-03-15',
            lote: 'Trigo Baguette 10',
            idLote: 1,
            especie: 'Trigo',
            activo: true,
            redonSemillaPura: 95.5,
            inasePura: 95,
            usuarioCreador: 'usuario1',
            usuarioModificador: 'usuario2'
          },
          {
            analisisID: 2,
            estado: 'EN_PROCESO',
            fechaInicio: '2024-03-02',
            lote: 'Ma├¡z Colorado',
            idLote: 2,
            especie: 'Ma├¡z',
            activo: true,
            redonSemillaPura: 92,
            inasePura: 91.5
          },
          {
            analisisID: 3,
            estado: 'REGISTRADO',
            fechaInicio: '2024-03-03',
            lote: 'Soja Asgrow',
            idLote: 3,
            especie: 'Soja',
            activo: true,
            redonSemillaPura: 98,
            inasePura: 97.5
          }
        ],
        totalElements: 3,
        totalPages: 1,
        last: true,
        first: true,
        number: 0
      }

      at log (app/listado/analisis/pureza/page.tsx:113:15)

    console.log
      DEBUG obtenerPurezasPaginadas response: {
        content: [
          {
            analisisID: 1,
            estado: 'APROBADO',
            fechaInicio: '2024-03-01',
            fechaFin: '2024-03-15',
            lote: 'Trigo Baguette 10',
            idLote: 1,
            especie: 'Trigo',
            activo: true,
            redonSemillaPura: 95.5,
            inasePura: 95,
            usuarioCreador: 'usuario1',
            usuarioModificador: 'usuario2'
          },
          {
            analisisID: 2,
            estado: 'EN_PROCESO',
            fechaInicio: '2024-03-02',
            lote: 'Ma├¡z Colorado',
            idLote: 2,
            especie: 'Ma├¡z',
            activo: true,
            redonSemillaPura: 92,
            inasePura: 91.5
          },
          {
            analisisID: 3,
            estado: 'REGISTRADO',
            fechaInicio: '2024-03-03',
            lote: 'Soja Asgrow',
            idLote: 3,
            especie: 'Soja',
            activo: true,
            redonSemillaPura: 98,
            inasePura: 97.5
          }
        ],
        totalElements: 3,
        totalPages: 1,
        last: true,
        first: true,
        number: 0
      }

      at log (app/listado/analisis/pureza/page.tsx:113:15)

    console.log
      DEBUG obtenerPurezasPaginadas response: {
        content: [
          {
            analisisID: 1,
            estado: 'APROBADO',
            fechaInicio: '2024-03-01',
            fechaFin: '2024-03-15',
            lote: 'Trigo Baguette 10',
            idLote: 1,
            especie: 'Trigo',
            activo: true,
            redonSemillaPura: 95.5,
            inasePura: 95,
            usuarioCreador: 'usuario1',
            usuarioModificador: 'usuario2'
          },
          {
            analisisID: 2,
            estado: 'EN_PROCESO',
            fechaInicio: '2024-03-02',
            lote: 'Ma├¡z Colorado',
            idLote: 2,
            especie: 'Ma├¡z',
            activo: true,
            redonSemillaPura: 92,
            inasePura: 91.5
          },
          {
            analisisID: 3,
            estado: 'REGISTRADO',
            fechaInicio: '2024-03-03',
            lote: 'Soja Asgrow',
            idLote: 3,
            especie: 'Soja',
            activo: true,
            redonSemillaPura: 98,
            inasePura: 97.5
          }
        ],
        totalElements: 3,
        totalPages: 1,
        last: true,
        first: true,
        number: 0
      }

      at log (app/listado/analisis/pureza/page.tsx:113:15)

    console.log
      DEBUG obtenerPurezasPaginadas response: {
        content: [
          {
            analisisID: 1,
            estado: 'APROBADO',
            fechaInicio: '2024-03-01',
            fechaFin: '2024-03-15',
            lote: 'Trigo Baguette 10',
            idLote: 1,
            especie: 'Trigo',
            activo: true,
            redonSemillaPura: 95.5,
            inasePura: 95,
            usuarioCreador: 'usuario1',
            usuarioModificador: 'usuario2'
          },
          {
            analisisID: 2,
            estado: 'EN_PROCESO',
            fechaInicio: '2024-03-02',
            lote: 'Ma├¡z Colorado',
            idLote: 2,
            especie: 'Ma├¡z',
            activo: true,
            redonSemillaPura: 92,
            inasePura: 91.5
          },
          {
            analisisID: 3,
            estado: 'REGISTRADO',
            fechaInicio: '2024-03-03',
            lote: 'Soja Asgrow',
            idLote: 3,
            especie: 'Soja',
            activo: true,
            redonSemillaPura: 98,
            inasePura: 97.5
          }
        ],
        totalElements: 3,
        totalPages: 1,
        last: true,
        first: true,
        number: 0
      }

      at log (app/listado/analisis/pureza/page.tsx:113:15)

    console.log
      DEBUG obtenerPurezasPaginadas response: {
        content: [
          {
            analisisID: 1,
            estado: 'APROBADO',
            fechaInicio: '2024-03-01',
            fechaFin: '2024-03-15',
            lote: 'Trigo Baguette 10',
            idLote: 1,
            especie: 'Trigo',
            activo: true,
            redonSemillaPura: 95.5,
            inasePura: 95,
            usuarioCreador: 'usuario1',
            usuarioModificador: 'usuario2'
          },
          {
            analisisID: 2,
            estado: 'EN_PROCESO',
            fechaInicio: '2024-03-02',
            lote: 'Ma├¡z Colorado',
            idLote: 2,
            especie: 'Ma├¡z',
            activo: true,
            redonSemillaPura: 92,
            inasePura: 91.5
          },
          {
            analisisID: 3,
            estado: 'REGISTRADO',
            fechaInicio: '2024-03-03',
            lote: 'Soja Asgrow',
            idLote: 3,
            especie: 'Soja',
            activo: true,
            redonSemillaPura: 98,
            inasePura: 97.5
          }
        ],
        totalElements: 3,
        totalPages: 1,
        last: true,
        first: true,
        number: 0
      }

      at log (app/listado/analisis/pureza/page.tsx:113:15)

    console.log
      DEBUG obtenerPurezasPaginadas response: {
        content: [
          {
            analisisID: 1,
            estado: 'APROBADO',
            fechaInicio: '2024-03-01',
            fechaFin: '2024-03-15',
            lote: 'Trigo Baguette 10',
            idLote: 1,
            especie: 'Trigo',
            activo: true,
            redonSemillaPura: 95.5,
            inasePura: 95,
            usuarioCreador: 'usuario1',
            usuarioModificador: 'usuario2'
          },
          {
            analisisID: 2,
            estado: 'EN_PROCESO',
            fechaInicio: '2024-03-02',
            lote: 'Ma├¡z Colorado',
            idLote: 2,
            especie: 'Ma├¡z',
            activo: true,
            redonSemillaPura: 92,
            inasePura: 91.5
          },
          {
            analisisID: 3,
            estado: 'REGISTRADO',
            fechaInicio: '2024-03-03',
            lote: 'Soja Asgrow',
            idLote: 3,
            especie: 'Soja',
            activo: true,
            redonSemillaPura: 98,
            inasePura: 97.5
          }
        ],
        totalElements: 3,
        totalPages: 1,
        last: true,
        first: true,
        number: 0
      }

      at log (app/listado/analisis/pureza/page.tsx:113:15)

    console.log
      DEBUG obtenerPurezasPaginadas response: {
        content: [
          {
            analisisID: 1,
            estado: 'APROBADO',
            fechaInicio: '2024-03-01',
            fechaFin: '2024-03-15',
            lote: 'Trigo Baguette 10',
            idLote: 1,
            especie: 'Trigo',
            activo: true,
            redonSemillaPura: 95.5,
            inasePura: 95,
            usuarioCreador: 'usuario1',
            usuarioModificador: 'usuario2'
          },
          {
            analisisID: 2,
            estado: 'EN_PROCESO',
            fechaInicio: '2024-03-02',
            lote: 'Ma├¡z Colorado',
            idLote: 2,
            especie: 'Ma├¡z',
            activo: true,
            redonSemillaPura: 92,
            inasePura: 91.5
          },
          {
            analisisID: 3,
            estado: 'REGISTRADO',
            fechaInicio: '2024-03-03',
            lote: 'Soja Asgrow',
            idLote: 3,
            especie: 'Soja',
            activo: true,
            redonSemillaPura: 98,
            inasePura: 97.5
          }
        ],
        totalElements: 3,
        totalPages: 1,
        last: true,
        first: true,
        number: 0
      }

      at log (app/listado/analisis/pureza/page.tsx:113:15)

    console.error
      Error fetching purezas: Error: Error de red
          at Object.<anonymous> (C:\Nadia\ProyectoFinal\inia
-frontend-jc\__tests__\app\listado\analisis\pureza\page.test
.tsx:221:28)
          at Promise.then.completed (C:\Nadia\ProyectoFinal\
inia-frontend-jc\node_modules\jest-circus\build\utils.js:298
:28)
          at new Promise (<anonymous>)
          at callAsyncCircusFn (C:\Nadia\ProyectoFinal\inia-
frontend-jc\node_modules\jest-circus\build\utils.js:231:10)
          at _callCircusTest (C:\Nadia\ProyectoFinal\inia-fr
ontend-jc\node_modules\jest-circus\build\run.js:316:40)
          at _runTest (C:\Nadia\ProyectoFinal\inia-frontend-
jc\node_modules\jest-circus\build\run.js:252:3)
          at _runTestsForDescribeBlock (C:\Nadia\ProyectoFin
al\inia-frontend-jc\node_modules\jest-circus\build\run.js:12
6:9)
          at _runTestsForDescribeBlock (C:\Nadia\ProyectoFin
al\inia-frontend-jc\node_modules\jest-circus\build\run.js:12
1:9)
          at _runTestsForDescribeBlock (C:\Nadia\ProyectoFin
al\inia-frontend-jc\node_modules\jest-circus\build\run.js:12
1:9)
          at run (C:\Nadia\ProyectoFinal\inia-frontend-jc\no
de_modules\jest-circus\build\run.js:71:3)
          at runAndTransformResultsToJestFormat (C:\Nadia\Pr
oyectoFinal\inia-frontend-jc\node_modules\jest-circus\build\
legacy-code-todo-rewrite\jestAdapterInit.js:122:21)
          at jestAdapter (C:\Nadia\ProyectoFinal\inia-fronte
nd-jc\node_modules\jest-circus\build\legacy-code-todo-rewrit
e\jestAdapter.js:79:19)
          at runTestInternal (C:\Nadia\ProyectoFinal\inia-fr
ontend-jc\node_modules\jest-runner\build\runTest.js:367:16)
          at runTest (C:\Nadia\ProyectoFinal\inia-frontend-j
c\node_modules\jest-runner\build\runTest.js:444:34)
          at Object.worker (C:\Nadia\ProyectoFinal\inia-fron
tend-jc\node_modules\jest-runner\build\testWorker.js:106:12)

    [0m [90m 124 |[39m     } [36mcatch[39m (err) {
     [90m 125 |[39m       setError([32m"Error al cargar 
los an├ílisis de pureza"[39m)
    [31m[1m>[22m[39m[90m 126 |[39m       
console[33m.[39merror([32m"Error fetching 
purezas:"[39m[33m,[39m err)
     [90m     |[39m               [31m[1m^[22m[39m
     [90m 127 |[39m     } [36mfinally[39m {
     [90m 128 |[39m       setLoading([36mfalse[39m)
     [90m 129 |[39m     }[0m

      at error (app/listado/analisis/pureza/page.tsx:126:15)

    console.log
      DEBUG obtenerPurezasPaginadas response: {
        content: [
          {
            analisisID: 1,
            estado: 'APROBADO',
            fechaInicio: '2024-03-01',
            fechaFin: '2024-03-15',
            lote: 'Trigo Baguette 10',
            idLote: 1,
            especie: 'Trigo',
            activo: true,
            redonSemillaPura: 95.5,
            inasePura: 95,
            usuarioCreador: 'usuario1',
            usuarioModificador: 'usuario2'
          },
          {
            analisisID: 2,
            estado: 'EN_PROCESO',
            fechaInicio: '2024-03-02',
            lote: 'Ma├¡z Colorado',
            idLote: 2,
            especie: 'Ma├¡z',
            activo: true,
            redonSemillaPura: 92,
            inasePura: 91.5
          },
          {
            analisisID: 3,
            estado: 'REGISTRADO',
            fechaInicio: '2024-03-03',
            lote: 'Soja Asgrow',
            idLote: 3,
            especie: 'Soja',
            activo: true,
            redonSemillaPura: 98,
            inasePura: 97.5
          }
        ],
        totalElements: 3,
        totalPages: 1,
        last: true,
        first: true,
        number: 0
      }

      at log (app/listado/analisis/pureza/page.tsx:113:15)

    console.log
      DEBUG obtenerPurezasPaginadas response: {
        content: [
          {
            analisisID: 1,
            estado: 'APROBADO',
            fechaInicio: '2024-03-01',
            fechaFin: '2024-03-15',
            lote: 'Trigo Baguette 10',
            idLote: 1,
            especie: 'Trigo',
            activo: true,
            redonSemillaPura: 95.5,
            inasePura: 95,
            usuarioCreador: 'usuario1',
            usuarioModificador: 'usuario2'
          },
          {
            analisisID: 2,
            estado: 'EN_PROCESO',
            fechaInicio: '2024-03-02',
            lote: 'Ma├¡z Colorado',
            idLote: 2,
            especie: 'Ma├¡z',
            activo: true,
            redonSemillaPura: 92,
            inasePura: 91.5
          },
          {
            analisisID: 3,
            estado: 'REGISTRADO',
            fechaInicio: '2024-03-03',
            lote: 'Soja Asgrow',
            idLote: 3,
            especie: 'Soja',
            activo: true,
            redonSemillaPura: 98,
            inasePura: 97.5
          }
        ],
        totalElements: 3,
        totalPages: 1,
        last: true,
        first: true,
        number: 0
      }

      at log (app/listado/analisis/pureza/page.tsx:113:15)

    console.log
      DEBUG obtenerPurezasPaginadas response: {
        content: [
          {
            analisisID: 1,
            estado: 'APROBADO',
            fechaInicio: '2024-03-01',
            fechaFin: '2024-03-15',
            lote: 'Trigo Baguette 10',
            idLote: 1,
            especie: 'Trigo',
            activo: true,
            redonSemillaPura: 95.5,
            inasePura: 95,
            usuarioCreador: 'usuario1',
            usuarioModificador: 'usuario2'
          },
          {
            analisisID: 2,
            estado: 'EN_PROCESO',
            fechaInicio: '2024-03-02',
            lote: 'Ma├¡z Colorado',
            idLote: 2,
            especie: 'Ma├¡z',
            activo: true,
            redonSemillaPura: 92,
            inasePura: 91.5
          },
          {
            analisisID: 3,
            estado: 'REGISTRADO',
            fechaInicio: '2024-03-03',
            lote: 'Soja Asgrow',
            idLote: 3,
            especie: 'Soja',
            activo: true,
            redonSemillaPura: 98,
            inasePura: 97.5
          }
        ],
        totalElements: 3,
        totalPages: 1,
        last: true,
        first: true,
        number: 0
      }

      at log (app/listado/analisis/pureza/page.tsx:113:15)

    console.log
      DEBUG obtenerPurezasPaginadas response: {
        content: [
          {
            analisisID: 1,
            estado: 'APROBADO',
            fechaInicio: '2024-03-01',
            fechaFin: '2024-03-15',
            lote: 'Trigo Baguette 10',
            idLote: 1,
            especie: 'Trigo',
            activo: true,
            redonSemillaPura: 95.5,
            inasePura: 95,
            usuarioCreador: 'usuario1',
            usuarioModificador: 'usuario2'
          },
          {
            analisisID: 2,
            estado: 'EN_PROCESO',
            fechaInicio: '2024-03-02',
            lote: 'Ma├¡z Colorado',
            idLote: 2,
            especie: 'Ma├¡z',
            activo: true,
            redonSemillaPura: 92,
            inasePura: 91.5
          },
          {
            analisisID: 3,
            estado: 'REGISTRADO',
            fechaInicio: '2024-03-03',
            lote: 'Soja Asgrow',
            idLote: 3,
            especie: 'Soja',
            activo: true,
            redonSemillaPura: 98,
            inasePura: 97.5
          }
        ],
        totalElements: 3,
        totalPages: 1,
        last: true,
        first: true,
        number: 0
      }

      at log (app/listado/analisis/pureza/page.tsx:113:15)

    console.log
      DEBUG obtenerPurezasPaginadas response: {
        content: [
          {
            analisisID: 1,
            estado: 'APROBADO',
            fechaInicio: '2024-03-01',
            fechaFin: '2024-03-15',
            lote: 'Trigo Baguette 10',
            idLote: 1,
            especie: 'Trigo',
            activo: true,
            redonSemillaPura: 95.5,
            inasePura: 95,
            usuarioCreador: 'usuario1',
            usuarioModificador: 'usuario2'
          },
          {
            analisisID: 2,
            estado: 'EN_PROCESO',
            fechaInicio: '2024-03-02',
            lote: 'Ma├¡z Colorado',
            idLote: 2,
            especie: 'Ma├¡z',
            activo: true,
            redonSemillaPura: 92,
            inasePura: 91.5
          },
          {
            analisisID: 3,
            estado: 'REGISTRADO',
            fechaInicio: '2024-03-03',
            lote: 'Soja Asgrow',
            idLote: 3,
            especie: 'Soja',
            activo: true,
            redonSemillaPura: 98,
            inasePura: 97.5
          }
        ],
        totalElements: 3,
        totalPages: 1,
        last: true,
        first: true,
        number: 0
      }

      at log (app/listado/analisis/pureza/page.tsx:113:15)

    console.log
      DEBUG obtenerPurezasPaginadas response: {
        content: [
          {
            analisisID: 1,
            estado: 'APROBADO',
            fechaInicio: '2024-03-01',
            fechaFin: '2024-03-15',
            lote: 'Trigo Baguette 10',
            idLote: 1,
            especie: 'Trigo',
            activo: true,
            redonSemillaPura: 95.5,
            inasePura: 95,
            usuarioCreador: 'usuario1',
            usuarioModificador: 'usuario2'
          },
          {
            analisisID: 2,
            estado: 'EN_PROCESO',
            fechaInicio: '2024-03-02',
            lote: 'Ma├¡z Colorado',
            idLote: 2,
            especie: 'Ma├¡z',
            activo: true,
            redonSemillaPura: 92,
            inasePura: 91.5
          },
          {
            analisisID: 3,
            estado: 'REGISTRADO',
            fechaInicio: '2024-03-03',
            lote: 'Soja Asgrow',
            idLote: 3,
            especie: 'Soja',
            activo: true,
            redonSemillaPura: 98,
            inasePura: 97.5
          }
        ],
        totalElements: 3,
        totalPages: 1,
        last: true,
        first: true,
        number: 0
      }

      at log (app/listado/analisis/pureza/page.tsx:113:15)

    console.log
      DEBUG obtenerPurezasPaginadas response: {
        content: [
          {
            analisisID: 1,
            estado: 'APROBADO',
            fechaInicio: '2024-03-01',
            fechaFin: '2024-03-15',
            lote: 'Trigo Baguette 10',
            idLote: 1,
            especie: 'Trigo',
            activo: true,
            redonSemillaPura: 95.5,
            inasePura: 95,
            usuarioCreador: 'usuario1',
            usuarioModificador: 'usuario2'
          },
          {
            analisisID: 2,
            estado: 'EN_PROCESO',
            fechaInicio: '2024-03-02',
            lote: 'Ma├¡z Colorado',
            idLote: 2,
            especie: 'Ma├¡z',
            activo: true,
            redonSemillaPura: 92,
            inasePura: 91.5
          },
          {
            analisisID: 3,
            estado: 'REGISTRADO',
            fechaInicio: '2024-03-03',
            lote: 'Soja Asgrow',
            idLote: 3,
            especie: 'Soja',
            activo: true,
            redonSemillaPura: 98,
            inasePura: 97.5
          }
        ],
        totalElements: 3,
        totalPages: 1,
        last: true,
        first: true,
        number: 0
      }

      at log (app/listado/analisis/pureza/page.tsx:113:15)

    console.log
      DEBUG obtenerPurezasPaginadas response: {
        content: [
          {
            analisisID: 1,
            estado: 'APROBADO',
            fechaInicio: '2024-03-01',
            fechaFin: '2024-03-15',
            lote: 'Trigo Baguette 10',
            idLote: 1,
            especie: 'Trigo',
            activo: true,
            redonSemillaPura: 95.5,
            inasePura: 95,
            usuarioCreador: 'usuario1',
            usuarioModificador: 'usuario2'
          },
          {
            analisisID: 2,
            estado: 'EN_PROCESO',
            fechaInicio: '2024-03-02',
            lote: 'Ma├¡z Colorado',
            idLote: 2,
            especie: 'Ma├¡z',
            activo: true,
            redonSemillaPura: 92,
            inasePura: 91.5
          },
          {
            analisisID: 3,
            estado: 'REGISTRADO',
            fechaInicio: '2024-03-03',
            lote: 'Soja Asgrow',
            idLote: 3,
            especie: 'Soja',
            activo: true,
            redonSemillaPura: 98,
            inasePura: 97.5
          }
        ],
        totalElements: 3,
        totalPages: 1,
        last: true,
        first: true,
        number: 0
      }

      at log (app/listado/analisis/pureza/page.tsx:113:15)

    console.log
      DEBUG obtenerPurezasPaginadas response: {
        content: [
          {
            analisisID: 1,
            estado: 'APROBADO',
            fechaInicio: '2024-03-01',
            fechaFin: '2024-03-15',
            lote: 'Trigo Baguette 10',
            idLote: 1,
            especie: 'Trigo',
            activo: true,
            redonSemillaPura: 95.5,
            inasePura: 95,
            usuarioCreador: 'usuario1',
            usuarioModificador: 'usuario2'
          },
          {
            analisisID: 2,
            estado: 'EN_PROCESO',
            fechaInicio: '2024-03-02',
            lote: 'Ma├¡z Colorado',
            idLote: 2,
            especie: 'Ma├¡z',
            activo: true,
            redonSemillaPura: 92,
            inasePura: 91.5
          },
          {
            analisisID: 3,
            estado: 'REGISTRADO',
            fechaInicio: '2024-03-03',
            lote: 'Soja Asgrow',
            idLote: 3,
            especie: 'Soja',
            activo: true,
            redonSemillaPura: 98,
            inasePura: 97.5
          }
        ],
        totalElements: 3,
        totalPages: 1,
        last: true,
        first: true,
        number: 0
      }

      at log (app/listado/analisis/pureza/page.tsx:113:15)

    console.log
      DEBUG obtenerPurezasPaginadas response: {
        content: [
          {
            analisisID: 1,
            estado: 'APROBADO',
            fechaInicio: '2024-03-01',
            fechaFin: '2024-03-15',
            lote: 'Trigo Baguette 10',
            idLote: 1,
            especie: 'Trigo',
            activo: true,
            redonSemillaPura: 95.5,
            inasePura: 95,
            usuarioCreador: 'usuario1',
            usuarioModificador: 'usuario2'
          },
          {
            analisisID: 2,
            estado: 'EN_PROCESO',
            fechaInicio: '2024-03-02',
            lote: 'Ma├¡z Colorado',
            idLote: 2,
            especie: 'Ma├¡z',
            activo: true,
            redonSemillaPura: 92,
            inasePura: 91.5
          },
          {
            analisisID: 3,
            estado: 'REGISTRADO',
            fechaInicio: '2024-03-03',
            lote: 'Soja Asgrow',
            idLote: 3,
            especie: 'Soja',
            activo: true,
            redonSemillaPura: 98,
            inasePura: 97.5
          }
        ],
        totalElements: 3,
        totalPages: 1,
        last: true,
        first: true,
        number: 0
      }

      at log (app/listado/analisis/pureza/page.tsx:113:15)

    console.log
      DEBUG obtenerPurezasPaginadas response: {
        content: [
          {
            analisisID: 1,
            estado: 'APROBADO',
            fechaInicio: '2024-03-01',
            fechaFin: '2024-03-15',
            lote: 'Trigo Baguette 10',
            idLote: 1,
            especie: 'Trigo',
            activo: true,
            redonSemillaPura: 95.5,
            inasePura: 95,
            usuarioCreador: 'usuario1',
            usuarioModificador: 'usuario2'
          },
          {
            analisisID: 2,
            estado: 'EN_PROCESO',
            fechaInicio: '2024-03-02',
            lote: 'Ma├¡z Colorado',
            idLote: 2,
            especie: 'Ma├¡z',
            activo: true,
            redonSemillaPura: 92,
            inasePura: 91.5
          },
          {
            analisisID: 3,
            estado: 'REGISTRADO',
            fechaInicio: '2024-03-03',
            lote: 'Soja Asgrow',
            idLote: 3,
            especie: 'Soja',
            activo: true,
            redonSemillaPura: 98,
            inasePura: 97.5
          }
        ],
        totalElements: 20,
        totalPages: 2,
        last: false,
        first: true,
        number: 0
      }

      at log (app/listado/analisis/pureza/page.tsx:113:15)

    console.log
      DEBUG obtenerPurezasPaginadas response: {
        content: [
          {
            analisisID: 1,
            estado: 'APROBADO',
            fechaInicio: '2024-03-01',
            fechaFin: '2024-03-15',
            lote: 'Trigo Baguette 10',
            idLote: 1,
            especie: 'Trigo',
            activo: true,
            redonSemillaPura: 95.5,
            inasePura: 95,
            usuarioCreador: 'usuario1',
            usuarioModificador: 'usuario2'
          },
          {
            analisisID: 2,
            estado: 'EN_PROCESO',
            fechaInicio: '2024-03-02',
            lote: 'Ma├¡z Colorado',
            idLote: 2,
            especie: 'Ma├¡z',
            activo: true,
            redonSemillaPura: 92,
            inasePura: 91.5
          },
          {
            analisisID: 3,
            estado: 'REGISTRADO',
            fechaInicio: '2024-03-03',
            lote: 'Soja Asgrow',
            idLote: 3,
            especie: 'Soja',
            activo: true,
            redonSemillaPura: 98,
            inasePura: 97.5
          }
        ],
        totalElements: 3,
        totalPages: 1,
        last: true,
        first: true,
        number: 0
      }

      at log (app/listado/analisis/pureza/page.tsx:113:15)

    console.log
      DEBUG obtenerPurezasPaginadas response: {
        content: [
          {
            analisisID: 1,
            estado: 'APROBADO',
            fechaInicio: '2024-03-01',
            fechaFin: '2024-03-15',
            lote: 'Trigo Baguette 10',
            idLote: 1,
            especie: 'Trigo',
            activo: true,
            redonSemillaPura: 95.5,
            inasePura: 95,
            usuarioCreador: 'usuario1',
            usuarioModificador: 'usuario2'
          },
          {
            analisisID: 2,
            estado: 'EN_PROCESO',
            fechaInicio: '2024-03-02',
            lote: 'Ma├¡z Colorado',
            idLote: 2,
            especie: 'Ma├¡z',
            activo: true,
            redonSemillaPura: 92,
            inasePura: 91.5
          },
          {
            analisisID: 3,
            estado: 'REGISTRADO',
            fechaInicio: '2024-03-03',
            lote: 'Soja Asgrow',
            idLote: 3,
            especie: 'Soja',
            activo: true,
            redonSemillaPura: 98,
            inasePura: 97.5
          }
        ],
        totalElements: 3,
        totalPages: 1,
        last: true,
        first: true,
        number: 0
      }

      at log (app/listado/analisis/pureza/page.tsx:113:15)

    console.log
      DEBUG obtenerPurezasPaginadas response: {
        content: [
          {
            analisisID: 1,
            estado: 'APROBADO',
            fechaInicio: '2024-03-01',
            fechaFin: '2024-03-15',
            lote: 'Trigo Baguette 10',
            idLote: 1,
            especie: 'Trigo',
            activo: true,
            redonSemillaPura: 95.5,
            inasePura: 95,
            usuarioCreador: 'usuario1',
            usuarioModificador: 'usuario2'
          },
          {
            analisisID: 2,
            estado: 'EN_PROCESO',
            fechaInicio: '2024-03-02',
            lote: 'Ma├¡z Colorado',
            idLote: 2,
            especie: 'Ma├¡z',
            activo: true,
            redonSemillaPura: 92,
            inasePura: 91.5
          },
          {
            analisisID: 3,
            estado: 'REGISTRADO',
            fechaInicio: '2024-03-03',
            lote: 'Soja Asgrow',
            idLote: 3,
            especie: 'Soja',
            activo: true,
            redonSemillaPura: 98,
            inasePura: 97.5
          }
        ],
        totalElements: 3,
        totalPages: 1,
        last: true,
        first: true,
        number: 0
      }

      at log (app/listado/analisis/pureza/page.tsx:113:15)

    console.log
      DEBUG obtenerPurezasPaginadas response: {
        content: [
          {
            analisisID: 1,
            estado: 'APROBADO',
            fechaInicio: '2024-03-01',
            fechaFin: '2024-03-15',
            lote: 'Trigo Baguette 10',
            idLote: 1,
            especie: 'Trigo',
            activo: true,
            redonSemillaPura: 95.5,
            inasePura: 95,
            usuarioCreador: 'usuario1',
            usuarioModificador: 'usuario2'
          },
          {
            analisisID: 2,
            estado: 'EN_PROCESO',
            fechaInicio: '2024-03-02',
            lote: 'Ma├¡z Colorado',
            idLote: 2,
            especie: 'Ma├¡z',
            activo: true,
            redonSemillaPura: 92,
            inasePura: 91.5
          },
          {
            analisisID: 3,
            estado: 'REGISTRADO',
            fechaInicio: '2024-03-03',
            lote: 'Soja Asgrow',
            idLote: 3,
            especie: 'Soja',
            activo: true,
            redonSemillaPura: 98,
            inasePura: 97.5
          }
        ],
        totalElements: 3,
        totalPages: 1,
        last: true,
        first: true,
        number: 0
      }

      at log (app/listado/analisis/pureza/page.tsx:113:15)

    console.log
      DEBUG obtenerPurezasPaginadas response: {
        content: [
          {
            analisisID: 1,
            estado: 'APROBADO',
            fechaInicio: '2024-03-01',
            fechaFin: '2024-03-15',
            lote: 'Trigo Baguette 10',
            idLote: 1,
            especie: 'Trigo',
            activo: true,
            redonSemillaPura: 95.5,
            inasePura: 95,
            usuarioCreador: 'usuario1',
            usuarioModificador: 'usuario2'
          },
          {
            analisisID: 2,
            estado: 'EN_PROCESO',
            fechaInicio: '2024-03-02',
            lote: 'Ma├¡z Colorado',
            idLote: 2,
            especie: 'Ma├¡z',
            activo: true,
            redonSemillaPura: 92,
            inasePura: 91.5
          },
          {
            analisisID: 3,
            estado: 'REGISTRADO',
            fechaInicio: '2024-03-03',
            lote: 'Soja Asgrow',
            idLote: 3,
            especie: 'Soja',
            activo: true,
            redonSemillaPura: 98,
            inasePura: 97.5
          }
        ],
        totalElements: 3,
        totalPages: 1,
        last: true,
        first: true,
        number: 0
      }

      at log (app/listado/analisis/pureza/page.tsx:113:15)

    console.log
      DEBUG obtenerPurezasPaginadas response: {
        content: [
          {
            analisisID: 1,
            estado: 'APROBADO',
            fechaInicio: '2024-03-01',
            fechaFin: '2024-03-15',
            lote: 'Trigo Baguette 10',
            idLote: 1,
            especie: 'Trigo',
            activo: true,
            redonSemillaPura: 95.5,
            inasePura: 95,
            usuarioCreador: 'usuario1',
            usuarioModificador: 'usuario2'
          },
          {
            analisisID: 2,
            estado: 'EN_PROCESO',
            fechaInicio: '2024-03-02',
            lote: 'Ma├¡z Colorado',
            idLote: 2,
            especie: 'Ma├¡z',
            activo: true,
            redonSemillaPura: 92,
            inasePura: 91.5
          },
          {
            analisisID: 3,
            estado: 'REGISTRADO',
            fechaInicio: '2024-03-03',
            lote: 'Soja Asgrow',
            idLote: 3,
            especie: 'Soja',
            activo: true,
            redonSemillaPura: 98,
            inasePura: 97.5
          }
        ],
        totalElements: 3,
        totalPages: 1,
        last: true,
        first: true,
        number: 0
      }

      at log (app/listado/analisis/pureza/page.tsx:113:15)

    console.log
      DEBUG obtenerPurezasPaginadas response: {
        content: [
          {
            analisisID: 1,
            estado: 'APROBADO',
            fechaInicio: '2024-03-01',
            fechaFin: '2024-03-15',
            lote: 'Trigo Baguette 10',
            idLote: 1,
            especie: 'Trigo',
            activo: true,
            redonSemillaPura: 95.5,
            inasePura: 95,
            usuarioCreador: 'usuario1',
            usuarioModificador: 'usuario2'
          },
          {
            analisisID: 2,
            estado: 'EN_PROCESO',
            fechaInicio: '2024-03-02',
            lote: 'Ma├¡z Colorado',
            idLote: 2,
            especie: 'Ma├¡z',
            activo: true,
            redonSemillaPura: 92,
            inasePura: 91.5
          },
          {
            analisisID: 3,
            estado: 'REGISTRADO',
            fechaInicio: '2024-03-03',
            lote: 'Soja Asgrow',
            idLote: 3,
            especie: 'Soja',
            activo: true,
            redonSemillaPura: 98,
            inasePura: 97.5
          }
        ],
        totalElements: 3,
        totalPages: 1,
        last: true,
        first: true,
        number: 0
      }

      at log (app/listado/analisis/pureza/page.tsx:113:15)

    console.log
      DEBUG obtenerPurezasPaginadas response: {
        content: [
          {
            analisisID: 1,
            estado: 'APROBADO',
            fechaInicio: '2024-03-01',
            fechaFin: '2024-03-15',
            lote: 'Trigo Baguette 10',
            idLote: 1,
            especie: 'Trigo',
            activo: true,
            redonSemillaPura: 95.5,
            inasePura: 95,
            usuarioCreador: 'usuario1',
            usuarioModificador: 'usuario2'
          },
          {
            analisisID: 2,
            estado: 'EN_PROCESO',
            fechaInicio: '2024-03-02',
            lote: 'Ma├¡z Colorado',
            idLote: 2,
            especie: 'Ma├¡z',
            activo: true,
            redonSemillaPura: 92,
            inasePura: 91.5
          },
          {
            analisisID: 3,
            estado: 'REGISTRADO',
            fechaInicio: '2024-03-03',
            lote: 'Soja Asgrow',
            idLote: 3,
            especie: 'Soja',
            activo: true,
            redonSemillaPura: 98,
            inasePura: 97.5
          }
        ],
        totalElements: 3,
        totalPages: 1,
        last: true,
        first: true,
        number: 0
      }

      at log (app/listado/analisis/pureza/page.tsx:113:15)

    console.log
      DEBUG obtenerPurezasPaginadas response: {
        content: [
          {
            analisisID: 1,
            estado: 'APROBADO',
            fechaInicio: '2024-03-01',
            fechaFin: '2024-03-15',
            lote: 'Trigo Baguette 10',
            idLote: 1,
            especie: 'Trigo',
            activo: true,
            redonSemillaPura: 95.5,
            inasePura: 95,
            usuarioCreador: 'usuario1',
            usuarioModificador: 'usuario2'
          },
          {
            analisisID: 2,
            estado: 'EN_PROCESO',
            fechaInicio: '2024-03-02',
            lote: 'Ma├¡z Colorado',
            idLote: 2,
            especie: 'Ma├¡z',
            activo: true,
            redonSemillaPura: 92,
            inasePura: 91.5
          },
          {
            analisisID: 3,
            estado: 'REGISTRADO',
            fechaInicio: '2024-03-03',
            lote: 'Soja Asgrow',
            idLote: 3,
            especie: 'Soja',
            activo: true,
            redonSemillaPura: 98,
            inasePura: 97.5
          }
        ],
        totalElements: 3,
        totalPages: 1,
        last: true,
        first: true,
        number: 0
      }

      at log (app/listado/analisis/pureza/page.tsx:113:15)

    console.log
      DEBUG obtenerPurezasPaginadas response: {
        content: [
          {
            analisisID: 1,
            estado: 'APROBADO',
            fechaInicio: '2024-03-01',
            fechaFin: '2024-03-15',
            lote: 'Trigo Baguette 10',
            idLote: 1,
            especie: 'Trigo',
            activo: true,
            redonSemillaPura: 95.5,
            inasePura: 95,
            usuarioCreador: 'usuario1',
            usuarioModificador: 'usuario2'
          },
          {
            analisisID: 2,
            estado: 'EN_PROCESO',
            fechaInicio: '2024-03-02',
            lote: 'Ma├¡z Colorado',
            idLote: 2,
            especie: 'Ma├¡z',
            activo: true,
            redonSemillaPura: 92,
            inasePura: 91.5
          },
          {
            analisisID: 3,
            estado: 'REGISTRADO',
            fechaInicio: '2024-03-03',
            lote: 'Soja Asgrow',
            idLote: 3,
            especie: 'Soja',
            activo: true,
            redonSemillaPura: 98,
            inasePura: 97.5
          }
        ],
        totalElements: 3,
        totalPages: 1,
        last: true,
        first: true,
        number: 0
      }

      at log (app/listado/analisis/pureza/page.tsx:113:15)

    console.log
      DEBUG obtenerPurezasPaginadas response: {
        content: [
          {
            analisisID: 1,
            estado: 'APROBADO',
            fechaInicio: '2024-03-01',
            fechaFin: '2024-03-15',
            lote: 'Trigo Baguette 10',
            idLote: 1,
            especie: 'Trigo',
            activo: false,
            redonSemillaPura: 95.5,
            inasePura: 95,
            usuarioCreador: 'usuario1',
            usuarioModificador: 'usuario2'
          }
        ],
        totalElements: 3,
        totalPages: 1,
        last: true,
        first: true,
        number: 0
      }

      at log (app/listado/analisis/pureza/page.tsx:113:15)

    console.log
      DEBUG obtenerPurezasPaginadas response: {
        content: [
          {
            analisisID: 1,
            estado: 'APROBADO',
            fechaInicio: '2024-03-01',
            fechaFin: '2024-03-15',
            lote: 'Trigo Baguette 10',
            idLote: 1,
            especie: 'Trigo',
            activo: true,
            redonSemillaPura: 95.5,
            inasePura: 95,
            usuarioCreador: 'usuario1',
            usuarioModificador: 'usuario2'
          },
          {
            analisisID: 2,
            estado: 'EN_PROCESO',
            fechaInicio: '2024-03-02',
            lote: 'Ma├¡z Colorado',
            idLote: 2,
            especie: 'Ma├¡z',
            activo: true,
            redonSemillaPura: 92,
            inasePura: 91.5
          },
          {
            analisisID: 3,
            estado: 'REGISTRADO',
            fechaInicio: '2024-03-03',
            lote: 'Soja Asgrow',
            idLote: 3,
            especie: 'Soja',
            activo: true,
            redonSemillaPura: 98,
            inasePura: 97.5
          }
        ],
        totalElements: 3,
        totalPages: 1,
        last: true,
        first: true,
        number: 0
      }

      at log (app/listado/analisis/pureza/page.tsx:113:15)

    console.log
      DEBUG obtenerPurezasPaginadas response: {
        content: [
          {
            analisisID: 1,
            estado: 'APROBADO',
            fechaInicio: '2024-03-01',
            fechaFin: '2024-03-15',
            lote: 'Trigo Baguette 10',
            idLote: 1,
            especie: 'Trigo',
            activo: true,
            redonSemillaPura: 95.5,
            inasePura: 95,
            usuarioCreador: 'usuario1',
            usuarioModificador: 'usuario2'
          },
          {
            analisisID: 2,
            estado: 'EN_PROCESO',
            fechaInicio: '2024-03-02',
            lote: 'Ma├¡z Colorado',
            idLote: 2,
            especie: 'Ma├¡z',
            activo: true,
            redonSemillaPura: 92,
            inasePura: 91.5
          },
          {
            analisisID: 3,
            estado: 'REGISTRADO',
            fechaInicio: '2024-03-03',
            lote: 'Soja Asgrow',
            idLote: 3,
            especie: 'Soja',
            activo: true,
            redonSemillaPura: 98,
            inasePura: 97.5
          }
        ],
        totalElements: 3,
        totalPages: 1,
        last: true,
        first: true,
        number: 0
      }

      at log (app/listado/analisis/pureza/page.tsx:113:15)

    console.log
      DEBUG obtenerPurezasPaginadas response: {
        content: [
          {
            analisisID: 1,
            estado: 'APROBADO',
            fechaInicio: '2024-03-01',
            fechaFin: '2024-03-15',
            lote: 'Trigo Baguette 10',
            idLote: 1,
            especie: 'Trigo',
            activo: true,
            redonSemillaPura: 95.5,
            inasePura: 95,
            usuarioCreador: 'usuario1',
            usuarioModificador: 'usuario2'
          },
          {
            analisisID: 2,
            estado: 'EN_PROCESO',
            fechaInicio: '2024-03-02',
            lote: 'Ma├¡z Colorado',
            idLote: 2,
            especie: 'Ma├¡z',
            activo: true,
            redonSemillaPura: 92,
            inasePura: 91.5
          },
          {
            analisisID: 3,
            estado: 'REGISTRADO',
            fechaInicio: '2024-03-03',
            lote: 'Soja Asgrow',
            idLote: 3,
            especie: 'Soja',
            activo: true,
            redonSemillaPura: 98,
            inasePura: 97.5
          }
        ],
        totalElements: 3,
        totalPages: 1,
        last: true,
        first: true,
        number: 0
      }

      at log (app/listado/analisis/pureza/page.tsx:113:15)

    console.log
      DEBUG obtenerPurezasPaginadas response: {
        content: [
          {
            analisisID: 1,
            estado: 'APROBADO',
            fechaInicio: '2024-03-01',
            fechaFin: '2024-03-15',
            lote: 'Trigo Baguette 10',
            idLote: 1,
            especie: 'Trigo',
            activo: true,
            redonSemillaPura: 95.5,
            inasePura: 95,
            usuarioCreador: 'usuario1',
            usuarioModificador: 'usuario2'
          },
          {
            analisisID: 2,
            estado: 'EN_PROCESO',
            fechaInicio: '2024-03-02',
            lote: 'Ma├¡z Colorado',
            idLote: 2,
            especie: 'Ma├¡z',
            activo: true,
            redonSemillaPura: 92,
            inasePura: 91.5
          },
          {
            analisisID: 3,
            estado: 'REGISTRADO',
            fechaInicio: '2024-03-03',
            lote: 'Soja Asgrow',
            idLote: 3,
            especie: 'Soja',
            activo: true,
            redonSemillaPura: 98,
            inasePura: 97.5
          }
        ],
        totalElements: 3,
        totalPages: 1,
        last: true,
        first: true,
        number: 0
      }

      at log (app/listado/analisis/pureza/page.tsx:113:15)

    console.log
      DEBUG obtenerPurezasPaginadas response: {
        content: [],
        totalElements: 0,
        totalPages: 0,
        last: true,
        first: true,
        number: 0
      }

      at log (app/listado/analisis/pureza/page.tsx:113:15)

    console.log
      DEBUG obtenerPurezasPaginadas response: {
        content: [],
        totalElements: 0,
        totalPages: 0,
        last: true,
        first: true,
        number: 0
      }

      at log (app/listado/analisis/pureza/page.tsx:113:15)

    console.log
      DEBUG obtenerPurezasPaginadas response: {
        content: [
          {
            analisisID: 1,
            estado: 'APROBADO',
            fechaInicio: '2024-03-01',
            fechaFin: '2024-03-15',
            lote: 'Trigo Baguette 10',
            idLote: 1,
            especie: 'Trigo',
            activo: true,
            redonSemillaPura: undefined,
            inasePura: 95,
            usuarioCreador: 'usuario1',
            usuarioModificador: 'usuario2'
          }
        ],
        totalElements: 3,
        totalPages: 1,
        last: true,
        first: true,
        number: 0
      }

      at log (app/listado/analisis/pureza/page.tsx:113:15)

    console.log
      DEBUG obtenerPurezasPaginadas response: {
        content: [
          {
            analisisID: 1,
            estado: 'APROBADO',
            fechaInicio: '2024-03-01',
            fechaFin: '2024-03-15',
            lote: 'Trigo Baguette 10',
            idLote: 1,
            especie: 'Trigo',
            activo: true,
            redonSemillaPura: 95.5,
            inasePura: null,
            usuarioCreador: 'usuario1',
            usuarioModificador: 'usuario2'
          }
        ],
        totalElements: 3,
        totalPages: 1,
        last: true,
        first: true,
        number: 0
      }

      at log (app/listado/analisis/pureza/page.tsx:113:15)

  ÔùÅ ListadoPurezaPage Tests ÔÇ║ Test: Renderizado b├ísico 
ÔÇ║ debe mostrar las tarjetas de estad├¡sticas

    Found multiple elements with the text: En Proceso

    Here are the matching elements:

    Ignored nodes: comments, script, style
    [36m<p[39m
      [33mclass[39m=[32m"text-sm font-medium 
text-muted-foreground"[39m
    [36m>[39m
      [0mEn Proceso[0m
    [36m</p>[39m

    Ignored nodes: comments, script, style
    [36m<option[39m
      [33mvalue[39m=[32m"EN_PROCESO"[39m
    [36m>[39m
      [0mEn Proceso[0m
    [36m</option>[39m

    Ignored nodes: comments, script, style
    [36m<span[39m
      [33mclass[39m=[32m"inline-flex items-center 
justify-center rounded-md border px-2 py-0.5 text-xs 
font-medium w-fit whitespace-nowrap shrink-0 [&>svg]:size-3 
gap-1 [&>svg]:pointer-events-none focus-visible:border-ring 
focus-visible:ring-ring/50 focus-visible:ring-[3px] 
aria-invalid:ring-destructive/20 
dark:aria-invalid:ring-destructive/40 
aria-invalid:border-destructive 
transition-[color,box-shadow] overflow-hidden 
border-transparent bg-secondary text-secondary-foreground 
[a&]:hover:bg-secondary/90"[39m
      [33mdata-slot[39m=[32m"badge"[39m
    [36m>[39m
      [0mEn Proceso[0m
    [36m</span>[39m

    (If this is intentional, then use the `*AllBy*` variant 
of the query (like `queryAllByText`, `getAllByText`, or 
`findAllByText`)).

    Ignored nodes: comments, script, style
    [36m<body>[39m
      [36m<div>[39m
        [36m<div[39m
          [33mclass[39m=[32m"w-full max-w-full 
overflow-x-hidden"[39m
        [36m>[39m
          [36m<div[39m
            [33mclass[39m=[32m"space-y-4 sm:space-y-6 
p-3 sm:p-4 lg:p-6 max-w-7xl mx-auto"[39m
          [36m>[39m
            [36m<div[39m
              [33mclass[39m=[32m"flex flex-col gap-3 
sm:gap-4"[39m
            [36m>[39m
              [36m<div[39m
                [33mclass[39m=[32m"flex flex-col 
sm:flex-row sm:items-center gap-3 sm:gap-4"[39m
              [36m>[39m
                [36m<a[39m
                  [33mclass[39m=[32m"sm:self-start"[39m
                  [33mhref[39m=[32m"/listado"[39m
                [36m>[39m
                  [36m<button[39m
                    [33mclass[39m=[32m"inline-flex 
items-center justify-center whitespace-nowrap text-sm 
font-medium transition-all disabled:pointer-events-none 
disabled:opacity-50 [&_svg]:pointer-events-none 
[&_svg:not([class*='size-'])]:size-4 shrink-0 
[&_svg]:shrink-0 outline-none focus-visible:border-ring 
focus-visible:ring-ring/50 focus-visible:ring-[3px] 
aria-invalid:ring-destructive/20 
dark:aria-invalid:ring-destructive/40 
aria-invalid:border-destructive hover:bg-accent 
hover:text-accent-foreground dark:hover:bg-accent/50 h-8 
rounded-md gap-1.5 px-3 has-[>svg]:px-2.5 w-fit"[39m
                    [33mdata-slot[39m=[32m"button"[39m
                  [36m>[39m
                    [36m<svg[39m
                      [33mclass[39m=[32m"lucide 
lucide-arrow-left h-4 w-4 mr-2"[39m
                      [33mfill[39m=[32m"none"[39m
                      [33mheight[39m=[32m"24"[39m
                      
[33mstroke[39m=[32m"currentColor"[39m
                      
[33mstroke-linecap[39m=[32m"round"[39m
                      
[33mstroke-linejoin[39m=[32m"round"[39m
                      [33mstroke-width[39m=[32m"2"[39m
                      [33mviewBox[39m=[32m"0 0 24 
24"[39m
                      [33mwidth[39m=[32m"24"[39m
                      
[33mxmlns[39m=[32m"http://www.w3.org/2000/svg"[39m
                    [36m>[39m
                      [36m<path[39m
                        [33md[39m=[32m"m12 19-7-7 
7-7"[39m
                      [36m/>[39m
                      [36m<path[39m
                        [33md[39m=[32m"M19 12H5"[39m
                      [36m/>[39m
                    [36m</svg>[39m
                    [36m<span[39m
                      [33mclass[39m=[32m"hidden 
sm:inline"[39m
                    [36m>[39m
                      [0mVolver a Listados[0m
                    [36m</span>[39m
                    [36m<span[39m
                      [33mclass[39m=[32m"sm:hidden"[39m
                    [36m>[39m
                      [0mVolver[0m
                    [36m</span>[39m
                  [36m</button>[39m
                [36m</a>[39m
                [36m<div[39m
                  [33mclass[39m=[32m"text-center 
sm:text-left flex-1"[39m
                [36m>[39m
                  [36m<h1[39m
                    [33mclass[39m=[32m"text-2xl 
sm:text-3xl font-bold tracking-tight"[39m
                  [36m>[39m
                    [0mAn├ílisis de Pureza F├¡sica[0m
                  [36m</h1>[39m
                  [36m<p[39m
                    [33mclass[39m=[32m"text-sm 
sm:text-base text-muted-foreground"[39m
                  [36m>[39m
                    [0mConsulta la pureza f├¡sica de las 
semillas[0m
                  [36m</p>[39m
                [36m</div>[39m
              [36m</div>[39m
              [36m<div[39m
                [33mclass[39m=[32m"flex justify-center 
sm:justify-end"[39m
              [36m>[39m
                [36m<a[39m
                  
[33mhref[39m=[32m"/registro/analisis?tipo=PUREZA"[39m
                [36m>[39m
                  [36m<button[39m
                    [33mclass[39m=[32m"inline-flex 
items-center justify-center gap-2 whitespace-nowrap 
rounded-md text-sm font-medium transition-all 
disabled:pointer-events-none disabled:opacity-50 
[&_svg]:pointer-events-none 
[&_svg:not([class*='size-'])]:size-4 shrink-0 
[&_svg]:shrink-0 outline-none focus-visible:border-ring 
focus-visible:ring-ring/50 focus-visible:ring-[3px] 
aria-invalid:ring-destructive/20 
dark:aria-invalid:ring-destructive/40 
aria-invalid:border-destructive bg-primary 
text-primary-foreground shadow-xs hover:bg-primary/90 h-9 
px-4 py-2 has-[>svg]:px-3 w-full sm:w-auto"[39m
                    [33mdata-slot[39m=[32m"button"[39m
                  [36m>[39m
                    [36m<svg[39m
                      [33mclass[39m=[32m"lucide 
lucide-plus h-4 w-4 mr-2"[39m
                      [33mfill[39m=[32m"none"[39m
                      [33mheight[39m=[32m"24"[39m
                      
[33mstroke[39m=[32m"currentColor"[39m
                      
[33mstroke-linecap[39m=[32m"round"[39m
                      
[33mstroke-linejoin[39m=[32m"round"[39m
                      [33mstroke-width[39m=[32m"2"[39m
                      [33mviewBox[39m=[32m"0 0 24 
24"[39m
                      [33mwidth[39m=[32m"24"[39m
                      
[33mxmlns[39m=[32m"http://www.w3.org/2000/svg"[39m
                    [36m>[39m
                      [36m<path[39m
                        [33md[39m=[32m"M5 12h14"[39m
                      [36m/>[39m
                      [36m<path[39m
                        [33md[39m=[32m"M12 5v14"[39m
                      [36m/>[39m
                    [36m</svg>[39m
                    [0mNuevo An├ílisis[0m
                  [36m</button>[39m
                [36m</a>[39m
              [36m</div>[39m
            [36m</div>[39m
            [36m<div[39m
              [33mclass[39m=[32m"grid grid-cols-1 
md:grid-cols-4 gap-4"[39m
            [36m>[39m
              [36m<div[39m
                [33mclass[39m=[32m"bg-card 
text-card-foreground flex flex-col gap-6 rounded-xl border 
py-6 shadow-sm"[39m
                [33mdata-slot[39m=[32m"card"[39m
              [36m>[39m
                [36m<div[39m
                  [33mclass[39m=[32m"p-4"[39m
                  
[33mdata-slot[39m=[32m"card-content"[39m
                [36m>[39m
                  [36m<div[39m
                    [33mclass[39m=[32m"flex items-center 
justify-between"[39m
                  [36m>[39m
                    [36m<div>[39m
                      [36m<p[39m
                        [33mclass[39m=[32m"text-sm 
font-medium text-muted-foreground"[39m
                      [36m>[39m
                        [0mTotal An├ílisis[0m
                      [36m</p>[39m
                      [36m<p[39m
                        [33mclass[39m=[32m"text-2xl 
font-bold"[39m
                      [36m>[39m
                        [0m3[0m
                      [36m</p>[39m
                    [36m</div>[39m
                    [36m<svg[39m
                      [33mclass[39m=[32m"lucide 
lucide-flask-conical h-8 w-8 text-purple-600"[39m
                      [33mfill[39m=[32m"none"[39m
                      [33mheight[39m=[32m"24"[39m
                      
[33mstroke[39m=[32m"currentColor"[39m
                      
[33mstroke-linecap[39m=[32m"round"[39m
                      
[33mstroke-linejoin[39m=[32m"round"[39m
                      [33mstroke-width[3...

    [0m [90m 160 |[39m       
render([33m<[39m[33mListadoPurezaPage[39m 
[33m/[39m[33m>[39m)
     [90m 161 |[39m
    [31m[1m>[22m[39m[90m 162 |[39m       
[36mawait[39m waitFor(() [33m=>[39m {
     [90m     |[39m                    
[31m[1m^[22m[39m
     [90m 163 |[39m         
expect(screen[33m.[39mgetByText([32m'Total 
An├ílisis'[39m))[33m.[39mtoBeInTheDocument()
     [90m 164 |[39m         expect(screen[33m.[39mgetByT
ext([32m'Completados'[39m))[33m.[39mtoBeInTheDocument()
     [90m 165 |[39m         
expect(screen[33m.[39mgetByText([32m'En 
Proceso'[39m))[33m.[39mtoBeInTheDocument()[0m

      at waitForWrapper (node_modules/@testing-library/react
/node_modules/@testing-library/dom/dist/wait-for.js:163:27)
      at Object.<anonymous> 
(__tests__/app/listado/analisis/pureza/page.test.tsx:162:20)

  ÔùÅ ListadoPurezaPage Tests ÔÇ║ Test: Carga de datos ÔÇ║ 
debe mostrar el estado de cada an├ílisis

    Found multiple elements with the text: Aprobado

    Here are the matching elements:

    Ignored nodes: comments, script, style
    [36m<option[39m
      [33mvalue[39m=[32m"APROBADO"[39m
    [36m>[39m
      [0mAprobado[0m
    [36m</option>[39m

    Ignored nodes: comments, script, style
    [36m<span[39m
      [33mclass[39m=[32m"inline-flex items-center 
justify-center rounded-md border px-2 py-0.5 text-xs 
font-medium w-fit whitespace-nowrap shrink-0 [&>svg]:size-3 
gap-1 [&>svg]:pointer-events-none focus-visible:border-ring 
focus-visible:ring-ring/50 focus-visible:ring-[3px] 
aria-invalid:ring-destructive/20 
dark:aria-invalid:ring-destructive/40 
aria-invalid:border-destructive 
transition-[color,box-shadow] overflow-hidden 
border-transparent bg-primary text-primary-foreground 
[a&]:hover:bg-primary/90"[39m
      [33mdata-slot[39m=[32m"badge"[39m
    [36m>[39m
      [0mAprobado[0m
    [36m</span>[39m

    (If this is intentional, then use the `*AllBy*` variant 
of the query (like `queryAllByText`, `getAllByText`, or 
`findAllByText`)).

    Ignored nodes: comments, script, style
    [36m<body>[39m
      [36m<div>[39m
        [36m<div[39m
          [33mclass[39m=[32m"w-full max-w-full 
overflow-x-hidden"[39m
        [36m>[39m
          [36m<div[39m
            [33mclass[39m=[32m"space-y-4 sm:space-y-6 
p-3 sm:p-4 lg:p-6 max-w-7xl mx-auto"[39m
          [36m>[39m
            [36m<div[39m
              [33mclass[39m=[32m"flex flex-col gap-3 
sm:gap-4"[39m
            [36m>[39m
              [36m<div[39m
                [33mclass[39m=[32m"flex flex-col 
sm:flex-row sm:items-center gap-3 sm:gap-4"[39m
              [36m>[39m
                [36m<a[39m
                  [33mclass[39m=[32m"sm:self-start"[39m
                  [33mhref[39m=[32m"/listado"[39m
                [36m>[39m
                  [36m<button[39m
                    [33mclass[39m=[32m"inline-flex 
items-center justify-center whitespace-nowrap text-sm 
font-medium transition-all disabled:pointer-events-none 
disabled:opacity-50 [&_svg]:pointer-events-none 
[&_svg:not([class*='size-'])]:size-4 shrink-0 
[&_svg]:shrink-0 outline-none focus-visible:border-ring 
focus-visible:ring-ring/50 focus-visible:ring-[3px] 
aria-invalid:ring-destructive/20 
dark:aria-invalid:ring-destructive/40 
aria-invalid:border-destructive hover:bg-accent 
hover:text-accent-foreground dark:hover:bg-accent/50 h-8 
rounded-md gap-1.5 px-3 has-[>svg]:px-2.5 w-fit"[39m
                    [33mdata-slot[39m=[32m"button"[39m
                  [36m>[39m
                    [36m<svg[39m
                      [33mclass[39m=[32m"lucide 
lucide-arrow-left h-4 w-4 mr-2"[39m
                      [33mfill[39m=[32m"none"[39m
                      [33mheight[39m=[32m"24"[39m
                      
[33mstroke[39m=[32m"currentColor"[39m
                      
[33mstroke-linecap[39m=[32m"round"[39m
                      
[33mstroke-linejoin[39m=[32m"round"[39m
                      [33mstroke-width[39m=[32m"2"[39m
                      [33mviewBox[39m=[32m"0 0 24 
24"[39m
                      [33mwidth[39m=[32m"24"[39m
                      
[33mxmlns[39m=[32m"http://www.w3.org/2000/svg"[39m
                    [36m>[39m
                      [36m<path[39m
                        [33md[39m=[32m"m12 19-7-7 
7-7"[39m
                      [36m/>[39m
                      [36m<path[39m
                        [33md[39m=[32m"M19 12H5"[39m
                      [36m/>[39m
                    [36m</svg>[39m
                    [36m<span[39m
                      [33mclass[39m=[32m"hidden 
sm:inline"[39m
                    [36m>[39m
                      [0mVolver a Listados[0m
                    [36m</span>[39m
                    [36m<span[39m
                      [33mclass[39m=[32m"sm:hidden"[39m
                    [36m>[39m
                      [0mVolver[0m
                    [36m</span>[39m
                  [36m</button>[39m
                [36m</a>[39m
                [36m<div[39m
                  [33mclass[39m=[32m"text-center 
sm:text-left flex-1"[39m
                [36m>[39m
                  [36m<h1[39m
                    [33mclass[39m=[32m"text-2xl 
sm:text-3xl font-bold tracking-tight"[39m
                  [36m>[39m
                    [0mAn├ílisis de Pureza F├¡sica[0m
                  [36m</h1>[39m
                  [36m<p[39m
                    [33mclass[39m=[32m"text-sm 
sm:text-base text-muted-foreground"[39m
                  [36m>[39m
                    [0mConsulta la pureza f├¡sica de las 
semillas[0m
                  [36m</p>[39m
                [36m</div>[39m
              [36m</div>[39m
              [36m<div[39m
                [33mclass[39m=[32m"flex justify-center 
sm:justify-end"[39m
              [36m>[39m
                [36m<a[39m
                  
[33mhref[39m=[32m"/registro/analisis?tipo=PUREZA"[39m
                [36m>[39m
                  [36m<button[39m
                    [33mclass[39m=[32m"inline-flex 
items-center justify-center gap-2 whitespace-nowrap 
rounded-md text-sm font-medium transition-all 
disabled:pointer-events-none disabled:opacity-50 
[&_svg]:pointer-events-none 
[&_svg:not([class*='size-'])]:size-4 shrink-0 
[&_svg]:shrink-0 outline-none focus-visible:border-ring 
focus-visible:ring-ring/50 focus-visible:ring-[3px] 
aria-invalid:ring-destructive/20 
dark:aria-invalid:ring-destructive/40 
aria-invalid:border-destructive bg-primary 
text-primary-foreground shadow-xs hover:bg-primary/90 h-9 
px-4 py-2 has-[>svg]:px-3 w-full sm:w-auto"[39m
                    [33mdata-slot[39m=[32m"button"[39m
                  [36m>[39m
                    [36m<svg[39m
                      [33mclass[39m=[32m"lucide 
lucide-plus h-4 w-4 mr-2"[39m
                      [33mfill[39m=[32m"none"[39m
                      [33mheight[39m=[32m"24"[39m
                      
[33mstroke[39m=[32m"currentColor"[39m
                      
[33mstroke-linecap[39m=[32m"round"[39m
                      
[33mstroke-linejoin[39m=[32m"round"[39m
                      [33mstroke-width[39m=[32m"2"[39m
                      [33mviewBox[39m=[32m"0 0 24 
24"[39m
                      [33mwidth[39m=[32m"24"[39m
                      
[33mxmlns[39m=[32m"http://www.w3.org/2000/svg"[39m
                    [36m>[39m
                      [36m<path[39m
                        [33md[39m=[32m"M5 12h14"[39m
                      [36m/>[39m
                      [36m<path[39m
                        [33md[39m=[32m"M12 5v14"[39m
                      [36m/>[39m
                    [36m</svg>[39m
                    [0mNuevo An├ílisis[0m
                  [36m</button>[39m
                [36m</a>[39m
              [36m</div>[39m
            [36m</div>[39m
            [36m<div[39m
              [33mclass[39m=[32m"grid grid-cols-1 
md:grid-cols-4 gap-4"[39m
            [36m>[39m
              [36m<div[39m
                [33mclass[39m=[32m"bg-card 
text-card-foreground flex flex-col gap-6 rounded-xl border 
py-6 shadow-sm"[39m
                [33mdata-slot[39m=[32m"card"[39m
              [36m>[39m
                [36m<div[39m
                  [33mclass[39m=[32m"p-4"[39m
                  
[33mdata-slot[39m=[32m"card-content"[39m
                [36m>[39m
                  [36m<div[39m
                    [33mclass[39m=[32m"flex items-center 
justify-between"[39m
                  [36m>[39m
                    [36m<div>[39m
                      [36m<p[39m
                        [33mclass[39m=[32m"text-sm 
font-medium text-muted-foreground"[39m
                      [36m>[39m
                        [0mTotal An├ílisis[0m
                      [36m</p>[39m
                      [36m<p[39m
                        [33mclass[39m=[32m"text-2xl 
font-bold"[39m
                      [36m>[39m
                        [0m3[0m
                      [36m</p>[39m
                    [36m</div>[39m
                    [36m<svg[39m
                      [33mclass[39m=[32m"lucide 
lucide-flask-conical h-8 w-8 text-purple-600"[39m
                      [33mfill[39m=[32m"none"[39m
                      [33mheight[39m=[32m"24"[39m
                      
[33mstroke[39m=[32m"currentColor"[39m
                      
[33mstroke-linecap[39m=[32m"round"[39m
                      
[33mstroke-linejoin[39m=[32m"round"[39m
                      [33mstroke-width[3...

    [0m [90m 201 |[39m       
render([33m<[39m[33mListadoPurezaPage[39m 
[33m/[39m[33m>[39m)
     [90m 202 |[39m
    [31m[1m>[22m[39m[90m 203 |[39m       
[36mawait[39m waitFor(() [33m=>[39m {
     [90m     |[39m                    
[31m[1m^[22m[39m
     [90m 204 |[39m         expect(screen[33m.[39mgetByT
ext([32m'Aprobado'[39m))[33m.[39mtoBeInTheDocument()
     [90m 205 |[39m         
expect(screen[33m.[39mgetByText([32m'En 
Proceso'[39m))[33m.[39mtoBeInTheDocument()
     [90m 206 |[39m         expect(screen[33m.[39mgetByT
ext([32m'Registrado'[39m))[33m.[39mtoBeInTheDocument()[
0m

      at waitForWrapper (node_modules/@testing-library/react
/node_modules/@testing-library/dom/dist/wait-for.js:163:27)
      at Object.<anonymous> 
(__tests__/app/listado/analisis/pureza/page.test.tsx:203:20)

  ÔùÅ ListadoPurezaPage Tests ÔÇ║ Test: B├║squeda y 
filtrado ÔÇ║ debe filtrar por activo/inactivo

    Found multiple elements with the display value: 
/todos/i.

    Here are the matching elements:

    Ignored nodes: comments, script, style
    [36m<select[39m
      [33mclass[39m=[32m"px-3 py-2 border border-input 
bg-background rounded-md text-sm"[39m
    [36m>[39m
      [36m<option[39m
        [33mvalue[39m=[32m"all"[39m
      [36m>[39m
        [0mTodos los estados[0m
      [36m</option>[39m
      [36m<option[39m
        [33mvalue[39m=[32m"REGISTRADO"[39m
      [36m>[39m
        [0mRegistrado[0m
      [36m</option>[39m
      [36m<option[39m
        [33mvalue[39m=[32m"EN_PROCESO"[39m
      [36m>[39m
        [0mEn Proceso[0m
      [36m</option>[39m
      [36m<option[39m
        [33mvalue[39m=[32m"PENDIENTE_APROBACION"[39m
      [36m>[39m
        [0mPend. Aprobaci├│n[0m
      [36m</option>[39m
      [36m<option[39m
        [33mvalue[39m=[32m"APROBADO"[39m
      [36m>[39m
        [0mAprobado[0m
      [36m</option>[39m
      [36m<option[39m
        [33mvalue[39m=[32m"A_REPETIR"[39m
      [36m>[39m
        [0mA Repetir[0m
      [36m</option>[39m
    [36m</select>[39m

    Ignored nodes: comments, script, style
    [36m<select[39m
      [33mclass[39m=[32m"px-3 py-2 border border-input 
bg-background rounded-md text-sm"[39m
    [36m>[39m
      [36m<option[39m
        [33mvalue[39m=[32m"todos"[39m
      [36m>[39m
        [0mTodos[0m
      [36m</option>[39m
      [36m<option[39m
        [33mvalue[39m=[32m"activos"[39m
      [36m>[39m
        [0mActivos[0m
      [36m</option>[39m
      [36m<option[39m
        [33mvalue[39m=[32m"inactivos"[39m
      [36m>[39m
        [0mInactivos[0m
      [36m</option>[39m
    [36m</select>[39m

    (If this is intentional, then use the `*AllBy*` variant 
of the query (like `queryAllByText`, `getAllByText`, or 
`findAllByText`)).

    Ignored nodes: comments, script, style
    [36m<body>[39m
      [36m<div>[39m
        [36m<div[39m
          [33mclass[39m=[32m"w-full max-w-full 
overflow-x-hidden"[39m
        [36m>[39m
          [36m<div[39m
            [33mclass[39m=[32m"space-y-4 sm:space-y-6 
p-3 sm:p-4 lg:p-6 max-w-7xl mx-auto"[39m
          [36m>[39m
            [36m<div[39m
              [33mclass[39m=[32m"flex flex-col gap-3 
sm:gap-4"[39m
            [36m>[39m
              [36m<div[39m
                [33mclass[39m=[32m"flex flex-col 
sm:flex-row sm:items-center gap-3 sm:gap-4"[39m
              [36m>[39m
                [36m<a[39m
                  [33mclass[39m=[32m"sm:self-start"[39m
                  [33mhref[39m=[32m"/listado"[39m
                [36m>[39m
                  [36m<button[39m
                    [33mclass[39m=[32m"inline-flex 
items-center justify-center whitespace-nowrap text-sm 
font-medium transition-all disabled:pointer-events-none 
disabled:opacity-50 [&_svg]:pointer-events-none 
[&_svg:not([class*='size-'])]:size-4 shrink-0 
[&_svg]:shrink-0 outline-none focus-visible:border-ring 
focus-visible:ring-ring/50 focus-visible:ring-[3px] 
aria-invalid:ring-destructive/20 
dark:aria-invalid:ring-destructive/40 
aria-invalid:border-destructive hover:bg-accent 
hover:text-accent-foreground dark:hover:bg-accent/50 h-8 
rounded-md gap-1.5 px-3 has-[>svg]:px-2.5 w-fit"[39m
                    [33mdata-slot[39m=[32m"button"[39m
                  [36m>[39m
                    [36m<svg[39m
                      [33mclass[39m=[32m"lucide 
lucide-arrow-left h-4 w-4 mr-2"[39m
                      [33mfill[39m=[32m"none"[39m
                      [33mheight[39m=[32m"24"[39m
                      
[33mstroke[39m=[32m"currentColor"[39m
                      
[33mstroke-linecap[39m=[32m"round"[39m
                      
[33mstroke-linejoin[39m=[32m"round"[39m
                      [33mstroke-width[39m=[32m"2"[39m
                      [33mviewBox[39m=[32m"0 0 24 
24"[39m
                      [33mwidth[39m=[32m"24"[39m
                      
[33mxmlns[39m=[32m"http://www.w3.org/2000/svg"[39m
                    [36m>[39m
                      [36m<path[39m
                        [33md[39m=[32m"m12 19-7-7 
7-7"[39m
                      [36m/>[39m
                      [36m<path[39m
                        [33md[39m=[32m"M19 12H5"[39m
                      [36m/>[39m
                    [36m</svg>[39m
                    [36m<span[39m
                      [33mclass[39m=[32m"hidden 
sm:inline"[39m
                    [36m>[39m
                      [0mVolver a Listados[0m
                    [36m</span>[39m
                    [36m<span[39m
                      [33mclass[39m=[32m"sm:hidden"[39m
                    [36m>[39m
                      [0mVolver[0m
                    [36m</span>[39m
                  [36m</button>[39m
                [36m</a>[39m
                [36m<div[39m
                  [33mclass[39m=[32m"text-center 
sm:text-left flex-1"[39m
                [36m>[39m
                  [36m<h1[39m
                    [33mclass[39m=[32m"text-2xl 
sm:text-3xl font-bold tracking-tight"[39m
                  [36m>[39m
                    [0mAn├ílisis de Pureza F├¡sica[0m
                  [36m</h1>[39m
                  [36m<p[39m
                    [33mclass[39m=[32m"text-sm 
sm:text-base text-muted-foreground"[39m
                  [36m>[39m
                    [0mConsulta la pureza f├¡sica de las 
semillas[0m
                  [36m</p>[39m
                [36m</div>[39m
              [36m</div>[39m
              [36m<div[39m
                [33mclass[39m=[32m"flex justify-center 
sm:justify-end"[39m
              [36m>[39m
                [36m<a[39m
                  
[33mhref[39m=[32m"/registro/analisis?tipo=PUREZA"[39m
                [36m>[39m
                  [36m<button[39m
                    [33mclass[39m=[32m"inline-flex 
items-center justify-center gap-2 whitespace-nowrap 
rounded-md text-sm font-medium transition-all 
disabled:pointer-events-none disabled:opacity-50 
[&_svg]:pointer-events-none 
[&_svg:not([class*='size-'])]:size-4 shrink-0 
[&_svg]:shrink-0 outline-none focus-visible:border-ring 
focus-visible:ring-ring/50 focus-visible:ring-[3px] 
aria-invalid:ring-destructive/20 
dark:aria-invalid:ring-destructive/40 
aria-invalid:border-destructive bg-primary 
text-primary-foreground shadow-xs hover:bg-primary/90 h-9 
px-4 py-2 has-[>svg]:px-3 w-full sm:w-auto"[39m
                    [33mdata-slot[39m=[32m"button"[39m
                  [36m>[39m
                    [36m<svg[39m
                      [33mclass[39m=[32m"lucide 
lucide-plus h-4 w-4 mr-2"[39m
                      [33mfill[39m=[32m"none"[39m
                      [33mheight[39m=[32m"24"[39m
                      
[33mstroke[39m=[32m"currentColor"[39m
                      
[33mstroke-linecap[39m=[32m"round"[39m
                      
[33mstroke-linejoin[39m=[32m"round"[39m
                      [33mstroke-width[39m=[32m"2"[39m
                      [33mviewBox[39m=[32m"0 0 24 
24"[39m
                      [33mwidth[39m=[32m"24"[39m
                      
[33mxmlns[39m=[32m"http://www.w3.org/2000/svg"[39m
                    [36m>[39m
                      [36m<path[39m
                        [33md[39m=[32m"M5 12h14"[39m
                      [36m/>[39m
                      [36m<path[39m
                        [33md[39m=[32m"M12 5v14"[39m
                      [36m/>[39m
                    [36m</svg>[39m
                    [0mNuevo An├ílisis[0m
                  [36m</button>[39m
                [36m</a>[39m
              [36m</div>[39m
            [36m</div>[39m
            [36m<div[39m
              [33mclass[39m=[32m"grid grid-cols-1 
md:grid-cols-4 gap-4"[39m
            [36m>[39m
              [36m<div[39m
                [33mclass[39m=[32m"bg-card 
text-card-foreground flex flex-col gap-6 rounded-xl border 
py-6 shadow-sm"[39m
                [33mdata-slot[39m=[32m"card"[39m
              [36m>[39m
                [36m<div[39m
                  [33mclass[39m=[32m"p-4"[39m
                  
[33mdata-slot[39m=[32m"card-content"[39m
                [36m>[39m
                  [36m<div[39m
                    [33mclass[39m=[32m"flex items-center 
justify-between"[39m
                  [36m>[39m
                    [36m<div>[39m
                      [36m<p[39m
                        [33mclass[39m=[32m"text-sm 
font-medium text-muted-foreground"[39m
                      [36m>[39m
                        [0mTotal An├ílisis[0m
                      [36m</p>[39m
                      [36m<p[39m
                        [33mclass[39m=[32m"text-2xl 
font-bold"[39m
                      [36m>[39m
                        [0m3[0m
                      [36m</p>[39m
                    [36m</div>[39m
                    [36m<svg[39m
                      [33mclass[39m=[32m"lucide 
lucide-flask-conical h-8 w-8 text-purple-600"[39m
                      [33mfill[39m=[32m"none"[39m
                      [33mheight[39m=[32m"24"[39m
                      
[33mstroke[39m=[32m"currentColor"[39m
                      
[33mstroke-linecap[39m=[32m"round"[39m
                      
[33mstroke-linejoin[39m=[32m"round"[39m
                      [33mstroke-width[3...

    [0m [90m 324 |[39m       
render([33m<[39m[33mListadoPurezaPage[39m 
[33m/[39m[33m>[39m)
     [90m 325 |[39m
    [31m[1m>[22m[39m[90m 326 |[39m       
[36mawait[39m waitFor(() [33m=>[39m {
     [90m     |[39m                    
[31m[1m^[22m[39m
     [90m 327 |[39m         [36mconst[39m activoSelect 
[33m=[39m 
screen[33m.[39mgetByDisplayValue([35m/todos/i[39m)
     [90m 328 |[39m         
fireEvent[33m.[39mchange(activoSelect[33m,[39m { 
target[33m:[39m { value[33m:[39m [32m'activos'[39m } 
})
     [90m 329 |[39m       })[0m

      at waitForWrapper (node_modules/@testing-library/react
/node_modules/@testing-library/dom/dist/wait-for.js:163:27)
      at Object.<anonymous> 
(__tests__/app/listado/analisis/pureza/page.test.tsx:326:20)

  ÔùÅ ListadoPurezaPage Tests ÔÇ║ Test: Paginaci├│n ÔÇ║ 
debe cambiar de p├ígina al hacer clic en paginaci├│n

    expect(jest.fn()).toHaveBeenCalledWith(...expected)

    Expected: 1, 10, "", undefined, undefined, undefined
    Received: 0, 10, "", undefined, undefined, undefined

    Number of calls: 1

    Ignored nodes: comments, script, style
    [36m<html>[39m
      [36m<head />[39m
      [36m<body>[39m
        [36m<div>[39m
          [36m<div[39m
            [33mclass[39m=[32m"w-full max-w-full 
overflow-x-hidden"[39m
          [36m>[39m
            [36m<div[39m
              [33mclass[39m=[32m"space-y-4 sm:space-y-6 
p-3 sm:p-4 lg:p-6 max-w-7xl mx-auto"[39m
            [36m>[39m
              [36m<div[39m
                [33mclass[39m=[32m"flex flex-col gap-3 
sm:gap-4"[39m
              [36m>[39m
                [36m<div[39m
                  [33mclass[39m=[32m"flex flex-col 
sm:flex-row sm:items-center gap-3 sm:gap-4"[39m
                [36m>[39m
                  [36m<a[39m
                    
[33mclass[39m=[32m"sm:self-start"[39m
                    [33mhref[39m=[32m"/listado"[39m
                  [36m>[39m
                    [36m<button[39m
                      [33mclass[39m=[32m"inline-flex 
items-center justify-center whitespace-nowrap text-sm 
font-medium transition-all disabled:pointer-events-none 
disabled:opacity-50 [&_svg]:pointer-events-none 
[&_svg:not([class*='size-'])]:size-4 shrink-0 
[&_svg]:shrink-0 outline-none focus-visible:border-ring 
focus-visible:ring-ring/50 focus-visible:ring-[3px] 
aria-invalid:ring-destructive/20 
dark:aria-invalid:ring-destructive/40 
aria-invalid:border-destructive hover:bg-accent 
hover:text-accent-foreground dark:hover:bg-accent/50 h-8 
rounded-md gap-1.5 px-3 has-[>svg]:px-2.5 w-fit"[39m
                      [33mdata-slot[39m=[32m"button"[39m
                    [36m>[39m
                      [36m<svg[39m
                        [33mclass[39m=[32m"lucide 
lucide-arrow-left h-4 w-4 mr-2"[39m
                        [33mfill[39m=[32m"none"[39m
                        [33mheight[39m=[32m"24"[39m
                        
[33mstroke[39m=[32m"currentColor"[39m
                        
[33mstroke-linecap[39m=[32m"round"[39m
                        
[33mstroke-linejoin[39m=[32m"round"[39m
                        [33mstroke-width[39m=[32m"2"[39m
                        [33mviewBox[39m=[32m"0 0 24 
24"[39m
                        [33mwidth[39m=[32m"24"[39m
                        
[33mxmlns[39m=[32m"http://www.w3.org/2000/svg"[39m
                      [36m>[39m
                        [36m<path[39m
                          [33md[39m=[32m"m12 19-7-7 
7-7"[39m
                        [36m/>[39m
                        [36m<path[39m
                          [33md[39m=[32m"M19 12H5"[39m
                        [36m/>[39m
                      [36m</svg>[39m
                      [36m<span[39m
                        [33mclass[39m=[32m"hidden 
sm:inline"[39m
                      [36m>[39m
                        [0mVolver a Listados[0m
                      [36m</span>[39m
                      [36m<span[39m
                        
[33mclass[39m=[32m"sm:hidden"[39m
                      [36m>[39m
                        [0mVolver[0m
                      [36m</span>[39m
                    [36m</button>[39m
                  [36m</a>[39m
                  [36m<div[39m
                    [33mclass[39m=[32m"text-center 
sm:text-left flex-1"[39m
                  [36m>[39m
                    [36m<h1[39m
                      [33mclass[39m=[32m"text-2xl 
sm:text-3xl font-bold tracking-tight"[39m
                    [36m>[39m
                      [0mAn├ílisis de Pureza F├¡sica[0m
                    [36m</h1>[39m
                    [36m<p[39m
                      [33mclass[39m=[32m"text-sm 
sm:text-base text-muted-foreground"[39m
                    [36m>[39m
                      [0mConsulta la pureza f├¡sica de las 
semillas[0m
                    [36m</p>[39m
                  [36m</div>[39m
                [36m</div>[39m
                [36m<div[39m
                  [33mclass[39m=[32m"flex justify-center 
sm:justify-end"[39m
                [36m>[39m
                  [36m<a[39m
                    
[33mhref[39m=[32m"/registro/analisis?tipo=PUREZA"[39m
                  [36m>[39m
                    [36m<button[39m
                      [33mclass[39m=[32m"inline-flex 
items-center justify-center gap-2 whitespace-nowrap 
rounded-md text-sm font-medium transition-all 
disabled:pointer-events-none disabled:opacity-50 
[&_svg]:pointer-events-none 
[&_svg:not([class*='size-'])]:size-4 shrink-0 
[&_svg]:shrink-0 outline-none focus-visible:border-ring 
focus-visible:ring-ring/50 focus-visible:ring-[3px] 
aria-invalid:ring-destructive/20 
dark:aria-invalid:ring-destructive/40 
aria-invalid:border-destructive bg-primary 
text-primary-foreground shadow-xs hover:bg-primary/90 h-9 
px-4 py-2 has-[>svg]:px-3 w-full sm:w-auto"[39m
                      [33mdata-slot[39m=[32m"button"[39m
                    [36m>[39m
                      [36m<svg[39m
                        [33mclass[39m=[32m"lucide 
lucide-plus h-4 w-4 mr-2"[39m
                        [33mfill[39m=[32m"none"[39m
                        [33mheight[39m=[32m"24"[39m
                        
[33mstroke[39m=[32m"currentColor"[39m
                        
[33mstroke-linecap[39m=[32m"round"[39m
                        
[33mstroke-linejoin[39m=[32m"round"[39m
                        [33mstroke-width[39m=[32m"2"[39m
                        [33mviewBox[39m=[32m"0 0 24 
24"[39m
                        [33mwidth[39m=[32m"24"[39m
                        
[33mxmlns[39m=[32m"http://www.w3.org/2000/svg"[39m
                      [36m>[39m
                        [36m<path[39m
                          [33md[39m=[32m"M5 12h14"[39m
                        [36m/>[39m
                        [36m<path[39m
                          [33md[39m=[32m"M12 5v14"[39m
                        [36m/>[39m
                      [36m</svg>[39m
                      [0mNuevo An├ílisis[0m
                    [36m</button>[39m
                  [36m</a>[39m
                [36m</div>[39m
              [36m</div>[39m
              [36m<div[39m
                [33mclass[39m=[32m"grid grid-cols-1 
md:grid-cols-4 gap-4"[39m
              [36m>[39m
                [36m<div[39m
                  [33mclass[39m=[32m"bg-card 
text-card-foreground flex flex-col gap-6 rounded-xl border 
py-6 shadow-sm"[39m
                  [33mdata-slot[39m=[32m"card"[39m
                [36m>[39m
                  [36m<div[39m
                    [33mclass[39m=[32m"p-4"[39m
                    
[33mdata-slot[39m=[32m"card-content"[39m
                  [36m>[39m
                    [36m<div[39m
                      [33mclass[39m=[32m"flex 
items-center justify-between"[39m
                    [36m>[39m
                      [36m<div>[39m
                        [36m<p[39m
                          [33mclass[39m=[32m"text-sm 
font-medium text-muted-foreground"[39m
                        [36m>[39m
                          [0mTotal An├ílisis[0m
                        [36m</p>[39m
                        [36m<p[39m
                          [33mclass[39m=[32m"text-2xl 
font-bold"[39m
                        [36m>[39m
                          [0m20[0m
                        [36m</p>[39m
                      [36m</div>[39m
                      [36m<svg[39m
                        [33mclass[39m=[32m"lucide 
lucide-flask-conical h-8 w-8 text-purple-600"[39m
                        [...

    [0m [90m 378 |[39m
     [90m 379 |[39m       [36mawait[39m waitFor(() 
[33m=>[39m {
    [31m[1m>[22m[39m[90m 380 |[39m         expect(pure
zaService[33m.[39mobtenerPurezasPaginadas)[33m.[39mtoHav
eBeenCalledWith(
     [90m     |[39m                                       
                [31m[1m^[22m[39m
     [90m 381 |[39m           [35m1[39m[33m,[39m
     [90m 382 |[39m           [35m10[39m[33m,[39m
     [90m 383 |[39m           [32m''[39m[33m,[39m[0m

      at toHaveBeenCalledWith 
(__tests__/app/listado/analisis/pureza/page.test.tsx:380:55)
      at runWithExpensiveErrorDiagnosticsDisabled (node_modu
les/@testing-library/react/node_modules/@testing-library/dom
/dist/config.js:47:12)
      at checkCallback (node_modules/@testing-library/react/
node_modules/@testing-library/dom/dist/wait-for.js:124:77)
      at checkRealTimersCallback (node_modules/@testing-libr
ary/react/node_modules/@testing-library/dom/dist/wait-for.js
:118:16)
      at Timeout.task [as _onTimeout] 
(node_modules/jsdom/lib/jsdom/browser/Window.js:520:19)

  ÔùÅ ListadoPurezaPage Tests ÔÇ║ Test: Estad├¡sticas ÔÇ║ 
debe calcular correctamente los en proceso

    Found multiple elements with the text: En Proceso

    Here are the matching elements:

    Ignored nodes: comments, script, style
    [36m<p[39m
      [33mclass[39m=[32m"text-sm font-medium 
text-muted-foreground"[39m
    [36m>[39m
      [0mEn Proceso[0m
    [36m</p>[39m

    Ignored nodes: comments, script, style
    [36m<option[39m
      [33mvalue[39m=[32m"EN_PROCESO"[39m
    [36m>[39m
      [0mEn Proceso[0m
    [36m</option>[39m

    Ignored nodes: comments, script, style
    [36m<span[39m
      [33mclass[39m=[32m"inline-flex items-center 
justify-center rounded-md border px-2 py-0.5 text-xs 
font-medium w-fit whitespace-nowrap shrink-0 [&>svg]:size-3 
gap-1 [&>svg]:pointer-events-none focus-visible:border-ring 
focus-visible:ring-ring/50 focus-visible:ring-[3px] 
aria-invalid:ring-destructive/20 
dark:aria-invalid:ring-destructive/40 
aria-invalid:border-destructive 
transition-[color,box-shadow] overflow-hidden 
border-transparent bg-secondary text-secondary-foreground 
[a&]:hover:bg-secondary/90"[39m
      [33mdata-slot[39m=[32m"badge"[39m
    [36m>[39m
      [0mEn Proceso[0m
    [36m</span>[39m

    (If this is intentional, then use the `*AllBy*` variant 
of the query (like `queryAllByText`, `getAllByText`, or 
`findAllByText`)).

    Ignored nodes: comments, script, style
    [36m<body>[39m
      [36m<div>[39m
        [36m<div[39m
          [33mclass[39m=[32m"w-full max-w-full 
overflow-x-hidden"[39m
        [36m>[39m
          [36m<div[39m
            [33mclass[39m=[32m"space-y-4 sm:space-y-6 
p-3 sm:p-4 lg:p-6 max-w-7xl mx-auto"[39m
          [36m>[39m
            [36m<div[39m
              [33mclass[39m=[32m"flex flex-col gap-3 
sm:gap-4"[39m
            [36m>[39m
              [36m<div[39m
                [33mclass[39m=[32m"flex flex-col 
sm:flex-row sm:items-center gap-3 sm:gap-4"[39m
              [36m>[39m
                [36m<a[39m
                  [33mclass[39m=[32m"sm:self-start"[39m
                  [33mhref[39m=[32m"/listado"[39m
                [36m>[39m
                  [36m<button[39m
                    [33mclass[39m=[32m"inline-flex 
items-center justify-center whitespace-nowrap text-sm 
font-medium transition-all disabled:pointer-events-none 
disabled:opacity-50 [&_svg]:pointer-events-none 
[&_svg:not([class*='size-'])]:size-4 shrink-0 
[&_svg]:shrink-0 outline-none focus-visible:border-ring 
focus-visible:ring-ring/50 focus-visible:ring-[3px] 
aria-invalid:ring-destructive/20 
dark:aria-invalid:ring-destructive/40 
aria-invalid:border-destructive hover:bg-accent 
hover:text-accent-foreground dark:hover:bg-accent/50 h-8 
rounded-md gap-1.5 px-3 has-[>svg]:px-2.5 w-fit"[39m
                    [33mdata-slot[39m=[32m"button"[39m
                  [36m>[39m
                    [36m<svg[39m
                      [33mclass[39m=[32m"lucide 
lucide-arrow-left h-4 w-4 mr-2"[39m
                      [33mfill[39m=[32m"none"[39m
                      [33mheight[39m=[32m"24"[39m
                      
[33mstroke[39m=[32m"currentColor"[39m
                      
[33mstroke-linecap[39m=[32m"round"[39m
                      
[33mstroke-linejoin[39m=[32m"round"[39m
                      [33mstroke-width[39m=[32m"2"[39m
                      [33mviewBox[39m=[32m"0 0 24 
24"[39m
                      [33mwidth[39m=[32m"24"[39m
                      
[33mxmlns[39m=[32m"http://www.w3.org/2000/svg"[39m
                    [36m>[39m
                      [36m<path[39m
                        [33md[39m=[32m"m12 19-7-7 
7-7"[39m
                      [36m/>[39m
                      [36m<path[39m
                        [33md[39m=[32m"M19 12H5"[39m
                      [36m/>[39m
                    [36m</svg>[39m
                    [36m<span[39m
                      [33mclass[39m=[32m"hidden 
sm:inline"[39m
                    [36m>[39m
                      [0mVolver a Listados[0m
                    [36m</span>[39m
                    [36m<span[39m
                      [33mclass[39m=[32m"sm:hidden"[39m
                    [36m>[39m
                      [0mVolver[0m
                    [36m</span>[39m
                  [36m</button>[39m
                [36m</a>[39m
                [36m<div[39m
                  [33mclass[39m=[32m"text-center 
sm:text-left flex-1"[39m
                [36m>[39m
                  [36m<h1[39m
                    [33mclass[39m=[32m"text-2xl 
sm:text-3xl font-bold tracking-tight"[39m
                  [36m>[39m
                    [0mAn├ílisis de Pureza F├¡sica[0m
                  [36m</h1>[39m
                  [36m<p[39m
                    [33mclass[39m=[32m"text-sm 
sm:text-base text-muted-foreground"[39m
                  [36m>[39m
                    [0mConsulta la pureza f├¡sica de las 
semillas[0m
                  [36m</p>[39m
                [36m</div>[39m
              [36m</div>[39m
              [36m<div[39m
                [33mclass[39m=[32m"flex justify-center 
sm:justify-end"[39m
              [36m>[39m
                [36m<a[39m
                  
[33mhref[39m=[32m"/registro/analisis?tipo=PUREZA"[39m
                [36m>[39m
                  [36m<button[39m
                    [33mclass[39m=[32m"inline-flex 
items-center justify-center gap-2 whitespace-nowrap 
rounded-md text-sm font-medium transition-all 
disabled:pointer-events-none disabled:opacity-50 
[&_svg]:pointer-events-none 
[&_svg:not([class*='size-'])]:size-4 shrink-0 
[&_svg]:shrink-0 outline-none focus-visible:border-ring 
focus-visible:ring-ring/50 focus-visible:ring-[3px] 
aria-invalid:ring-destructive/20 
dark:aria-invalid:ring-destructive/40 
aria-invalid:border-destructive bg-primary 
text-primary-foreground shadow-xs hover:bg-primary/90 h-9 
px-4 py-2 has-[>svg]:px-3 w-full sm:w-auto"[39m
                    [33mdata-slot[39m=[32m"button"[39m
                  [36m>[39m
                    [36m<svg[39m
                      [33mclass[39m=[32m"lucide 
lucide-plus h-4 w-4 mr-2"[39m
                      [33mfill[39m=[32m"none"[39m
                      [33mheight[39m=[32m"24"[39m
                      
[33mstroke[39m=[32m"currentColor"[39m
                      
[33mstroke-linecap[39m=[32m"round"[39m
                      
[33mstroke-linejoin[39m=[32m"round"[39m
                      [33mstroke-width[39m=[32m"2"[39m
                      [33mviewBox[39m=[32m"0 0 24 
24"[39m
                      [33mwidth[39m=[32m"24"[39m
                      
[33mxmlns[39m=[32m"http://www.w3.org/2000/svg"[39m
                    [36m>[39m
                      [36m<path[39m
                        [33md[39m=[32m"M5 12h14"[39m
                      [36m/>[39m
                      [36m<path[39m
                        [33md[39m=[32m"M12 5v14"[39m
                      [36m/>[39m
                    [36m</svg>[39m
                    [0mNuevo An├ílisis[0m
                  [36m</button>[39m
                [36m</a>[39m
              [36m</div>[39m
            [36m</div>[39m
            [36m<div[39m
              [33mclass[39m=[32m"grid grid-cols-1 
md:grid-cols-4 gap-4"[39m
            [36m>[39m
              [36m<div[39m
                [33mclass[39m=[32m"bg-card 
text-card-foreground flex flex-col gap-6 rounded-xl border 
py-6 shadow-sm"[39m
                [33mdata-slot[39m=[32m"card"[39m
              [36m>[39m
                [36m<div[39m
                  [33mclass[39m=[32m"p-4"[39m
                  
[33mdata-slot[39m=[32m"card-content"[39m
                [36m>[39m
                  [36m<div[39m
                    [33mclass[39m=[32m"flex items-center 
justify-between"[39m
                  [36m>[39m
                    [36m<div>[39m
                      [36m<p[39m
                        [33mclass[39m=[32m"text-sm 
font-medium text-muted-foreground"[39m
                      [36m>[39m
                        [0mTotal An├ílisis[0m
                      [36m</p>[39m
                      [36m<p[39m
                        [33mclass[39m=[32m"text-2xl 
font-bold"[39m
                      [36m>[39m
                        [0m3[0m
                      [36m</p>[39m
                    [36m</div>[39m
                    [36m<svg[39m
                      [33mclass[39m=[32m"lucide 
lucide-flask-conical h-8 w-8 text-purple-600"[39m
                      [33mfill[39m=[32m"none"[39m
                      [33mheight[39m=[32m"24"[39m
                      
[33mstroke[39m=[32m"currentColor"[39m
                      
[33mstroke-linecap[39m=[32m"round"[39m
                      
[33mstroke-linejoin[39m=[32m"round"[39m
                      [33mstroke-width[3...

    [0m [90m 412 |[39m       
render([33m<[39m[33mListadoPurezaPage[39m 
[33m/[39m[33m>[39m)
     [90m 413 |[39m
    [31m[1m>[22m[39m[90m 414 |[39m       
[36mawait[39m waitFor(() [33m=>[39m {
     [90m     |[39m                    
[31m[1m^[22m[39m
     [90m 415 |[39m         [36mconst[39m procesoCard 
[33m=[39m screen[33m.[39mgetByText([32m'En 
Proceso'[39m)[33m.[39mclosest([32m'div'[39m)
     [90m 416 |[39m         expect(procesoCard[33m?[39m
[33m.[39mtextContent)[33m.[39mtoContain([32m'1'[39m)
     [90m 417 |[39m       })[0m

      at waitForWrapper (node_modules/@testing-library/react
/node_modules/@testing-library/dom/dist/wait-for.js:163:27)
      at Object.<anonymous> 
(__tests__/app/listado/analisis/pureza/page.test.tsx:414:20)

  ÔùÅ ListadoPurezaPage Tests ÔÇ║ Test: 
Desactivar/Reactivar (Solo Admin) ÔÇ║ debe desactivar un 
an├ílisis correctamente

    expect(jest.fn()).toHaveBeenCalledWith(...expected)

    Expected: 1

    Number of calls: 0

    Ignored nodes: comments, script, style
    [36m<html>[39m
      [36m<head />[39m
      [36m<body>[39m
        [36m<div>[39m
          [36m<div[39m
            [33mclass[39m=[32m"w-full max-w-full 
overflow-x-hidden"[39m
          [36m>[39m
            [36m<div[39m
              [33mclass[39m=[32m"space-y-4 sm:space-y-6 
p-3 sm:p-4 lg:p-6 max-w-7xl mx-auto"[39m
            [36m>[39m
              [36m<div[39m
                [33mclass[39m=[32m"flex flex-col gap-3 
sm:gap-4"[39m
              [36m>[39m
                [36m<div[39m
                  [33mclass[39m=[32m"flex flex-col 
sm:flex-row sm:items-center gap-3 sm:gap-4"[39m
                [36m>[39m
                  [36m<a[39m
                    
[33mclass[39m=[32m"sm:self-start"[39m
                    [33mhref[39m=[32m"/listado"[39m
                  [36m>[39m
                    [36m<button[39m
                      [33mclass[39m=[32m"inline-flex 
items-center justify-center whitespace-nowrap text-sm 
font-medium transition-all disabled:pointer-events-none 
disabled:opacity-50 [&_svg]:pointer-events-none 
[&_svg:not([class*='size-'])]:size-4 shrink-0 
[&_svg]:shrink-0 outline-none focus-visible:border-ring 
focus-visible:ring-ring/50 focus-visible:ring-[3px] 
aria-invalid:ring-destructive/20 
dark:aria-invalid:ring-destructive/40 
aria-invalid:border-destructive hover:bg-accent 
hover:text-accent-foreground dark:hover:bg-accent/50 h-8 
rounded-md gap-1.5 px-3 has-[>svg]:px-2.5 w-fit"[39m
                      [33mdata-slot[39m=[32m"button"[39m
                    [36m>[39m
                      [36m<svg[39m
                        [33mclass[39m=[32m"lucide 
lucide-arrow-left h-4 w-4 mr-2"[39m
                        [33mfill[39m=[32m"none"[39m
                        [33mheight[39m=[32m"24"[39m
                        
[33mstroke[39m=[32m"currentColor"[39m
                        
[33mstroke-linecap[39m=[32m"round"[39m
                        
[33mstroke-linejoin[39m=[32m"round"[39m
                        [33mstroke-width[39m=[32m"2"[39m
                        [33mviewBox[39m=[32m"0 0 24 
24"[39m
                        [33mwidth[39m=[32m"24"[39m
                        
[33mxmlns[39m=[32m"http://www.w3.org/2000/svg"[39m
                      [36m>[39m
                        [36m<path[39m
                          [33md[39m=[32m"m12 19-7-7 
7-7"[39m
                        [36m/>[39m
                        [36m<path[39m
                          [33md[39m=[32m"M19 12H5"[39m
                        [36m/>[39m
                      [36m</svg>[39m
                      [36m<span[39m
                        [33mclass[39m=[32m"hidden 
sm:inline"[39m
                      [36m>[39m
                        [0mVolver a Listados[0m
                      [36m</span>[39m
                      [36m<span[39m
                        
[33mclass[39m=[32m"sm:hidden"[39m
                      [36m>[39m
                        [0mVolver[0m
                      [36m</span>[39m
                    [36m</button>[39m
                  [36m</a>[39m
                  [36m<div[39m
                    [33mclass[39m=[32m"text-center 
sm:text-left flex-1"[39m
                  [36m>[39m
                    [36m<h1[39m
                      [33mclass[39m=[32m"text-2xl 
sm:text-3xl font-bold tracking-tight"[39m
                    [36m>[39m
                      [0mAn├ílisis de Pureza F├¡sica[0m
                    [36m</h1>[39m
                    [36m<p[39m
                      [33mclass[39m=[32m"text-sm 
sm:text-base text-muted-foreground"[39m
                    [36m>[39m
                      [0mConsulta la pureza f├¡sica de las 
semillas[0m
                    [36m</p>[39m
                  [36m</div>[39m
                [36m</div>[39m
                [36m<div[39m
                  [33mclass[39m=[32m"flex justify-center 
sm:justify-end"[39m
                [36m>[39m
                  [36m<a[39m
                    
[33mhref[39m=[32m"/registro/analisis?tipo=PUREZA"[39m
                  [36m>[39m
                    [36m<button[39m
                      [33mclass[39m=[32m"inline-flex 
items-center justify-center gap-2 whitespace-nowrap 
rounded-md text-sm font-medium transition-all 
disabled:pointer-events-none disabled:opacity-50 
[&_svg]:pointer-events-none 
[&_svg:not([class*='size-'])]:size-4 shrink-0 
[&_svg]:shrink-0 outline-none focus-visible:border-ring 
focus-visible:ring-ring/50 focus-visible:ring-[3px] 
aria-invalid:ring-destructive/20 
dark:aria-invalid:ring-destructive/40 
aria-invalid:border-destructive bg-primary 
text-primary-foreground shadow-xs hover:bg-primary/90 h-9 
px-4 py-2 has-[>svg]:px-3 w-full sm:w-auto"[39m
                      [33mdata-slot[39m=[32m"button"[39m
                    [36m>[39m
                      [36m<svg[39m
                        [33mclass[39m=[32m"lucide 
lucide-plus h-4 w-4 mr-2"[39m
                        [33mfill[39m=[32m"none"[39m
                        [33mheight[39m=[32m"24"[39m
                        
[33mstroke[39m=[32m"currentColor"[39m
                        
[33mstroke-linecap[39m=[32m"round"[39m
                        
[33mstroke-linejoin[39m=[32m"round"[39m
                        [33mstroke-width[39m=[32m"2"[39m
                        [33mviewBox[39m=[32m"0 0 24 
24"[39m
                        [33mwidth[39m=[32m"24"[39m
                        
[33mxmlns[39m=[32m"http://www.w3.org/2000/svg"[39m
                      [36m>[39m
                        [36m<path[39m
                          [33md[39m=[32m"M5 12h14"[39m
                        [36m/>[39m
                        [36m<path[39m
                          [33md[39m=[32m"M12 5v14"[39m
                        [36m/>[39m
                      [36m</svg>[39m
                      [0mNuevo An├ílisis[0m
                    [36m</button>[39m
                  [36m</a>[39m
                [36m</div>[39m
              [36m</div>[39m
              [36m<div[39m
                [33mclass[39m=[32m"grid grid-cols-1 
md:grid-cols-4 gap-4"[39m
              [36m>[39m
                [36m<div[39m
                  [33mclass[39m=[32m"bg-card 
text-card-foreground flex flex-col gap-6 rounded-xl border 
py-6 shadow-sm"[39m
                  [33mdata-slot[39m=[32m"card"[39m
                [36m>[39m
                  [36m<div[39m
                    [33mclass[39m=[32m"p-4"[39m
                    
[33mdata-slot[39m=[32m"card-content"[39m
                  [36m>[39m
                    [36m<div[39m
                      [33mclass[39m=[32m"flex 
items-center justify-between"[39m
                    [36m>[39m
                      [36m<div>[39m
                        [36m<p[39m
                          [33mclass[39m=[32m"text-sm 
font-medium text-muted-foreground"[39m
                        [36m>[39m
                          [0mTotal An├ílisis[0m
                        [36m</p>[39m
                        [36m<p[39m
                          [33mclass[39m=[32m"text-2xl 
font-bold"[39m
                        [36m>[39m
                          [0m3[0m
                        [36m</p>[39m
                      [36m</div>[39m
                      [36m<svg[39m
                        [33mclass[39m=[32m"lucide 
lucide-flask-conical h-8 w-8 text-purple-600"[39m
                        [3...

    [0m [90m 515 |[39m
     [90m 516 |[39m       [36mawait[39m waitFor(() 
[33m=>[39m {
    [31m[1m>[22m[39m[90m 517 |[39m         expect(mock
Desactivar)[33m.[39mtoHaveBeenCalledWith([35m1[39m)
     [90m     |[39m                                
[31m[1m^[22m[39m
     [90m 518 |[39m         expect(toast[33m.[39msuccess
)[33m.[39mtoHaveBeenCalledWith([32m'An├ílisis 
desactivado exitosamente'[39m)
     [90m 519 |[39m       })
     [90m 520 |[39m     })[0m

      at toHaveBeenCalledWith 
(__tests__/app/listado/analisis/pureza/page.test.tsx:517:32)
      at runWithExpensiveErrorDiagnosticsDisabled (node_modu
les/@testing-library/react/node_modules/@testing-library/dom
/dist/config.js:47:12)
      at checkCallback (node_modules/@testing-library/react/
node_modules/@testing-library/dom/dist/wait-for.js:124:77)
      at checkRealTimersCallback (node_modules/@testing-libr
ary/react/node_modules/@testing-library/dom/dist/wait-for.js
:118:16)
      at Timeout.task [as _onTimeout] 
(node_modules/jsdom/lib/jsdom/browser/Window.js:520:19)

  ÔùÅ ListadoPurezaPage Tests ÔÇ║ Test: 
Desactivar/Reactivar (Solo Admin) ÔÇ║ debe reactivar un 
an├ílisis correctamente

    expect(jest.fn()).toHaveBeenCalled()

    Expected number of calls: >= 1
    Received number of calls:    0

    Ignored nodes: comments, script, style
    [36m<html>[39m
      [36m<head />[39m
      [36m<body>[39m
        [36m<div>[39m
          [36m<div[39m
            [33mclass[39m=[32m"w-full max-w-full 
overflow-x-hidden"[39m
          [36m>[39m
            [36m<div[39m
              [33mclass[39m=[32m"space-y-4 sm:space-y-6 
p-3 sm:p-4 lg:p-6 max-w-7xl mx-auto"[39m
            [36m>[39m
              [36m<div[39m
                [33mclass[39m=[32m"flex flex-col gap-3 
sm:gap-4"[39m
              [36m>[39m
                [36m<div[39m
                  [33mclass[39m=[32m"flex flex-col 
sm:flex-row sm:items-center gap-3 sm:gap-4"[39m
                [36m>[39m
                  [36m<a[39m
                    
[33mclass[39m=[32m"sm:self-start"[39m
                    [33mhref[39m=[32m"/listado"[39m
                  [36m>[39m
                    [36m<button[39m
                      [33mclass[39m=[32m"inline-flex 
items-center justify-center whitespace-nowrap text-sm 
font-medium transition-all disabled:pointer-events-none 
disabled:opacity-50 [&_svg]:pointer-events-none 
[&_svg:not([class*='size-'])]:size-4 shrink-0 
[&_svg]:shrink-0 outline-none focus-visible:border-ring 
focus-visible:ring-ring/50 focus-visible:ring-[3px] 
aria-invalid:ring-destructive/20 
dark:aria-invalid:ring-destructive/40 
aria-invalid:border-destructive hover:bg-accent 
hover:text-accent-foreground dark:hover:bg-accent/50 h-8 
rounded-md gap-1.5 px-3 has-[>svg]:px-2.5 w-fit"[39m
                      [33mdata-slot[39m=[32m"button"[39m
                    [36m>[39m
                      [36m<svg[39m
                        [33mclass[39m=[32m"lucide 
lucide-arrow-left h-4 w-4 mr-2"[39m
                        [33mfill[39m=[32m"none"[39m
                        [33mheight[39m=[32m"24"[39m
                        
[33mstroke[39m=[32m"currentColor"[39m
                        
[33mstroke-linecap[39m=[32m"round"[39m
                        
[33mstroke-linejoin[39m=[32m"round"[39m
                        [33mstroke-width[39m=[32m"2"[39m
                        [33mviewBox[39m=[32m"0 0 24 
24"[39m
                        [33mwidth[39m=[32m"24"[39m
                        
[33mxmlns[39m=[32m"http://www.w3.org/2000/svg"[39m
                      [36m>[39m
                        [36m<path[39m
                          [33md[39m=[32m"m12 19-7-7 
7-7"[39m
                        [36m/>[39m
                        [36m<path[39m
                          [33md[39m=[32m"M19 12H5"[39m
                        [36m/>[39m
                      [36m</svg>[39m
                      [36m<span[39m
                        [33mclass[39m=[32m"hidden 
sm:inline"[39m
                      [36m>[39m
                        [0mVolver a Listados[0m
                      [36m</span>[39m
                      [36m<span[39m
                        
[33mclass[39m=[32m"sm:hidden"[39m
                      [36m>[39m
                        [0mVolver[0m
                      [36m</span>[39m
                    [36m</button>[39m
                  [36m</a>[39m
                  [36m<div[39m
                    [33mclass[39m=[32m"text-center 
sm:text-left flex-1"[39m
                  [36m>[39m
                    [36m<h1[39m
                      [33mclass[39m=[32m"text-2xl 
sm:text-3xl font-bold tracking-tight"[39m
                    [36m>[39m
                      [0mAn├ílisis de Pureza F├¡sica[0m
                    [36m</h1>[39m
                    [36m<p[39m
                      [33mclass[39m=[32m"text-sm 
sm:text-base text-muted-foreground"[39m
                    [36m>[39m
                      [0mConsulta la pureza f├¡sica de las 
semillas[0m
                    [36m</p>[39m
                  [36m</div>[39m
                [36m</div>[39m
                [36m<div[39m
                  [33mclass[39m=[32m"flex justify-center 
sm:justify-end"[39m
                [36m>[39m
                  [36m<a[39m
                    
[33mhref[39m=[32m"/registro/analisis?tipo=PUREZA"[39m
                  [36m>[39m
                    [36m<button[39m
                      [33mclass[39m=[32m"inline-flex 
items-center justify-center gap-2 whitespace-nowrap 
rounded-md text-sm font-medium transition-all 
disabled:pointer-events-none disabled:opacity-50 
[&_svg]:pointer-events-none 
[&_svg:not([class*='size-'])]:size-4 shrink-0 
[&_svg]:shrink-0 outline-none focus-visible:border-ring 
focus-visible:ring-ring/50 focus-visible:ring-[3px] 
aria-invalid:ring-destructive/20 
dark:aria-invalid:ring-destructive/40 
aria-invalid:border-destructive bg-primary 
text-primary-foreground shadow-xs hover:bg-primary/90 h-9 
px-4 py-2 has-[>svg]:px-3 w-full sm:w-auto"[39m
                      [33mdata-slot[39m=[32m"button"[39m
                    [36m>[39m
                      [36m<svg[39m
                        [33mclass[39m=[32m"lucide 
lucide-plus h-4 w-4 mr-2"[39m
                        [33mfill[39m=[32m"none"[39m
                        [33mheight[39m=[32m"24"[39m
                        
[33mstroke[39m=[32m"currentColor"[39m
                        
[33mstroke-linecap[39m=[32m"round"[39m
                        
[33mstroke-linejoin[39m=[32m"round"[39m
                        [33mstroke-width[39m=[32m"2"[39m
                        [33mviewBox[39m=[32m"0 0 24 
24"[39m
                        [33mwidth[39m=[32m"24"[39m
                        
[33mxmlns[39m=[32m"http://www.w3.org/2000/svg"[39m
                      [36m>[39m
                        [36m<path[39m
                          [33md[39m=[32m"M5 12h14"[39m
                        [36m/>[39m
                        [36m<path[39m
                          [33md[39m=[32m"M12 5v14"[39m
                        [36m/>[39m
                      [36m</svg>[39m
                      [0mNuevo An├ílisis[0m
                    [36m</button>[39m
                  [36m</a>[39m
                [36m</div>[39m
              [36m</div>[39m
              [36m<div[39m
                [33mclass[39m=[32m"grid grid-cols-1 
md:grid-cols-4 gap-4"[39m
              [36m>[39m
                [36m<div[39m
                  [33mclass[39m=[32m"bg-card 
text-card-foreground flex flex-col gap-6 rounded-xl border 
py-6 shadow-sm"[39m
                  [33mdata-slot[39m=[32m"card"[39m
                [36m>[39m
                  [36m<div[39m
                    [33mclass[39m=[32m"p-4"[39m
                    
[33mdata-slot[39m=[32m"card-content"[39m
                  [36m>[39m
                    [36m<div[39m
                      [33mclass[39m=[32m"flex 
items-center justify-between"[39m
                    [36m>[39m
                      [36m<div>[39m
                        [36m<p[39m
                          [33mclass[39m=[32m"text-sm 
font-medium text-muted-foreground"[39m
                        [36m>[39m
                          [0mTotal An├ílisis[0m
                        [36m</p>[39m
                        [36m<p[39m
                          [33mclass[39m=[32m"text-2xl 
font-bold"[39m
                        [36m>[39m
                          [0m3[0m
                        [36m</p>[39m
                      [36m</div>[39m
                      [36m<svg[39m
                        [33mclass[39m=[32m"lucide 
lucide-flask-conical h-8 w-8 text-purple-600"[39m
                        [3...

    [0m [90m 546 |[39m
     [90m 547 |[39m       [36mawait[39m waitFor(() 
[33m=>[39m {
    [31m[1m>[22m[39m[90m 548 |[39m         
expect(mockActivar)[33m.[39mtoHaveBeenCalled()
     [90m     |[39m                             
[31m[1m^[22m[39m
     [90m 549 |[39m       })
     [90m 550 |[39m     })
     [90m 551 |[39m[0m

      at toHaveBeenCalled 
(__tests__/app/listado/analisis/pureza/page.test.tsx:548:29)
      at runWithExpensiveErrorDiagnosticsDisabled (node_modu
les/@testing-library/react/node_modules/@testing-library/dom
/dist/config.js:47:12)
      at checkCallback (node_modules/@testing-library/react/
node_modules/@testing-library/dom/dist/wait-for.js:124:77)
      at checkRealTimersCallback (node_modules/@testing-libr
ary/react/node_modules/@testing-library/dom/dist/wait-for.js
:118:16)
      at Timeout.task [as _onTimeout] 
(node_modules/jsdom/lib/jsdom/browser/Window.js:520:19)

FAIL 
__tests__/app/listado/analisis/pureza/[id]/page.test.tsx 
(12.677 s)
  ÔùÅ Console

    console.error
      Error fetching Pureza: Error: Error de red
          at Object.<anonymous> (C:\Nadia\ProyectoFinal\inia
-frontend-jc\__tests__\app\listado\analisis\pureza\[id]\page
.test.tsx:200:28)
          at Promise.then.completed (C:\Nadia\ProyectoFinal\
inia-frontend-jc\node_modules\jest-circus\build\utils.js:298
:28)
          at new Promise (<anonymous>)
          at callAsyncCircusFn (C:\Nadia\ProyectoFinal\inia-
frontend-jc\node_modules\jest-circus\build\utils.js:231:10)
          at _callCircusTest (C:\Nadia\ProyectoFinal\inia-fr
ontend-jc\node_modules\jest-circus\build\run.js:316:40)
          at _runTest (C:\Nadia\ProyectoFinal\inia-frontend-
jc\node_modules\jest-circus\build\run.js:252:3)
          at _runTestsForDescribeBlock (C:\Nadia\ProyectoFin
al\inia-frontend-jc\node_modules\jest-circus\build\run.js:12
6:9)
          at _runTestsForDescribeBlock (C:\Nadia\ProyectoFin
al\inia-frontend-jc\node_modules\jest-circus\build\run.js:12
1:9)
          at _runTestsForDescribeBlock (C:\Nadia\ProyectoFin
al\inia-frontend-jc\node_modules\jest-circus\build\run.js:12
1:9)
          at run (C:\Nadia\ProyectoFinal\inia-frontend-jc\no
de_modules\jest-circus\build\run.js:71:3)
          at runAndTransformResultsToJestFormat (C:\Nadia\Pr
oyectoFinal\inia-frontend-jc\node_modules\jest-circus\build\
legacy-code-todo-rewrite\jestAdapterInit.js:122:21)
          at jestAdapter (C:\Nadia\ProyectoFinal\inia-fronte
nd-jc\node_modules\jest-circus\build\legacy-code-todo-rewrit
e\jestAdapter.js:79:19)
          at runTestInternal (C:\Nadia\ProyectoFinal\inia-fr
ontend-jc\node_modules\jest-runner\build\runTest.js:367:16)
          at runTest (C:\Nadia\ProyectoFinal\inia-frontend-j
c\node_modules\jest-runner\build\runTest.js:444:34)
          at Object.worker (C:\Nadia\ProyectoFinal\inia-fron
tend-jc\node_modules\jest-runner\build\testWorker.js:106:12)

    [0m [90m 155 |[39m       } [36mcatch[39m (err) {
     [90m 156 |[39m         setError([32m"Error al 
cargar los detalles del an├ílisis de Pureza"[39m)
    [31m[1m>[22m[39m[90m 157 |[39m         
console[33m.[39merror([32m"Error fetching 
Pureza:"[39m[33m,[39m err)
     [90m     |[39m                 [31m[1m^[22m[39m
     [90m 158 |[39m       } [36mfinally[39m {
     [90m 159 |[39m         setLoading([36mfalse[39m)
     [90m 160 |[39m       }[0m

      at error 
(app/listado/analisis/pureza/[id]/page.tsx:157:17)

  ÔùÅ PurezaDetailPage Tests ÔÇ║ Test: Visualizaci├│n de 
datos INIA - Valores en Gramos ÔÇ║ debe mostrar la fecha 
del an├ílisis

    Found multiple elements with the text: /1.*marzo.*2024/i

    Here are the matching elements:

    Ignored nodes: comments, script, style
    [36m<p[39m
      [33mclass[39m=[32m"text-lg font-semibold"[39m
    [36m>[39m
      [0m1 de marzo de 2024[0m
    [36m</p>[39m

    Ignored nodes: comments, script, style
    [36m<p[39m
      [33mclass[39m=[32m"text-lg font-semibold"[39m
    [36m>[39m
      [0m10 de marzo de 2024[0m
    [36m</p>[39m

    (If this is intentional, then use the `*AllBy*` variant 
of the query (like `queryAllByText`, `getAllByText`, or 
`findAllByText`)).

    Ignored nodes: comments, script, style
    [36m<body>[39m
      [36m<div>[39m
        [36m<div[39m
          [33mclass[39m=[32m"min-h-screen 
bg-muted/30"[39m
        [36m>[39m
          [36m<div[39m
            [33mclass[39m=[32m"bg-background border-b 
sticky top-0 z-40"[39m
          [36m>[39m
            [36m<div[39m
              [33mclass[39m=[32m"container max-w-7xl 
mx-auto px-3 sm:px-4 lg:px-6 py-3 sm:py-4"[39m
            [36m>[39m
              [36m<div[39m
                [33mclass[39m=[32m"flex flex-col 
gap-3"[39m
              [36m>[39m
                [36m<a[39m
                  
[33mhref[39m=[32m"/listado/analisis/pureza"[39m
                [36m>[39m
                  [36m<button[39m
                    [33mclass[39m=[32m"inline-flex 
items-center justify-center whitespace-nowrap text-sm 
font-medium transition-all disabled:pointer-events-none 
disabled:opacity-50 [&_svg]:pointer-events-none 
[&_svg:not([class*='size-'])]:size-4 shrink-0 
[&_svg]:shrink-0 outline-none focus-visible:border-ring 
focus-visible:ring-ring/50 focus-visible:ring-[3px] 
aria-invalid:ring-destructive/20 
dark:aria-invalid:ring-destructive/40 
aria-invalid:border-destructive hover:bg-accent 
hover:text-accent-foreground dark:hover:bg-accent/50 
rounded-md px-3 has-[>svg]:px-2.5 gap-1 -ml-2 h-8"[39m
                    [33mdata-slot[39m=[32m"button"[39m
                  [36m>[39m
                    [36m<svg[39m
                      [33mclass[39m=[32m"lucide 
lucide-arrow-left h-3 w-3"[39m
                      [33mfill[39m=[32m"none"[39m
                      [33mheight[39m=[32m"24"[39m
                      
[33mstroke[39m=[32m"currentColor"[39m
                      
[33mstroke-linecap[39m=[32m"round"[39m
                      
[33mstroke-linejoin[39m=[32m"round"[39m
                      [33mstroke-width[39m=[32m"2"[39m
                      [33mviewBox[39m=[32m"0 0 24 
24"[39m
                      [33mwidth[39m=[32m"24"[39m
                      
[33mxmlns[39m=[32m"http://www.w3.org/2000/svg"[39m
                    [36m>[39m
                      [36m<path[39m
                        [33md[39m=[32m"m12 19-7-7 
7-7"[39m
                      [36m/>[39m
                      [36m<path[39m
                        [33md[39m=[32m"M19 12H5"[39m
                      [36m/>[39m
                    [36m</svg>[39m
                    [36m<span[39m
                      [33mclass[39m=[32m"text-xs 
sm:text-sm"[39m
                    [36m>[39m
                      [0mVolver[0m
                    [36m</span>[39m
                  [36m</button>[39m
                [36m</a>[39m
                [36m<div[39m
                  [33mclass[39m=[32m"flex flex-col 
lg:flex-row lg:items-start lg:justify-between gap-4"[39m
                [36m>[39m
                  [36m<div[39m
                    [33mclass[39m=[32m"space-y-1"[39m
                  [36m>[39m
                    [36m<div[39m
                      [33mclass[39m=[32m"flex 
items-center gap-2 flex-wrap"[39m
                    [36m>[39m
                      [36m<h1[39m
                        [33mclass[39m=[32m"text-2xl 
sm:text-3xl font-bold text-balance"[39m
                      [36m>[39m
                        [0mAn├ílisis de Pureza #[0m
                        [0m1[0m
                      [36m</h1>[39m
                      [36m<span[39m
                        [33mclass[39m=[32m"inline-flex 
items-center justify-center rounded-md border font-medium 
w-fit whitespace-nowrap shrink-0 [&>svg]:size-3 gap-1 
[&>svg]:pointer-events-none focus-visible:border-ring 
focus-visible:ring-ring/50 focus-visible:ring-[3px] 
aria-invalid:ring-destructive/20 
dark:aria-invalid:ring-destructive/40 
aria-invalid:border-destructive 
transition-[color,box-shadow] overflow-hidden 
text-foreground [a&]:hover:bg-accent 
[a&]:hover:text-accent-foreground text-xs px-2 py-0.5"[39m
                        
[33mdata-slot[39m=[32m"badge"[39m
                      [36m>[39m
                        [0mAprobado[0m
                      [36m</span>[39m
                    [36m</div>[39m
                    [36m<div[39m
                      [33mclass[39m=[32m"flex flex-wrap 
items-center gap-x-3 gap-y-1 text-sm 
text-muted-foreground"[39m
                    [36m>[39m
                      [36m<span[39m
                        [33mclass[39m=[32m"flex 
items-center gap-1"[39m
                      [36m>[39m
                        [36m<span[39m
                          
[33mclass[39m=[32m"font-medium"[39m
                        [36m>[39m
                          [0mFicha:[0m
                        [36m</span>[39m
                        [36m<span>[39m
                          [0m1[0m
                        [36m</span>[39m
                      [36m</span>[39m
                      [36m<span[39m
                        [33mclass[39m=[32m"hidden 
sm:inline"[39m
                      [36m>[39m
                        [0mÔÇó[0m
                      [36m</span>[39m
                      [36m<span[39m
                        [33mclass[39m=[32m"flex 
items-center gap-1"[39m
                      [36m>[39m
                        [36m<span[39m
                          
[33mclass[39m=[32m"font-medium"[39m
                        [36m>[39m
                          [0mLote:[0m
                        [36m</span>[39m
                        [36m<span>[39m
                          [0mTrigo Baguette 10[0m
                        [36m</span>[39m
                      [36m</span>[39m
                    [36m</div>[39m
                  [36m</div>[39m
                  [36m<div[39m
                    [33mclass[39m=[32m"flex gap-2"[39m
                  [36m>[39m
                    [36m<a[39m
                      
[33mhref[39m=[32m"/listado/analisis/pureza/1/editar"[39m
                    [36m>[39m
                      [36m<button[39m
                        [33mclass[39m=[32m"inline-flex 
items-center justify-center whitespace-nowrap text-sm 
font-medium transition-all disabled:pointer-events-none 
disabled:opacity-50 [&_svg]:pointer-events-none 
[&_svg:not([class*='size-'])]:size-4 shrink-0 
[&_svg]:shrink-0 outline-none focus-visible:border-ring 
focus-visible:ring-ring/50 focus-visible:ring-[3px] 
aria-invalid:ring-destructive/20 
dark:aria-invalid:ring-destructive/40 
aria-invalid:border-destructive bg-primary 
text-primary-foreground shadow-xs hover:bg-primary/90 
rounded-md px-3 has-[>svg]:px-2.5 gap-1.5 h-9"[39m
                        
[33mdata-slot[39m=[32m"button"[39m
                      [36m>[39m
                        [36m<svg[39m
                          [33mclass[39m=[32m"lucide 
lucide-square-pen h-3.5 w-3.5"[39m
                          [33mfill[39m=[32m"none"[39m
                          [33mheight[39m=[32m"24"[39m
                          
[33mstroke[39m=[32m"currentColor"[39m
                          
[33mstroke-linecap[39m=[32m"round"[39m
                          
[33mstroke-linejoin[39m=[32m"round"[39m
                          
[33mstroke-width[39m=[32m"2"[39m
                          [33mviewBox[39m=[32m"0 0 24 
24"[39m
                          [33mwidth[39m=[32m"24"[39m
                          
[33mxmlns[39m=[32m"http://www.w3.org/2000/svg"[39m
                        [36m>[3...

    [0m [90m 237 |[39m       
render([33m<[39m[33mPurezaDetailPage[39m 
[33m/[39m[33m>[39m)
     [90m 238 |[39m
    [31m[1m>[22m[39m[90m 239 |[39m       
[36mawait[39m waitFor(() [33m=>[39m {
     [90m     |[39m                    
[31m[1m^[22m[39m
     [90m 240 |[39m         expect(screen[33m.[39mgetByT
ext([35m/1.*marzo.*2024/i[39m))[33m.[39mtoBeInTheDocumen
t()
     [90m 241 |[39m       })
     [90m 242 |[39m     })[0m

      at waitForWrapper (node_modules/@testing-library/react
/node_modules/@testing-library/dom/dist/wait-for.js:163:27)
      at Object.<anonymous> (__tests__/app/listado/analisis/
pureza/[id]/page.test.tsx:239:20)

  ÔùÅ PurezaDetailPage Tests ÔÇ║ Test: Porcentajes con 
redondeo (manual) ÔÇ║ debe mostrar los porcentajes 
redondeados correctamente

    Found multiple elements with the text: 0.50%

    Here are the matching elements:

    Ignored nodes: comments, script, style
    [36m<p[39m
      [33mclass[39m=[32m"text-xl font-bold 
text-orange-600"[39m
    [36m>[39m
      [0m0.50%[0m
    [36m</p>[39m

    Ignored nodes: comments, script, style
    [36m<p[39m
      [33mclass[39m=[32m"text-xl font-bold 
text-orange-600"[39m
    [36m>[39m
      [0m0.50%[0m
    [36m</p>[39m

    (If this is intentional, then use the `*AllBy*` variant 
of the query (like `queryAllByText`, `getAllByText`, or 
`findAllByText`)).

    Ignored nodes: comments, script, style
    [36m<body>[39m
      [36m<div>[39m
        [36m<div[39m
          [33mclass[39m=[32m"min-h-screen 
bg-muted/30"[39m
        [36m>[39m
          [36m<div[39m
            [33mclass[39m=[32m"bg-background border-b 
sticky top-0 z-40"[39m
          [36m>[39m
            [36m<div[39m
              [33mclass[39m=[32m"container max-w-7xl 
mx-auto px-3 sm:px-4 lg:px-6 py-3 sm:py-4"[39m
            [36m>[39m
              [36m<div[39m
                [33mclass[39m=[32m"flex flex-col 
gap-3"[39m
              [36m>[39m
                [36m<a[39m
                  
[33mhref[39m=[32m"/listado/analisis/pureza"[39m
                [36m>[39m
                  [36m<button[39m
                    [33mclass[39m=[32m"inline-flex 
items-center justify-center whitespace-nowrap text-sm 
font-medium transition-all disabled:pointer-events-none 
disabled:opacity-50 [&_svg]:pointer-events-none 
[&_svg:not([class*='size-'])]:size-4 shrink-0 
[&_svg]:shrink-0 outline-none focus-visible:border-ring 
focus-visible:ring-ring/50 focus-visible:ring-[3px] 
aria-invalid:ring-destructive/20 
dark:aria-invalid:ring-destructive/40 
aria-invalid:border-destructive hover:bg-accent 
hover:text-accent-foreground dark:hover:bg-accent/50 
rounded-md px-3 has-[>svg]:px-2.5 gap-1 -ml-2 h-8"[39m
                    [33mdata-slot[39m=[32m"button"[39m
                  [36m>[39m
                    [36m<svg[39m
                      [33mclass[39m=[32m"lucide 
lucide-arrow-left h-3 w-3"[39m
                      [33mfill[39m=[32m"none"[39m
                      [33mheight[39m=[32m"24"[39m
                      
[33mstroke[39m=[32m"currentColor"[39m
                      
[33mstroke-linecap[39m=[32m"round"[39m
                      
[33mstroke-linejoin[39m=[32m"round"[39m
                      [33mstroke-width[39m=[32m"2"[39m
                      [33mviewBox[39m=[32m"0 0 24 
24"[39m
                      [33mwidth[39m=[32m"24"[39m
                      
[33mxmlns[39m=[32m"http://www.w3.org/2000/svg"[39m
                    [36m>[39m
                      [36m<path[39m
                        [33md[39m=[32m"m12 19-7-7 
7-7"[39m
                      [36m/>[39m
                      [36m<path[39m
                        [33md[39m=[32m"M19 12H5"[39m
                      [36m/>[39m
                    [36m</svg>[39m
                    [36m<span[39m
                      [33mclass[39m=[32m"text-xs 
sm:text-sm"[39m
                    [36m>[39m
                      [0mVolver[0m
                    [36m</span>[39m
                  [36m</button>[39m
                [36m</a>[39m
                [36m<div[39m
                  [33mclass[39m=[32m"flex flex-col 
lg:flex-row lg:items-start lg:justify-between gap-4"[39m
                [36m>[39m
                  [36m<div[39m
                    [33mclass[39m=[32m"space-y-1"[39m
                  [36m>[39m
                    [36m<div[39m
                      [33mclass[39m=[32m"flex 
items-center gap-2 flex-wrap"[39m
                    [36m>[39m
                      [36m<h1[39m
                        [33mclass[39m=[32m"text-2xl 
sm:text-3xl font-bold text-balance"[39m
                      [36m>[39m
                        [0mAn├ílisis de Pureza #[0m
                        [0m1[0m
                      [36m</h1>[39m
                      [36m<span[39m
                        [33mclass[39m=[32m"inline-flex 
items-center justify-center rounded-md border font-medium 
w-fit whitespace-nowrap shrink-0 [&>svg]:size-3 gap-1 
[&>svg]:pointer-events-none focus-visible:border-ring 
focus-visible:ring-ring/50 focus-visible:ring-[3px] 
aria-invalid:ring-destructive/20 
dark:aria-invalid:ring-destructive/40 
aria-invalid:border-destructive 
transition-[color,box-shadow] overflow-hidden 
text-foreground [a&]:hover:bg-accent 
[a&]:hover:text-accent-foreground text-xs px-2 py-0.5"[39m
                        
[33mdata-slot[39m=[32m"badge"[39m
                      [36m>[39m
                        [0mAprobado[0m
                      [36m</span>[39m
                    [36m</div>[39m
                    [36m<div[39m
                      [33mclass[39m=[32m"flex flex-wrap 
items-center gap-x-3 gap-y-1 text-sm 
text-muted-foreground"[39m
                    [36m>[39m
                      [36m<span[39m
                        [33mclass[39m=[32m"flex 
items-center gap-1"[39m
                      [36m>[39m
                        [36m<span[39m
                          
[33mclass[39m=[32m"font-medium"[39m
                        [36m>[39m
                          [0mFicha:[0m
                        [36m</span>[39m
                        [36m<span>[39m
                          [0m1[0m
                        [36m</span>[39m
                      [36m</span>[39m
                      [36m<span[39m
                        [33mclass[39m=[32m"hidden 
sm:inline"[39m
                      [36m>[39m
                        [0mÔÇó[0m
                      [36m</span>[39m
                      [36m<span[39m
                        [33mclass[39m=[32m"flex 
items-center gap-1"[39m
                      [36m>[39m
                        [36m<span[39m
                          
[33mclass[39m=[32m"font-medium"[39m
                        [36m>[39m
                          [0mLote:[0m
                        [36m</span>[39m
                        [36m<span>[39m
                          [0mTrigo Baguette 10[0m
                        [36m</span>[39m
                      [36m</span>[39m
                    [36m</div>[39m
                  [36m</div>[39m
                  [36m<div[39m
                    [33mclass[39m=[32m"flex gap-2"[39m
                  [36m>[39m
                    [36m<a[39m
                      
[33mhref[39m=[32m"/listado/analisis/pureza/1/editar"[39m
                    [36m>[39m
                      [36m<button[39m
                        [33mclass[39m=[32m"inline-flex 
items-center justify-center whitespace-nowrap text-sm 
font-medium transition-all disabled:pointer-events-none 
disabled:opacity-50 [&_svg]:pointer-events-none 
[&_svg:not([class*='size-'])]:size-4 shrink-0 
[&_svg]:shrink-0 outline-none focus-visible:border-ring 
focus-visible:ring-ring/50 focus-visible:ring-[3px] 
aria-invalid:ring-destructive/20 
dark:aria-invalid:ring-destructive/40 
aria-invalid:border-destructive bg-primary 
text-primary-foreground shadow-xs hover:bg-primary/90 
rounded-md px-3 has-[>svg]:px-2.5 gap-1.5 h-9"[39m
                        
[33mdata-slot[39m=[32m"button"[39m
                      [36m>[39m
                        [36m<svg[39m
                          [33mclass[39m=[32m"lucide 
lucide-square-pen h-3.5 w-3.5"[39m
                          [33mfill[39m=[32m"none"[39m
                          [33mheight[39m=[32m"24"[39m
                          
[33mstroke[39m=[32m"currentColor"[39m
                          
[33mstroke-linecap[39m=[32m"round"[39m
                          
[33mstroke-linejoin[39m=[32m"round"[39m
                          
[33mstroke-width[39m=[32m"2"[39m
                          [33mviewBox[39m=[32m"0 0 24 
24"[39m
                          [33mwidth[39m=[32m"24"[39m
                          
[33mxmlns[39m=[32m"http://www.w3.org/2000/svg"[39m
                        [36m>[3...

    [0m [90m 285 |[39m       
render([33m<[39m[33mPurezaDetailPage[39m 
[33m/[39m[33m>[39m)
     [90m 286 |[39m
    [31m[1m>[22m[39m[90m 287 |[39m       
[36mawait[39m waitFor(() [33m=>[39m {
     [90m     |[39m                    
[31m[1m^[22m[39m
     [90m 288 |[39m         expect(screen[33m.[39mgetByT
ext([32m'95.50%'[39m))[33m.[39mtoBeInTheDocument()
     [90m 289 |[39m         expect(screen[33m.[39mgetByT
ext([32m'2.50%'[39m))[33m.[39mtoBeInTheDocument()
     [90m 290 |[39m         expect(screen[33m.[39mgetByT
ext([32m'1.00%'[39m))[33m.[39mtoBeInTheDocument()[0m

      at waitForWrapper (node_modules/@testing-library/react
/node_modules/@testing-library/dom/dist/wait-for.js:163:27)
      at Object.<anonymous> (__tests__/app/listado/analisis/
pureza/[id]/page.test.tsx:287:20)

  ÔùÅ PurezaDetailPage Tests ÔÇ║ Test: Porcentajes con 
redondeo (manual) ÔÇ║ debe mostrar "tr" para valores < 
0.05% en porcentajes redondeados

    Unable to find an element with the text: tr. This could 
be because the text is broken up by multiple elements. In 
this case, you can provide a function for your text matcher 
to make your matcher more flexible.

    Ignored nodes: comments, script, style
    [36m<body>[39m
      [36m<div>[39m
        [36m<div[39m
          [33mclass[39m=[32m"min-h-screen 
bg-muted/30"[39m
        [36m>[39m
          [36m<div[39m
            [33mclass[39m=[32m"bg-background border-b 
sticky top-0 z-40"[39m
          [36m>[39m
            [36m<div[39m
              [33mclass[39m=[32m"container max-w-7xl 
mx-auto px-3 sm:px-4 lg:px-6 py-3 sm:py-4"[39m
            [36m>[39m
              [36m<div[39m
                [33mclass[39m=[32m"flex flex-col 
gap-3"[39m
              [36m>[39m
                [36m<a[39m
                  
[33mhref[39m=[32m"/listado/analisis/pureza"[39m
                [36m>[39m
                  [36m<button[39m
                    [33mclass[39m=[32m"inline-flex 
items-center justify-center whitespace-nowrap text-sm 
font-medium transition-all disabled:pointer-events-none 
disabled:opacity-50 [&_svg]:pointer-events-none 
[&_svg:not([class*='size-'])]:size-4 shrink-0 
[&_svg]:shrink-0 outline-none focus-visible:border-ring 
focus-visible:ring-ring/50 focus-visible:ring-[3px] 
aria-invalid:ring-destructive/20 
dark:aria-invalid:ring-destructive/40 
aria-invalid:border-destructive hover:bg-accent 
hover:text-accent-foreground dark:hover:bg-accent/50 
rounded-md px-3 has-[>svg]:px-2.5 gap-1 -ml-2 h-8"[39m
                    [33mdata-slot[39m=[32m"button"[39m
                  [36m>[39m
                    [36m<svg[39m
                      [33mclass[39m=[32m"lucide 
lucide-arrow-left h-3 w-3"[39m
                      [33mfill[39m=[32m"none"[39m
                      [33mheight[39m=[32m"24"[39m
                      
[33mstroke[39m=[32m"currentColor"[39m
                      
[33mstroke-linecap[39m=[32m"round"[39m
                      
[33mstroke-linejoin[39m=[32m"round"[39m
                      [33mstroke-width[39m=[32m"2"[39m
                      [33mviewBox[39m=[32m"0 0 24 
24"[39m
                      [33mwidth[39m=[32m"24"[39m
                      
[33mxmlns[39m=[32m"http://www.w3.org/2000/svg"[39m
                    [36m>[39m
                      [36m<path[39m
                        [33md[39m=[32m"m12 19-7-7 
7-7"[39m
                      [36m/>[39m
                      [36m<path[39m
                        [33md[39m=[32m"M19 12H5"[39m
                      [36m/>[39m
                    [36m</svg>[39m
                    [36m<span[39m
                      [33mclass[39m=[32m"text-xs 
sm:text-sm"[39m
                    [36m>[39m
                      [0mVolver[0m
                    [36m</span>[39m
                  [36m</button>[39m
                [36m</a>[39m
                [36m<div[39m
                  [33mclass[39m=[32m"flex flex-col 
lg:flex-row lg:items-start lg:justify-between gap-4"[39m
                [36m>[39m
                  [36m<div[39m
                    [33mclass[39m=[32m"space-y-1"[39m
                  [36m>[39m
                    [36m<div[39m
                      [33mclass[39m=[32m"flex 
items-center gap-2 flex-wrap"[39m
                    [36m>[39m
                      [36m<h1[39m
                        [33mclass[39m=[32m"text-2xl 
sm:text-3xl font-bold text-balance"[39m
                      [36m>[39m
                        [0mAn├ílisis de Pureza #[0m
                        [0m1[0m
                      [36m</h1>[39m
                      [36m<span[39m
                        [33mclass[39m=[32m"inline-flex 
items-center justify-center rounded-md border font-medium 
w-fit whitespace-nowrap shrink-0 [&>svg]:size-3 gap-1 
[&>svg]:pointer-events-none focus-visible:border-ring 
focus-visible:ring-ring/50 focus-visible:ring-[3px] 
aria-invalid:ring-destructive/20 
dark:aria-invalid:ring-destructive/40 
aria-invalid:border-destructive 
transition-[color,box-shadow] overflow-hidden 
text-foreground [a&]:hover:bg-accent 
[a&]:hover:text-accent-foreground text-xs px-2 py-0.5"[39m
                        
[33mdata-slot[39m=[32m"badge"[39m
                      [36m>[39m
                        [0mAprobado[0m
                      [36m</span>[39m
                    [36m</div>[39m
                    [36m<div[39m
                      [33mclass[39m=[32m"flex flex-wrap 
items-center gap-x-3 gap-y-1 text-sm 
text-muted-foreground"[39m
                    [36m>[39m
                      [36m<span[39m
                        [33mclass[39m=[32m"flex 
items-center gap-1"[39m
                      [36m>[39m
                        [36m<span[39m
                          
[33mclass[39m=[32m"font-medium"[39m
                        [36m>[39m
                          [0mFicha:[0m
                        [36m</span>[39m
                        [36m<span>[39m
                          [0m1[0m
                        [36m</span>[39m
                      [36m</span>[39m
                      [36m<span[39m
                        [33mclass[39m=[32m"hidden 
sm:inline"[39m
                      [36m>[39m
                        [0mÔÇó[0m
                      [36m</span>[39m
                      [36m<span[39m
                        [33mclass[39m=[32m"flex 
items-center gap-1"[39m
                      [36m>[39m
                        [36m<span[39m
                          
[33mclass[39m=[32m"font-medium"[39m
                        [36m>[39m
                          [0mLote:[0m
                        [36m</span>[39m
                        [36m<span>[39m
                          [0mTrigo Baguette 10[0m
                        [36m</span>[39m
                      [36m</span>[39m
                    [36m</div>[39m
                  [36m</div>[39m
                  [36m<div[39m
                    [33mclass[39m=[32m"flex gap-2"[39m
                  [36m>[39m
                    [36m<a[39m
                      
[33mhref[39m=[32m"/listado/analisis/pureza/1/editar"[39m
                    [36m>[39m
                      [36m<button[39m
                        [33mclass[39m=[32m"inline-flex 
items-center justify-center whitespace-nowrap text-sm 
font-medium transition-all disabled:pointer-events-none 
disabled:opacity-50 [&_svg]:pointer-events-none 
[&_svg:not([class*='size-'])]:size-4 shrink-0 
[&_svg]:shrink-0 outline-none focus-visible:border-ring 
focus-visible:ring-ring/50 focus-visible:ring-[3px] 
aria-invalid:ring-destructive/20 
dark:aria-invalid:ring-destructive/40 
aria-invalid:border-destructive bg-primary 
text-primary-foreground shadow-xs hover:bg-primary/90 
rounded-md px-3 has-[>svg]:px-2.5 gap-1.5 h-9"[39m
                        
[33mdata-slot[39m=[32m"button"[39m
                      [36m>[39m
                        [36m<svg[39m
                          [33mclass[39m=[32m"lucide 
lucide-square-pen h-3.5 w-3.5"[39m
                          [33mfill[39m=[32m"none"[39m
                          [33mheight[39m=[32m"24"[39m
                          
[33mstroke[39m=[32m"currentColor"[39m
                          
[33mstroke-linecap[39m=[32m"round"[39m
                          
[33mstroke-linejoin[39m=[32m"round"[39m
                          
[33mstroke-width[39m=[32m"2"[39m
                          [33mviewBox[39m=[32m"0 0 24 
24"[39m
                          [33mwidth[39m=[32m"24"[39m
                          
[33mxmlns[39m=[32m"http://www.w3.org/2000/svg"[39m
                        [36m>[3...

    [0m [90m 307 |[39m       
render([33m<[39m[33mPurezaDetailPage[39m 
[33m/[39m[33m>[39m)
     [90m 308 |[39m
    [31m[1m>[22m[39m[90m 309 |[39m       
[36mawait[39m waitFor(() [33m=>[39m {
     [90m     |[39m                    
[31m[1m^[22m[39m
     [90m 310 |[39m         expect(screen[33m.[39mgetByT
ext([32m'tr'[39m))[33m.[39mtoBeInTheDocument()
     [90m 311 |[39m       })
     [90m 312 |[39m     })[0m

      at waitForWrapper (node_modules/@testing-library/react
/node_modules/@testing-library/dom/dist/wait-for.js:163:27)
      at Object.<anonymous> (__tests__/app/listado/analisis/
pureza/[id]/page.test.tsx:309:20)

  ÔùÅ PurezaDetailPage Tests ÔÇ║ Test: Datos INASE ÔÇ║ debe 
formatear correctamente los porcentajes INASE

    expect(received).toContain(expected) // indexOf

    Expected substring: "95.00%"
    Received string:    "Datos INASE"

    Ignored nodes: comments, script, style
    [36m<html>[39m
      [36m<head />[39m
      [36m<body>[39m
        [36m<div>[39m
          [36m<div[39m
            [33mclass[39m=[32m"min-h-screen 
bg-muted/30"[39m
          [36m>[39m
            [36m<div[39m
              [33mclass[39m=[32m"bg-background border-b 
sticky top-0 z-40"[39m
            [36m>[39m
              [36m<div[39m
                [33mclass[39m=[32m"container max-w-7xl 
mx-auto px-3 sm:px-4 lg:px-6 py-3 sm:py-4"[39m
              [36m>[39m
                [36m<div[39m
                  [33mclass[39m=[32m"flex flex-col 
gap-3"[39m
                [36m>[39m
                  [36m<a[39m
                    
[33mhref[39m=[32m"/listado/analisis/pureza"[39m
                  [36m>[39m
                    [36m<button[39m
                      [33mclass[39m=[32m"inline-flex 
items-center justify-center whitespace-nowrap text-sm 
font-medium transition-all disabled:pointer-events-none 
disabled:opacity-50 [&_svg]:pointer-events-none 
[&_svg:not([class*='size-'])]:size-4 shrink-0 
[&_svg]:shrink-0 outline-none focus-visible:border-ring 
focus-visible:ring-ring/50 focus-visible:ring-[3px] 
aria-invalid:ring-destructive/20 
dark:aria-invalid:ring-destructive/40 
aria-invalid:border-destructive hover:bg-accent 
hover:text-accent-foreground dark:hover:bg-accent/50 
rounded-md px-3 has-[>svg]:px-2.5 gap-1 -ml-2 h-8"[39m
                      [33mdata-slot[39m=[32m"button"[39m
                    [36m>[39m
                      [36m<svg[39m
                        [33mclass[39m=[32m"lucide 
lucide-arrow-left h-3 w-3"[39m
                        [33mfill[39m=[32m"none"[39m
                        [33mheight[39m=[32m"24"[39m
                        
[33mstroke[39m=[32m"currentColor"[39m
                        
[33mstroke-linecap[39m=[32m"round"[39m
                        
[33mstroke-linejoin[39m=[32m"round"[39m
                        [33mstroke-width[39m=[32m"2"[39m
                        [33mviewBox[39m=[32m"0 0 24 
24"[39m
                        [33mwidth[39m=[32m"24"[39m
                        
[33mxmlns[39m=[32m"http://www.w3.org/2000/svg"[39m
                      [36m>[39m
                        [36m<path[39m
                          [33md[39m=[32m"m12 19-7-7 
7-7"[39m
                        [36m/>[39m
                        [36m<path[39m
                          [33md[39m=[32m"M19 12H5"[39m
                        [36m/>[39m
                      [36m</svg>[39m
                      [36m<span[39m
                        [33mclass[39m=[32m"text-xs 
sm:text-sm"[39m
                      [36m>[39m
                        [0mVolver[0m
                      [36m</span>[39m
                    [36m</button>[39m
                  [36m</a>[39m
                  [36m<div[39m
                    [33mclass[39m=[32m"flex flex-col 
lg:flex-row lg:items-start lg:justify-between gap-4"[39m
                  [36m>[39m
                    [36m<div[39m
                      [33mclass[39m=[32m"space-y-1"[39m
                    [36m>[39m
                      [36m<div[39m
                        [33mclass[39m=[32m"flex 
items-center gap-2 flex-wrap"[39m
                      [36m>[39m
                        [36m<h1[39m
                          [33mclass[39m=[32m"text-2xl 
sm:text-3xl font-bold text-balance"[39m
                        [36m>[39m
                          [0mAn├ílisis de Pureza #[0m
                          [0m1[0m
                        [36m</h1>[39m
                        [36m<span[39m
                          [33mclass[39m=[32m"inline-flex 
items-center justify-center rounded-md border font-medium 
w-fit whitespace-nowrap shrink-0 [&>svg]:size-3 gap-1 
[&>svg]:pointer-events-none focus-visible:border-ring 
focus-visible:ring-ring/50 focus-visible:ring-[3px] 
aria-invalid:ring-destructive/20 
dark:aria-invalid:ring-destructive/40 
aria-invalid:border-destructive 
transition-[color,box-shadow] overflow-hidden 
text-foreground [a&]:hover:bg-accent 
[a&]:hover:text-accent-foreground text-xs px-2 py-0.5"[39m
                          
[33mdata-slot[39m=[32m"badge"[39m
                        [36m>[39m
                          [0mAprobado[0m
                        [36m</span>[39m
                      [36m</div>[39m
                      [36m<div[39m
                        [33mclass[39m=[32m"flex 
flex-wrap items-center gap-x-3 gap-y-1 text-sm 
text-muted-foreground"[39m
                      [36m>[39m
                        [36m<span[39m
                          [33mclass[39m=[32m"flex 
items-center gap-1"[39m
                        [36m>[39m
                          [36m<span[39m
                            
[33mclass[39m=[32m"font-medium"[39m
                          [36m>[39m
                            [0mFicha:[0m
                          [36m</span>[39m
                          [36m<span>[39m
                            [0m1[0m
                          [36m</span>[39m
                        [36m</span>[39m
                        [36m<span[39m
                          [33mclass[39m=[32m"hidden 
sm:inline"[39m
                        [36m>[39m
                          [0mÔÇó[0m
                        [36m</span>[39m
                        [36m<span[39m
                          [33mclass[39m=[32m"flex 
items-center gap-1"[39m
                        [36m>[39m
                          [36m<span[39m
                            
[33mclass[39m=[32m"font-medium"[39m
                          [36m>[39m
                            [0mLote:[0m
                          [36m</span>[39m
                          [36m<span>[39m
                            [0mTrigo Baguette 10[0m
                          [36m</span>[39m
                        [36m</span>[39m
                      [36m</div>[39m
                    [36m</div>[39m
                    [36m<div[39m
                      [33mclass[39m=[32m"flex gap-2"[39m
                    [36m>[39m
                      [36m<a[39m
                        
[33mhref[39m=[32m"/listado/analisis/pureza/1/editar"[39m
                      [36m>[39m
                        [36m<button[39m
                          [33mclass[39m=[32m"inline-flex 
items-center justify-center whitespace-nowrap text-sm 
font-medium transition-all disabled:pointer-events-none 
disabled:opacity-50 [&_svg]:pointer-events-none 
[&_svg:not([class*='size-'])]:size-4 shrink-0 
[&_svg]:shrink-0 outline-none focus-visible:border-ring 
focus-visible:ring-ring/50 focus-visible:ring-[3px] 
aria-invalid:ring-destructive/20 
dark:aria-invalid:ring-destructive/40 
aria-invalid:border-destructive bg-primary 
text-primary-foreground shadow-xs hover:bg-primary/90 
rounded-md px-3 has-[>svg]:px-2.5 gap-1.5 h-9"[39m
                          
[33mdata-slot[39m=[32m"button"[39m
                        [36m>[39m
                          [36m<svg[39m
                            [33mclass[39m=[32m"lucide 
lucide-square-pen h-3.5 w-3.5"[39m
                            [33mfill[39m=[32m"none"[39m
                            [33mheight[39m=[32m"24"[39m
                            
[33mstroke[39m=[32m"currentColor"[39m
                            
[33mstroke-linecap[39m=[32m"round"[39m
                            
[33mstroke-linejoin[39m=[32m"round"[39m
      ...

    [0m [90m 345 |[39m         [90m// Buscar los 
valores con el contexto de INASE[39m
     [90m 346 |[39m         [36mconst[39m datosInase 
[33m=[39m screen[33m.[39mgetByText([32m'Datos 
INASE'[39m)[33m.[39mclosest([32m'div'[39m)
    [31m[1m>[22m[39m[90m 347 |[39m         expect(dato
sInase[33m?[39m[33m.[39mtextContent)[33m.[39mtoContain
([32m'95.00%'[39m)
     [90m     |[39m                                       
  [31m[1m^[22m[39m
     [90m 348 |[39m         expect(datosInase[33m?[39m[
33m.[39mtextContent)[33m.[39mtoContain([32m'2.80%'[39m)
     [90m 349 |[39m         expect(datosInase[33m?[39m[
33m.[39mtextContent)[33m.[39mtoContain([32m'1.20%'[39m)
     [90m 350 |[39m       })[0m

      at toContain (__tests__/app/listado/analisis/pureza/[i
d]/page.test.tsx:347:41)
      at runWithExpensiveErrorDiagnosticsDisabled (node_modu
les/@testing-library/react/node_modules/@testing-library/dom
/dist/config.js:47:12)
      at checkCallback (node_modules/@testing-library/react/
node_modules/@testing-library/dom/dist/wait-for.js:124:77)
      at checkRealTimersCallback (node_modules/@testing-libr
ary/react/node_modules/@testing-library/dom/dist/wait-for.js
:118:16)
      at Timeout.task [as _onTimeout] 
(node_modules/jsdom/lib/jsdom/browser/Window.js:520:19)

  ÔùÅ PurezaDetailPage Tests ÔÇ║ Test: Datos INASE ÔÇ║ debe 
mostrar 0.00% para valores INASE nulos

    expect(received).toContain(expected) // indexOf

    Expected substring: "0.00%"
    Received string:    "Datos INASE"

    Ignored nodes: comments, script, style
    [36m<html>[39m
      [36m<head />[39m
      [36m<body>[39m
        [36m<div>[39m
          [36m<div[39m
            [33mclass[39m=[32m"min-h-screen 
bg-muted/30"[39m
          [36m>[39m
            [36m<div[39m
              [33mclass[39m=[32m"bg-background border-b 
sticky top-0 z-40"[39m
            [36m>[39m
              [36m<div[39m
                [33mclass[39m=[32m"container max-w-7xl 
mx-auto px-3 sm:px-4 lg:px-6 py-3 sm:py-4"[39m
              [36m>[39m
                [36m<div[39m
                  [33mclass[39m=[32m"flex flex-col 
gap-3"[39m
                [36m>[39m
                  [36m<a[39m
                    
[33mhref[39m=[32m"/listado/analisis/pureza"[39m
                  [36m>[39m
                    [36m<button[39m
                      [33mclass[39m=[32m"inline-flex 
items-center justify-center whitespace-nowrap text-sm 
font-medium transition-all disabled:pointer-events-none 
disabled:opacity-50 [&_svg]:pointer-events-none 
[&_svg:not([class*='size-'])]:size-4 shrink-0 
[&_svg]:shrink-0 outline-none focus-visible:border-ring 
focus-visible:ring-ring/50 focus-visible:ring-[3px] 
aria-invalid:ring-destructive/20 
dark:aria-invalid:ring-destructive/40 
aria-invalid:border-destructive hover:bg-accent 
hover:text-accent-foreground dark:hover:bg-accent/50 
rounded-md px-3 has-[>svg]:px-2.5 gap-1 -ml-2 h-8"[39m
                      [33mdata-slot[39m=[32m"button"[39m
                    [36m>[39m
                      [36m<svg[39m
                        [33mclass[39m=[32m"lucide 
lucide-arrow-left h-3 w-3"[39m
                        [33mfill[39m=[32m"none"[39m
                        [33mheight[39m=[32m"24"[39m
                        
[33mstroke[39m=[32m"currentColor"[39m
                        
[33mstroke-linecap[39m=[32m"round"[39m
                        
[33mstroke-linejoin[39m=[32m"round"[39m
                        [33mstroke-width[39m=[32m"2"[39m
                        [33mviewBox[39m=[32m"0 0 24 
24"[39m
                        [33mwidth[39m=[32m"24"[39m
                        
[33mxmlns[39m=[32m"http://www.w3.org/2000/svg"[39m
                      [36m>[39m
                        [36m<path[39m
                          [33md[39m=[32m"m12 19-7-7 
7-7"[39m
                        [36m/>[39m
                        [36m<path[39m
                          [33md[39m=[32m"M19 12H5"[39m
                        [36m/>[39m
                      [36m</svg>[39m
                      [36m<span[39m
                        [33mclass[39m=[32m"text-xs 
sm:text-sm"[39m
                      [36m>[39m
                        [0mVolver[0m
                      [36m</span>[39m
                    [36m</button>[39m
                  [36m</a>[39m
                  [36m<div[39m
                    [33mclass[39m=[32m"flex flex-col 
lg:flex-row lg:items-start lg:justify-between gap-4"[39m
                  [36m>[39m
                    [36m<div[39m
                      [33mclass[39m=[32m"space-y-1"[39m
                    [36m>[39m
                      [36m<div[39m
                        [33mclass[39m=[32m"flex 
items-center gap-2 flex-wrap"[39m
                      [36m>[39m
                        [36m<h1[39m
                          [33mclass[39m=[32m"text-2xl 
sm:text-3xl font-bold text-balance"[39m
                        [36m>[39m
                          [0mAn├ílisis de Pureza #[0m
                          [0m1[0m
                        [36m</h1>[39m
                        [36m<span[39m
                          [33mclass[39m=[32m"inline-flex 
items-center justify-center rounded-md border font-medium 
w-fit whitespace-nowrap shrink-0 [&>svg]:size-3 gap-1 
[&>svg]:pointer-events-none focus-visible:border-ring 
focus-visible:ring-ring/50 focus-visible:ring-[3px] 
aria-invalid:ring-destructive/20 
dark:aria-invalid:ring-destructive/40 
aria-invalid:border-destructive 
transition-[color,box-shadow] overflow-hidden 
text-foreground [a&]:hover:bg-accent 
[a&]:hover:text-accent-foreground text-xs px-2 py-0.5"[39m
                          
[33mdata-slot[39m=[32m"badge"[39m
                        [36m>[39m
                          [0mAprobado[0m
                        [36m</span>[39m
                      [36m</div>[39m
                      [36m<div[39m
                        [33mclass[39m=[32m"flex 
flex-wrap items-center gap-x-3 gap-y-1 text-sm 
text-muted-foreground"[39m
                      [36m>[39m
                        [36m<span[39m
                          [33mclass[39m=[32m"flex 
items-center gap-1"[39m
                        [36m>[39m
                          [36m<span[39m
                            
[33mclass[39m=[32m"font-medium"[39m
                          [36m>[39m
                            [0mFicha:[0m
                          [36m</span>[39m
                          [36m<span>[39m
                            [0m1[0m
                          [36m</span>[39m
                        [36m</span>[39m
                        [36m<span[39m
                          [33mclass[39m=[32m"hidden 
sm:inline"[39m
                        [36m>[39m
                          [0mÔÇó[0m
                        [36m</span>[39m
                        [36m<span[39m
                          [33mclass[39m=[32m"flex 
items-center gap-1"[39m
                        [36m>[39m
                          [36m<span[39m
                            
[33mclass[39m=[32m"font-medium"[39m
                          [36m>[39m
                            [0mLote:[0m
                          [36m</span>[39m
                          [36m<span>[39m
                            [0mTrigo Baguette 10[0m
                          [36m</span>[39m
                        [36m</span>[39m
                      [36m</div>[39m
                    [36m</div>[39m
                    [36m<div[39m
                      [33mclass[39m=[32m"flex gap-2"[39m
                    [36m>[39m
                      [36m<a[39m
                        
[33mhref[39m=[32m"/listado/analisis/pureza/1/editar"[39m
                      [36m>[39m
                        [36m<button[39m
                          [33mclass[39m=[32m"inline-flex 
items-center justify-center whitespace-nowrap text-sm 
font-medium transition-all disabled:pointer-events-none 
disabled:opacity-50 [&_svg]:pointer-events-none 
[&_svg:not([class*='size-'])]:size-4 shrink-0 
[&_svg]:shrink-0 outline-none focus-visible:border-ring 
focus-visible:ring-ring/50 focus-visible:ring-[3px] 
aria-invalid:ring-destructive/20 
dark:aria-invalid:ring-destructive/40 
aria-invalid:border-destructive bg-primary 
text-primary-foreground shadow-xs hover:bg-primary/90 
rounded-md px-3 has-[>svg]:px-2.5 gap-1.5 h-9"[39m
                          
[33mdata-slot[39m=[32m"button"[39m
                        [36m>[39m
                          [36m<svg[39m
                            [33mclass[39m=[32m"lucide 
lucide-square-pen h-3.5 w-3.5"[39m
                            [33mfill[39m=[32m"none"[39m
                            [33mheight[39m=[32m"24"[39m
                            
[33mstroke[39m=[32m"currentColor"[39m
                            
[33mstroke-linecap[39m=[32m"round"[39m
                            
[33mstroke-linejoin[39m=[32m"round"[39m
      ...

    [0m [90m 364 |[39m       [36mawait[39m waitFor(() 
[33m=>[39m {
     [90m 365 |[39m         [36mconst[39m datosInase 
[33m=[39m screen[33m.[39mgetByText([32m'Datos 
INASE'[39m)[33m.[39mclosest([32m'div'[39m)
    [31m[1m>[22m[39m[90m 366 |[39m         expect(dato
sInase[33m?[39m[33m.[39mtextContent)[33m.[39mtoContain
([32m'0.00%'[39m)
     [90m     |[39m                                       
  [31m[1m^[22m[39m
     [90m 367 |[39m       })
     [90m 368 |[39m     })
     [90m 369 |[39m[0m

      at toContain (__tests__/app/listado/analisis/pureza/[i
d]/page.test.tsx:366:41)
      at runWithExpensiveErrorDiagnosticsDisabled (node_modu
les/@testing-library/react/node_modules/@testing-library/dom
/dist/config.js:47:12)
      at checkCallback (node_modules/@testing-library/react/
node_modules/@testing-library/dom/dist/wait-for.js:124:77)
      at checkRealTimersCallback (node_modules/@testing-libr
ary/react/node_modules/@testing-library/dom/dist/wait-for.js
:118:16)
      at Timeout.task [as _onTimeout] 
(node_modules/jsdom/lib/jsdom/browser/Window.js:520:19)

  ÔùÅ PurezaDetailPage Tests ÔÇ║ Test: Datos INASE ÔÇ║ debe 
mostrar "tr" para valores INASE muy peque├▒os

    expect(received).toContain(expected) // indexOf

    Expected substring: "tr"
    Received string:    "Datos INASE"

    Ignored nodes: comments, script, style
    [36m<html>[39m
      [36m<head />[39m
      [36m<body>[39m
        [36m<div>[39m
          [36m<div[39m
            [33mclass[39m=[32m"min-h-screen 
bg-muted/30"[39m
          [36m>[39m
            [36m<div[39m
              [33mclass[39m=[32m"bg-background border-b 
sticky top-0 z-40"[39m
            [36m>[39m
              [36m<div[39m
                [33mclass[39m=[32m"container max-w-7xl 
mx-auto px-3 sm:px-4 lg:px-6 py-3 sm:py-4"[39m
              [36m>[39m
                [36m<div[39m
                  [33mclass[39m=[32m"flex flex-col 
gap-3"[39m
                [36m>[39m
                  [36m<a[39m
                    
[33mhref[39m=[32m"/listado/analisis/pureza"[39m
                  [36m>[39m
                    [36m<button[39m
                      [33mclass[39m=[32m"inline-flex 
items-center justify-center whitespace-nowrap text-sm 
font-medium transition-all disabled:pointer-events-none 
disabled:opacity-50 [&_svg]:pointer-events-none 
[&_svg:not([class*='size-'])]:size-4 shrink-0 
[&_svg]:shrink-0 outline-none focus-visible:border-ring 
focus-visible:ring-ring/50 focus-visible:ring-[3px] 
aria-invalid:ring-destructive/20 
dark:aria-invalid:ring-destructive/40 
aria-invalid:border-destructive hover:bg-accent 
hover:text-accent-foreground dark:hover:bg-accent/50 
rounded-md px-3 has-[>svg]:px-2.5 gap-1 -ml-2 h-8"[39m
                      [33mdata-slot[39m=[32m"button"[39m
                    [36m>[39m
                      [36m<svg[39m
                        [33mclass[39m=[32m"lucide 
lucide-arrow-left h-3 w-3"[39m
                        [33mfill[39m=[32m"none"[39m
                        [33mheight[39m=[32m"24"[39m
                        
[33mstroke[39m=[32m"currentColor"[39m
                        
[33mstroke-linecap[39m=[32m"round"[39m
                        
[33mstroke-linejoin[39m=[32m"round"[39m
                        [33mstroke-width[39m=[32m"2"[39m
                        [33mviewBox[39m=[32m"0 0 24 
24"[39m
                        [33mwidth[39m=[32m"24"[39m
                        
[33mxmlns[39m=[32m"http://www.w3.org/2000/svg"[39m
                      [36m>[39m
                        [36m<path[39m
                          [33md[39m=[32m"m12 19-7-7 
7-7"[39m
                        [36m/>[39m
                        [36m<path[39m
                          [33md[39m=[32m"M19 12H5"[39m
                        [36m/>[39m
                      [36m</svg>[39m
                      [36m<span[39m
                        [33mclass[39m=[32m"text-xs 
sm:text-sm"[39m
                      [36m>[39m
                        [0mVolver[0m
                      [36m</span>[39m
                    [36m</button>[39m
                  [36m</a>[39m
                  [36m<div[39m
                    [33mclass[39m=[32m"flex flex-col 
lg:flex-row lg:items-start lg:justify-between gap-4"[39m
                  [36m>[39m
                    [36m<div[39m
                      [33mclass[39m=[32m"space-y-1"[39m
                    [36m>[39m
                      [36m<div[39m
                        [33mclass[39m=[32m"flex 
items-center gap-2 flex-wrap"[39m
                      [36m>[39m
                        [36m<h1[39m
                          [33mclass[39m=[32m"text-2xl 
sm:text-3xl font-bold text-balance"[39m
                        [36m>[39m
                          [0mAn├ílisis de Pureza #[0m
                          [0m1[0m
                        [36m</h1>[39m
                        [36m<span[39m
                          [33mclass[39m=[32m"inline-flex 
items-center justify-center rounded-md border font-medium 
w-fit whitespace-nowrap shrink-0 [&>svg]:size-3 gap-1 
[&>svg]:pointer-events-none focus-visible:border-ring 
focus-visible:ring-ring/50 focus-visible:ring-[3px] 
aria-invalid:ring-destructive/20 
dark:aria-invalid:ring-destructive/40 
aria-invalid:border-destructive 
transition-[color,box-shadow] overflow-hidden 
text-foreground [a&]:hover:bg-accent 
[a&]:hover:text-accent-foreground text-xs px-2 py-0.5"[39m
                          
[33mdata-slot[39m=[32m"badge"[39m
                        [36m>[39m
                          [0mAprobado[0m
                        [36m</span>[39m
                      [36m</div>[39m
                      [36m<div[39m
                        [33mclass[39m=[32m"flex 
flex-wrap items-center gap-x-3 gap-y-1 text-sm 
text-muted-foreground"[39m
                      [36m>[39m
                        [36m<span[39m
                          [33mclass[39m=[32m"flex 
items-center gap-1"[39m
                        [36m>[39m
                          [36m<span[39m
                            
[33mclass[39m=[32m"font-medium"[39m
                          [36m>[39m
                            [0mFicha:[0m
                          [36m</span>[39m
                          [36m<span>[39m
                            [0m1[0m
                          [36m</span>[39m
                        [36m</span>[39m
                        [36m<span[39m
                          [33mclass[39m=[32m"hidden 
sm:inline"[39m
                        [36m>[39m
                          [0mÔÇó[0m
                        [36m</span>[39m
                        [36m<span[39m
                          [33mclass[39m=[32m"flex 
items-center gap-1"[39m
                        [36m>[39m
                          [36m<span[39m
                            
[33mclass[39m=[32m"font-medium"[39m
                          [36m>[39m
                            [0mLote:[0m
                          [36m</span>[39m
                          [36m<span>[39m
                            [0mTrigo Baguette 10[0m
                          [36m</span>[39m
                        [36m</span>[39m
                      [36m</div>[39m
                    [36m</div>[39m
                    [36m<div[39m
                      [33mclass[39m=[32m"flex gap-2"[39m
                    [36m>[39m
                      [36m<a[39m
                        
[33mhref[39m=[32m"/listado/analisis/pureza/1/editar"[39m
                      [36m>[39m
                        [36m<button[39m
                          [33mclass[39m=[32m"inline-flex 
items-center justify-center whitespace-nowrap text-sm 
font-medium transition-all disabled:pointer-events-none 
disabled:opacity-50 [&_svg]:pointer-events-none 
[&_svg:not([class*='size-'])]:size-4 shrink-0 
[&_svg]:shrink-0 outline-none focus-visible:border-ring 
focus-visible:ring-ring/50 focus-visible:ring-[3px] 
aria-invalid:ring-destructive/20 
dark:aria-invalid:ring-destructive/40 
aria-invalid:border-destructive bg-primary 
text-primary-foreground shadow-xs hover:bg-primary/90 
rounded-md px-3 has-[>svg]:px-2.5 gap-1.5 h-9"[39m
                          
[33mdata-slot[39m=[32m"button"[39m
                        [36m>[39m
                          [36m<svg[39m
                            [33mclass[39m=[32m"lucide 
lucide-square-pen h-3.5 w-3.5"[39m
                            [33mfill[39m=[32m"none"[39m
                            [33mheight[39m=[32m"24"[39m
                            
[33mstroke[39m=[32m"currentColor"[39m
                            
[33mstroke-linecap[39m=[32m"round"[39m
                            
[33mstroke-linejoin[39m=[32m"round"[39m
      ...

    [0m [90m 380 |[39m       [36mawait[39m waitFor(() 
[33m=>[39m {
     [90m 381 |[39m         [36mconst[39m datosInase 
[33m=[39m screen[33m.[39mgetByText([32m'Datos 
INASE'[39m)[33m.[39mclosest([32m'div'[39m)
    [31m[1m>[22m[39m[90m 382 |[39m         expect(dato
sInase[33m?[39m[33m.[39mtextContent)[33m.[39mtoContain
([32m'tr'[39m)
     [90m     |[39m                                       
  [31m[1m^[22m[39m
     [90m 383 |[39m       })
     [90m 384 |[39m     })
     [90m 385 |[39m   })[0m

      at toContain (__tests__/app/listado/analisis/pureza/[i
d]/page.test.tsx:382:41)
      at runWithExpensiveErrorDiagnosticsDisabled (node_modu
les/@testing-library/react/node_modules/@testing-library/dom
/dist/config.js:47:12)
      at checkCallback (node_modules/@testing-library/react/
node_modules/@testing-library/dom/dist/wait-for.js:124:77)
      at checkRealTimersCallback (node_modules/@testing-libr
ary/react/node_modules/@testing-library/dom/dist/wait-for.js
:118:16)
      at Timeout.task [as _onTimeout] 
(node_modules/jsdom/lib/jsdom/browser/Window.js:520:19)

  ÔùÅ PurezaDetailPage Tests ÔÇ║ Test: Otras Semillas 
(Listados) ÔÇ║ debe mostrar el contador de otras semillas

    Found multiple elements with the text: 2

    Here are the matching elements:

    Ignored nodes: comments, script, style
    [36m<span[39m
      [33mclass[39m=[32m"inline-flex items-center 
justify-center rounded-md border px-2 py-0.5 text-xs 
font-medium w-fit whitespace-nowrap shrink-0 [&>svg]:size-3 
gap-1 [&>svg]:pointer-events-none focus-visible:border-ring 
focus-visible:ring-ring/50 focus-visible:ring-[3px] 
aria-invalid:ring-destructive/20 
dark:aria-invalid:ring-destructive/40 
aria-invalid:border-destructive 
transition-[color,box-shadow] overflow-hidden 
border-transparent bg-secondary text-secondary-foreground 
[a&]:hover:bg-secondary/90 ml-auto"[39m
      [33mdata-slot[39m=[32m"badge"[39m
    [36m>[39m
      [0m2[0m
    [36m</span>[39m

    Ignored nodes: comments, script, style
    [36m<p[39m
      [33mclass[39m=[32m"text-base font-semibold"[39m
    [36m>[39m
      [0m2[0m
    [36m</p>[39m

    (If this is intentional, then use the `*AllBy*` variant 
of the query (like `queryAllByText`, `getAllByText`, or 
`findAllByText`)).

    Ignored nodes: comments, script, style
    [36m<body>[39m
      [36m<div>[39m
        [36m<div[39m
          [33mclass[39m=[32m"min-h-screen 
bg-muted/30"[39m
        [36m>[39m
          [36m<div[39m
            [33mclass[39m=[32m"bg-background border-b 
sticky top-0 z-40"[39m
          [36m>[39m
            [36m<div[39m
              [33mclass[39m=[32m"container max-w-7xl 
mx-auto px-3 sm:px-4 lg:px-6 py-3 sm:py-4"[39m
            [36m>[39m
              [36m<div[39m
                [33mclass[39m=[32m"flex flex-col 
gap-3"[39m
              [36m>[39m
                [36m<a[39m
                  
[33mhref[39m=[32m"/listado/analisis/pureza"[39m
                [36m>[39m
                  [36m<button[39m
                    [33mclass[39m=[32m"inline-flex 
items-center justify-center whitespace-nowrap text-sm 
font-medium transition-all disabled:pointer-events-none 
disabled:opacity-50 [&_svg]:pointer-events-none 
[&_svg:not([class*='size-'])]:size-4 shrink-0 
[&_svg]:shrink-0 outline-none focus-visible:border-ring 
focus-visible:ring-ring/50 focus-visible:ring-[3px] 
aria-invalid:ring-destructive/20 
dark:aria-invalid:ring-destructive/40 
aria-invalid:border-destructive hover:bg-accent 
hover:text-accent-foreground dark:hover:bg-accent/50 
rounded-md px-3 has-[>svg]:px-2.5 gap-1 -ml-2 h-8"[39m
                    [33mdata-slot[39m=[32m"button"[39m
                  [36m>[39m
                    [36m<svg[39m
                      [33mclass[39m=[32m"lucide 
lucide-arrow-left h-3 w-3"[39m
                      [33mfill[39m=[32m"none"[39m
                      [33mheight[39m=[32m"24"[39m
                      
[33mstroke[39m=[32m"currentColor"[39m
                      
[33mstroke-linecap[39m=[32m"round"[39m
                      
[33mstroke-linejoin[39m=[32m"round"[39m
                      [33mstroke-width[39m=[32m"2"[39m
                      [33mviewBox[39m=[32m"0 0 24 
24"[39m
                      [33mwidth[39m=[32m"24"[39m
                      
[33mxmlns[39m=[32m"http://www.w3.org/2000/svg"[39m
                    [36m>[39m
                      [36m<path[39m
                        [33md[39m=[32m"m12 19-7-7 
7-7"[39m
                      [36m/>[39m
                      [36m<path[39m
                        [33md[39m=[32m"M19 12H5"[39m
                      [36m/>[39m
                    [36m</svg>[39m
                    [36m<span[39m
                      [33mclass[39m=[32m"text-xs 
sm:text-sm"[39m
                    [36m>[39m
                      [0mVolver[0m
                    [36m</span>[39m
                  [36m</button>[39m
                [36m</a>[39m
                [36m<div[39m
                  [33mclass[39m=[32m"flex flex-col 
lg:flex-row lg:items-start lg:justify-between gap-4"[39m
                [36m>[39m
                  [36m<div[39m
                    [33mclass[39m=[32m"space-y-1"[39m
                  [36m>[39m
                    [36m<div[39m
                      [33mclass[39m=[32m"flex 
items-center gap-2 flex-wrap"[39m
                    [36m>[39m
                      [36m<h1[39m
                        [33mclass[39m=[32m"text-2xl 
sm:text-3xl font-bold text-balance"[39m
                      [36m>[39m
                        [0mAn├ílisis de Pureza #[0m
                        [0m1[0m
                      [36m</h1>[39m
                      [36m<span[39m
                        [33mclass[39m=[32m"inline-flex 
items-center justify-center rounded-md border font-medium 
w-fit whitespace-nowrap shrink-0 [&>svg]:size-3 gap-1 
[&>svg]:pointer-events-none focus-visible:border-ring 
focus-visible:ring-ring/50 focus-visible:ring-[3px] 
aria-invalid:ring-destructive/20 
dark:aria-invalid:ring-destructive/40 
aria-invalid:border-destructive 
transition-[color,box-shadow] overflow-hidden 
text-foreground [a&]:hover:bg-accent 
[a&]:hover:text-accent-foreground text-xs px-2 py-0.5"[39m
                        
[33mdata-slot[39m=[32m"badge"[39m
                      [36m>[39m
                        [0mAprobado[0m
                      [36m</span>[39m
                    [36m</div>[39m
                    [36m<div[39m
                      [33mclass[39m=[32m"flex flex-wrap 
items-center gap-x-3 gap-y-1 text-sm 
text-muted-foreground"[39m
                    [36m>[39m
                      [36m<span[39m
                        [33mclass[39m=[32m"flex 
items-center gap-1"[39m
                      [36m>[39m
                        [36m<span[39m
                          
[33mclass[39m=[32m"font-medium"[39m
                        [36m>[39m
                          [0mFicha:[0m
                        [36m</span>[39m
                        [36m<span>[39m
                          [0m1[0m
                        [36m</span>[39m
                      [36m</span>[39m
                      [36m<span[39m
                        [33mclass[39m=[32m"hidden 
sm:inline"[39m
                      [36m>[39m
                        [0mÔÇó[0m
                      [36m</span>[39m
                      [36m<span[39m
                        [33mclass[39m=[32m"flex 
items-center gap-1"[39m
                      [36m>[39m
                        [36m<span[39m
                          
[33mclass[39m=[32m"font-medium"[39m
                        [36m>[39m
                          [0mLote:[0m
                        [36m</span>[39m
                        [36m<span>[39m
                          [0mTrigo Baguette 10[0m
                        [36m</span>[39m
                      [36m</span>[39m
                    [36m</div>[39m
                  [36m</div>[39m
                  [36m<div[39m
                    [33mclass[39m=[32m"flex gap-2"[39m
                  [36m>[39m
                    [36m<a[39m
                      
[33mhref[39m=[32m"/listado/analisis/pureza/1/editar"[39m
                    [36m>[39m
                      [36m<button[39m
                        [33mclass[39m=[32m"inline-flex 
items-center justify-center whitespace-nowrap text-sm 
font-medium transition-all disabled:pointer-events-none 
disabled:opacity-50 [&_svg]:pointer-events-none 
[&_svg:not([class*='size-'])]:size-4 shrink-0 
[&_svg]:shrink-0 outline-none focus-visible:border-ring 
focus-visible:ring-ring/50 focus-visible:ring-[3px] 
aria-invalid:ring-destructive/20 
dark:aria-invalid:ring-destructive/40 
aria-invalid:border-destructive bg-primary 
text-primary-foreground shadow-xs hover:bg-primary/90 
rounded-md px-3 has-[>svg]:px-2.5 gap-1.5 h-9"[39m
                        
[33mdata-slot[39m=[32m"button"[39m
                      [36m>[39m
                        [36m<svg[39m
                          [33mclass[39m=[32m"lucide 
lucide-square-pen h-3.5 w-3.5"[39m
                          [33mfill[39m=[32m"none"[39m
                          [33mheight[39m=[32m"24"[39m
                          
[33mstroke[39m=[32m"currentColor"[39m
                          
[33mstroke-linecap[39m=[32m"round"[39m
                          
[33mstroke-linejoin[39m=[32m"round"[39m
                          
[33mstroke-width[39m=[32m"2"[39m
                          [33mviewBox[39m=[32m"0 0 24 
24"[39m
                          [33mwidth[39m=[32m"24"[39m
                          
[33mxmlns[39m=[32m"http://www.w3.org/2000/svg"[39m
                        [36m>[3...

    [0m [90m 397 |[39m       
render([33m<[39m[33mPurezaDetailPage[39m 
[33m/[39m[33m>[39m)
     [90m 398 |[39m
    [31m[1m>[22m[39m[90m 399 |[39m       
[36mawait[39m waitFor(() [33m=>[39m {
     [90m     |[39m                    
[31m[1m^[22m[39m
     [90m 400 |[39m         [36mconst[39m badge 
[33m=[39m screen[33m.[39mgetByText([32m'2'[39m)
     [90m 401 |[39m         
expect(badge)[33m.[39mtoBeInTheDocument()
     [90m 402 |[39m       })[0m

      at waitForWrapper (node_modules/@testing-library/react
/node_modules/@testing-library/dom/dist/wait-for.js:163:27)
      at Object.<anonymous> (__tests__/app/listado/analisis/
pureza/[id]/page.test.tsx:399:20)

  ÔùÅ PurezaDetailPage Tests ÔÇ║ Test: Otras Semillas 
(Listados) ÔÇ║ debe mostrar informaci├│n de otros cultivos

    Found multiple elements with the text: Otros Cultivos

    Here are the matching elements:

    Ignored nodes: comments, script, style
    [36m<label[39m
      [33mclass[39m=[32m"text-xs font-medium 
text-muted-foreground uppercase"[39m
    [36m>[39m
      [0mOtros Cultivos[0m
    [36m</label>[39m

    Ignored nodes: comments, script, style
    [36m<label[39m
      [33mclass[39m=[32m"text-xs font-medium 
text-muted-foreground uppercase"[39m
    [36m>[39m
      [0mOtros Cultivos[0m
    [36m</label>[39m

    Ignored nodes: comments, script, style
    [36m<label[39m
      [33mclass[39m=[32m"text-xs font-medium 
text-muted-foreground uppercase"[39m
    [36m>[39m
      [0mOtros Cultivos[0m
    [36m</label>[39m

    Ignored nodes: comments, script, style
    [36m<span[39m
      [33mclass[39m=[32m"inline-flex items-center 
justify-center rounded-md border px-2 py-0.5 text-xs w-fit 
shrink-0 [&>svg]:size-3 gap-1 [&>svg]:pointer-events-none 
focus-visible:border-ring focus-visible:ring-ring/50 
focus-visible:ring-[3px] aria-invalid:ring-destructive/20 
dark:aria-invalid:ring-destructive/40 
aria-invalid:border-destructive 
transition-[color,box-shadow] overflow-hidden 
[a&]:hover:bg-accent [a&]:hover:text-accent-foreground 
font-medium whitespace-normal break-words bg-green-100 
text-green-700 border-green-200"[39m
      [33mdata-slot[39m=[32m"badge"[39m
    [36m>[39m
      [0mOtros Cultivos[0m
    [36m</span>[39m

    (If this is intentional, then use the `*AllBy*` variant 
of the query (like `queryAllByText`, `getAllByText`, or 
`findAllByText`)).

    Ignored nodes: comments, script, style
    [36m<body>[39m
      [36m<div>[39m
        [36m<div[39m
          [33mclass[39m=[32m"min-h-screen 
bg-muted/30"[39m
        [36m>[39m
          [36m<div[39m
            [33mclass[39m=[32m"bg-background border-b 
sticky top-0 z-40"[39m
          [36m>[39m
            [36m<div[39m
              [33mclass[39m=[32m"container max-w-7xl 
mx-auto px-3 sm:px-4 lg:px-6 py-3 sm:py-4"[39m
            [36m>[39m
              [36m<div[39m
                [33mclass[39m=[32m"flex flex-col 
gap-3"[39m
              [36m>[39m
                [36m<a[39m
                  
[33mhref[39m=[32m"/listado/analisis/pureza"[39m
                [36m>[39m
                  [36m<button[39m
                    [33mclass[39m=[32m"inline-flex 
items-center justify-center whitespace-nowrap text-sm 
font-medium transition-all disabled:pointer-events-none 
disabled:opacity-50 [&_svg]:pointer-events-none 
[&_svg:not([class*='size-'])]:size-4 shrink-0 
[&_svg]:shrink-0 outline-none focus-visible:border-ring 
focus-visible:ring-ring/50 focus-visible:ring-[3px] 
aria-invalid:ring-destructive/20 
dark:aria-invalid:ring-destructive/40 
aria-invalid:border-destructive hover:bg-accent 
hover:text-accent-foreground dark:hover:bg-accent/50 
rounded-md px-3 has-[>svg]:px-2.5 gap-1 -ml-2 h-8"[39m
                    [33mdata-slot[39m=[32m"button"[39m
                  [36m>[39m
                    [36m<svg[39m
                      [33mclass[39m=[32m"lucide 
lucide-arrow-left h-3 w-3"[39m
                      [33mfill[39m=[32m"none"[39m
                      [33mheight[39m=[32m"24"[39m
                      
[33mstroke[39m=[32m"currentColor"[39m
                      
[33mstroke-linecap[39m=[32m"round"[39m
                      
[33mstroke-linejoin[39m=[32m"round"[39m
                      [33mstroke-width[39m=[32m"2"[39m
                      [33mviewBox[39m=[32m"0 0 24 
24"[39m
                      [33mwidth[39m=[32m"24"[39m
                      
[33mxmlns[39m=[32m"http://www.w3.org/2000/svg"[39m
                    [36m>[39m
                      [36m<path[39m
                        [33md[39m=[32m"m12 19-7-7 
7-7"[39m
                      [36m/>[39m
                      [36m<path[39m
                        [33md[39m=[32m"M19 12H5"[39m
                      [36m/>[39m
                    [36m</svg>[39m
                    [36m<span[39m
                      [33mclass[39m=[32m"text-xs 
sm:text-sm"[39m
                    [36m>[39m
                      [0mVolver[0m
                    [36m</span>[39m
                  [36m</button>[39m
                [36m</a>[39m
                [36m<div[39m
                  [33mclass[39m=[32m"flex flex-col 
lg:flex-row lg:items-start lg:justify-between gap-4"[39m
                [36m>[39m
                  [36m<div[39m
                    [33mclass[39m=[32m"space-y-1"[39m
                  [36m>[39m
                    [36m<div[39m
                      [33mclass[39m=[32m"flex 
items-center gap-2 flex-wrap"[39m
                    [36m>[39m
                      [36m<h1[39m
                        [33mclass[39m=[32m"text-2xl 
sm:text-3xl font-bold text-balance"[39m
                      [36m>[39m
                        [0mAn├ílisis de Pureza #[0m
                        [0m1[0m
                      [36m</h1>[39m
                      [36m<span[39m
                        [33mclass[39m=[32m"inline-flex 
items-center justify-center rounded-md border font-medium 
w-fit whitespace-nowrap shrink-0 [&>svg]:size-3 gap-1 
[&>svg]:pointer-events-none focus-visible:border-ring 
focus-visible:ring-ring/50 focus-visible:ring-[3px] 
aria-invalid:ring-destructive/20 
dark:aria-invalid:ring-destructive/40 
aria-invalid:border-destructive 
transition-[color,box-shadow] overflow-hidden 
text-foreground [a&]:hover:bg-accent 
[a&]:hover:text-accent-foreground text-xs px-2 py-0.5"[39m
                        
[33mdata-slot[39m=[32m"badge"[39m
                      [36m>[39m
                        [0mAprobado[0m
                      [36m</span>[39m
                    [36m</div>[39m
                    [36m<div[39m
                      [33mclass[39m=[32m"flex flex-wrap 
items-center gap-x-3 gap-y-1 text-sm 
text-muted-foreground"[39m
                    [36m>[39m
                      [36m<span[39m
                        [33mclass[39m=[32m"flex 
items-center gap-1"[39m
                      [36m>[39m
                        [36m<span[39m
                          
[33mclass[39m=[32m"font-medium"[39m
                        [36m>[39m
                          [0mFicha:[0m
                        [36m</span>[39m
                        [36m<span>[39m
                          [0m1[0m
                        [36m</span>[39m
                      [36m</span>[39m
                      [36m<span[39m
                        [33mclass[39m=[32m"hidden 
sm:inline"[39m
                      [36m>[39m
                        [0mÔÇó[0m
                      [36m</span>[39m
                      [36m<span[39m
                        [33mclass[39m=[32m"flex 
items-center gap-1"[39m
                      [36m>[39m
                        [36m<span[39m
                          
[33mclass[39m=[32m"font-medium"[39m
                        [36m>[39m
                          [0mLote:[0m
                        [36m</span>[39m
                        [36m<span>[39m
                          [0mTrigo Baguette 10[0m
                        [36m</span>[39m
                      [36m</span>[39m
                    [36m</div>[39m
                  [36m</div>[39m
                  [36m<div[39m
                    [33mclass[39m=[32m"flex gap-2"[39m
                  [36m>[39m
                    [36m<a[39m
                      
[33mhref[39m=[32m"/listado/analisis/pureza/1/editar"[39m
                    [36m>[39m
                      [36m<button[39m
                        [33mclass[39m=[32m"inline-flex 
items-center justify-center whitespace-nowrap text-sm 
font-medium transition-all disabled:pointer-events-none 
disabled:opacity-50 [&_svg]:pointer-events-none 
[&_svg:not([class*='size-'])]:size-4 shrink-0 
[&_svg]:shrink-0 outline-none focus-visible:border-ring 
focus-visible:ring-ring/50 focus-visible:ring-[3px] 
aria-invalid:ring-destructive/20 
dark:aria-invalid:ring-destructive/40 
aria-invalid:border-destructive bg-primary 
text-primary-foreground shadow-xs hover:bg-primary/90 
rounded-md px-3 has-[>svg]:px-2.5 gap-1.5 h-9"[39m
                        
[33mdata-slot[39m=[32m"button"[39m
                      [36m>[39m
                        [36m<svg[39m
                          [33mclass[39m=[32m"lucide 
lucide-square-pen h-3.5 w-3.5"[39m
                          [33mfill[39m=[32m"none"[39m
                          [33mheight[39m=[32m"24"[39m
                          
[33mstroke[39m=[32m"currentColor"[39m
                          
[33mstroke-linecap[39m=[32m"round"[39m
                          
[33mstroke-linejoin[39m=[32m"round"[39m
                          
[33mstroke-width[39m=[32m"2"[39m
                          [33mviewBox[39m=[32m"0 0 24 
24"[39m
                          [33mwidth[39m=[32m"24"[39m
                          
[33mxmlns[39m=[32m"http://www.w3.org/2000/svg"[39m
                        [36m>[3...

    [0m [90m 416 |[39m       
render([33m<[39m[33mPurezaDetailPage[39m 
[33m/[39m[33m>[39m)
     [90m 417 |[39m
    [31m[1m>[22m[39m[90m 418 |[39m       
[36mawait[39m waitFor(() [33m=>[39m {
     [90m     |[39m                    
[31m[1m^[22m[39m
     [90m 419 |[39m         expect(screen[33m.[39mgetByT
ext([32m'Avena'[39m))[33m.[39mtoBeInTheDocument()
     [90m 420 |[39m         
expect(screen[33m.[39mgetByText([32m'Avena 
sativa'[39m))[33m.[39mtoBeInTheDocument()
     [90m 421 |[39m         
expect(screen[33m.[39mgetByText([32m'Otros 
Cultivos'[39m))[33m.[39mtoBeInTheDocument()[0m

      at waitForWrapper (node_modules/@testing-library/react
/node_modules/@testing-library/dom/dist/wait-for.js:163:27)
      at Object.<anonymous> (__tests__/app/listado/analisis/
pureza/[id]/page.test.tsx:418:20)

  ÔùÅ PurezaDetailPage Tests ÔÇ║ Test: Otras Semillas 
(Listados) ÔÇ║ debe mostrar el instituto y n├║mero de 
listado

    Found multiple elements with the text: 1

    Here are the matching elements:

    Ignored nodes: comments, script, style
    [36m<span>[39m
      [0m1[0m
    [36m</span>[39m

    Ignored nodes: comments, script, style
    [36m<p[39m
      [33mclass[39m=[32m"text-base font-semibold"[39m
    [36m>[39m
      [0m1[0m
    [36m</p>[39m

    (If this is intentional, then use the `*AllBy*` variant 
of the query (like `queryAllByText`, `getAllByText`, or 
`findAllByText`)).

    Ignored nodes: comments, script, style
    [36m<body>[39m
      [36m<div>[39m
        [36m<div[39m
          [33mclass[39m=[32m"min-h-screen 
bg-muted/30"[39m
        [36m>[39m
          [36m<div[39m
            [33mclass[39m=[32m"bg-background border-b 
sticky top-0 z-40"[39m
          [36m>[39m
            [36m<div[39m
              [33mclass[39m=[32m"container max-w-7xl 
mx-auto px-3 sm:px-4 lg:px-6 py-3 sm:py-4"[39m
            [36m>[39m
              [36m<div[39m
                [33mclass[39m=[32m"flex flex-col 
gap-3"[39m
              [36m>[39m
                [36m<a[39m
                  
[33mhref[39m=[32m"/listado/analisis/pureza"[39m
                [36m>[39m
                  [36m<button[39m
                    [33mclass[39m=[32m"inline-flex 
items-center justify-center whitespace-nowrap text-sm 
font-medium transition-all disabled:pointer-events-none 
disabled:opacity-50 [&_svg]:pointer-events-none 
[&_svg:not([class*='size-'])]:size-4 shrink-0 
[&_svg]:shrink-0 outline-none focus-visible:border-ring 
focus-visible:ring-ring/50 focus-visible:ring-[3px] 
aria-invalid:ring-destructive/20 
dark:aria-invalid:ring-destructive/40 
aria-invalid:border-destructive hover:bg-accent 
hover:text-accent-foreground dark:hover:bg-accent/50 
rounded-md px-3 has-[>svg]:px-2.5 gap-1 -ml-2 h-8"[39m
                    [33mdata-slot[39m=[32m"button"[39m
                  [36m>[39m
                    [36m<svg[39m
                      [33mclass[39m=[32m"lucide 
lucide-arrow-left h-3 w-3"[39m
                      [33mfill[39m=[32m"none"[39m
                      [33mheight[39m=[32m"24"[39m
                      
[33mstroke[39m=[32m"currentColor"[39m
                      
[33mstroke-linecap[39m=[32m"round"[39m
                      
[33mstroke-linejoin[39m=[32m"round"[39m
                      [33mstroke-width[39m=[32m"2"[39m
                      [33mviewBox[39m=[32m"0 0 24 
24"[39m
                      [33mwidth[39m=[32m"24"[39m
                      
[33mxmlns[39m=[32m"http://www.w3.org/2000/svg"[39m
                    [36m>[39m
                      [36m<path[39m
                        [33md[39m=[32m"m12 19-7-7 
7-7"[39m
                      [36m/>[39m
                      [36m<path[39m
                        [33md[39m=[32m"M19 12H5"[39m
                      [36m/>[39m
                    [36m</svg>[39m
                    [36m<span[39m
                      [33mclass[39m=[32m"text-xs 
sm:text-sm"[39m
                    [36m>[39m
                      [0mVolver[0m
                    [36m</span>[39m
                  [36m</button>[39m
                [36m</a>[39m
                [36m<div[39m
                  [33mclass[39m=[32m"flex flex-col 
lg:flex-row lg:items-start lg:justify-between gap-4"[39m
                [36m>[39m
                  [36m<div[39m
                    [33mclass[39m=[32m"space-y-1"[39m
                  [36m>[39m
                    [36m<div[39m
                      [33mclass[39m=[32m"flex 
items-center gap-2 flex-wrap"[39m
                    [36m>[39m
                      [36m<h1[39m
                        [33mclass[39m=[32m"text-2xl 
sm:text-3xl font-bold text-balance"[39m
                      [36m>[39m
                        [0mAn├ílisis de Pureza #[0m
                        [0m1[0m
                      [36m</h1>[39m
                      [36m<span[39m
                        [33mclass[39m=[32m"inline-flex 
items-center justify-center rounded-md border font-medium 
w-fit whitespace-nowrap shrink-0 [&>svg]:size-3 gap-1 
[&>svg]:pointer-events-none focus-visible:border-ring 
focus-visible:ring-ring/50 focus-visible:ring-[3px] 
aria-invalid:ring-destructive/20 
dark:aria-invalid:ring-destructive/40 
aria-invalid:border-destructive 
transition-[color,box-shadow] overflow-hidden 
text-foreground [a&]:hover:bg-accent 
[a&]:hover:text-accent-foreground text-xs px-2 py-0.5"[39m
                        
[33mdata-slot[39m=[32m"badge"[39m
                      [36m>[39m
                        [0mAprobado[0m
                      [36m</span>[39m
                    [36m</div>[39m
                    [36m<div[39m
                      [33mclass[39m=[32m"flex flex-wrap 
items-center gap-x-3 gap-y-1 text-sm 
text-muted-foreground"[39m
                    [36m>[39m
                      [36m<span[39m
                        [33mclass[39m=[32m"flex 
items-center gap-1"[39m
                      [36m>[39m
                        [36m<span[39m
                          
[33mclass[39m=[32m"font-medium"[39m
                        [36m>[39m
                          [0mFicha:[0m
                        [36m</span>[39m
                        [36m<span>[39m
                          [0m1[0m
                        [36m</span>[39m
                      [36m</span>[39m
                      [36m<span[39m
                        [33mclass[39m=[32m"hidden 
sm:inline"[39m
                      [36m>[39m
                        [0mÔÇó[0m
                      [36m</span>[39m
                      [36m<span[39m
                        [33mclass[39m=[32m"flex 
items-center gap-1"[39m
                      [36m>[39m
                        [36m<span[39m
                          
[33mclass[39m=[32m"font-medium"[39m
                        [36m>[39m
                          [0mLote:[0m
                        [36m</span>[39m
                        [36m<span>[39m
                          [0mTrigo Baguette 10[0m
                        [36m</span>[39m
                      [36m</span>[39m
                    [36m</div>[39m
                  [36m</div>[39m
                  [36m<div[39m
                    [33mclass[39m=[32m"flex gap-2"[39m
                  [36m>[39m
                    [36m<a[39m
                      
[33mhref[39m=[32m"/listado/analisis/pureza/1/editar"[39m
                    [36m>[39m
                      [36m<button[39m
                        [33mclass[39m=[32m"inline-flex 
items-center justify-center whitespace-nowrap text-sm 
font-medium transition-all disabled:pointer-events-none 
disabled:opacity-50 [&_svg]:pointer-events-none 
[&_svg:not([class*='size-'])]:size-4 shrink-0 
[&_svg]:shrink-0 outline-none focus-visible:border-ring 
focus-visible:ring-ring/50 focus-visible:ring-[3px] 
aria-invalid:ring-destructive/20 
dark:aria-invalid:ring-destructive/40 
aria-invalid:border-destructive bg-primary 
text-primary-foreground shadow-xs hover:bg-primary/90 
rounded-md px-3 has-[>svg]:px-2.5 gap-1.5 h-9"[39m
                        
[33mdata-slot[39m=[32m"button"[39m
                      [36m>[39m
                        [36m<svg[39m
                          [33mclass[39m=[32m"lucide 
lucide-square-pen h-3.5 w-3.5"[39m
                          [33mfill[39m=[32m"none"[39m
                          [33mheight[39m=[32m"24"[39m
                          
[33mstroke[39m=[32m"currentColor"[39m
                          
[33mstroke-linecap[39m=[32m"round"[39m
                          
[33mstroke-linejoin[39m=[32m"round"[39m
                          
[33mstroke-width[39m=[32m"2"[39m
                          [33mviewBox[39m=[32m"0 0 24 
24"[39m
                          [33mwidth[39m=[32m"24"[39m
                          
[33mxmlns[39m=[32m"http://www.w3.org/2000/svg"[39m
                        [36m>[3...

    [0m [90m 426 |[39m       
render([33m<[39m[33mPurezaDetailPage[39m 
[33m/[39m[33m>[39m)
     [90m 427 |[39m
    [31m[1m>[22m[39m[90m 428 |[39m       
[36mawait[39m waitFor(() [33m=>[39m {
     [90m     |[39m                    
[31m[1m^[22m[39m
     [90m 429 |[39m         [36mconst[39m iniaLabels 
[33m=[39m screen[33m.[39mgetAllByText([32m'INIA'[39m)
     [90m 430 |[39m         expect(iniaLabels[33m.[39mle
ngth)[33m.[39mtoBeGreaterThan([35m0[39m)
     [90m 431 |[39m         [0m

      at waitForWrapper (node_modules/@testing-library/react
/node_modules/@testing-library/dom/dist/wait-for.js:163:27)
      at Object.<anonymous> (__tests__/app/listado/analisis/
pureza/[id]/page.test.tsx:428:20)

  ÔùÅ PurezaDetailPage Tests ÔÇ║ Test: Otras Semillas 
(Listados) ÔÇ║ debe manejar listado NO_CONTIENE 
correctamente

    Found multiple elements with the text: No contiene

    Here are the matching elements:

    Ignored nodes: comments, script, style
    [36m<span[39m
      [33mclass[39m=[32m"inline-flex items-center 
justify-center rounded-md border px-2 py-0.5 text-xs 
font-medium w-fit whitespace-nowrap shrink-0 [&>svg]:size-3 
gap-1 [&>svg]:pointer-events-none focus-visible:border-ring 
focus-visible:ring-ring/50 focus-visible:ring-[3px] 
aria-invalid:ring-destructive/20 
dark:aria-invalid:ring-destructive/40 
aria-invalid:border-destructive 
transition-[color,box-shadow] overflow-hidden 
[a&]:hover:bg-accent [a&]:hover:text-accent-foreground 
bg-gray-100 text-gray-700 border-gray-300"[39m
      [33mdata-slot[39m=[32m"badge"[39m
    [36m>[39m
      [0mNo contiene[0m
    [36m</span>[39m

    Ignored nodes: comments, script, style
    [36m<span[39m
      [33mclass[39m=[32m"inline-flex items-center 
justify-center rounded-md border px-2 py-0.5 text-xs 
font-medium w-fit whitespace-nowrap shrink-0 [&>svg]:size-3 
gap-1 [&>svg]:pointer-events-none focus-visible:border-ring 
focus-visible:ring-ring/50 focus-visible:ring-[3px] 
aria-invalid:ring-destructive/20 
dark:aria-invalid:ring-destructive/40 
aria-invalid:border-destructive 
transition-[color,box-shadow] overflow-hidden 
[a&]:hover:bg-accent [a&]:hover:text-accent-foreground 
bg-gray-100 text-gray-700 border-gray-300"[39m
      [33mdata-slot[39m=[32m"badge"[39m
    [36m>[39m
      [0mNo contiene[0m
    [36m</span>[39m

    (If this is intentional, then use the `*AllBy*` variant 
of the query (like `queryAllByText`, `getAllByText`, or 
`findAllByText`)).

    Ignored nodes: comments, script, style
    [36m<body>[39m
      [36m<div>[39m
        [36m<div[39m
          [33mclass[39m=[32m"min-h-screen 
bg-muted/30"[39m
        [36m>[39m
          [36m<div[39m
            [33mclass[39m=[32m"bg-background border-b 
sticky top-0 z-40"[39m
          [36m>[39m
            [36m<div[39m
              [33mclass[39m=[32m"container max-w-7xl 
mx-auto px-3 sm:px-4 lg:px-6 py-3 sm:py-4"[39m
            [36m>[39m
              [36m<div[39m
                [33mclass[39m=[32m"flex flex-col 
gap-3"[39m
              [36m>[39m
                [36m<a[39m
                  
[33mhref[39m=[32m"/listado/analisis/pureza"[39m
                [36m>[39m
                  [36m<button[39m
                    [33mclass[39m=[32m"inline-flex 
items-center justify-center whitespace-nowrap text-sm 
font-medium transition-all disabled:pointer-events-none 
disabled:opacity-50 [&_svg]:pointer-events-none 
[&_svg:not([class*='size-'])]:size-4 shrink-0 
[&_svg]:shrink-0 outline-none focus-visible:border-ring 
focus-visible:ring-ring/50 focus-visible:ring-[3px] 
aria-invalid:ring-destructive/20 
dark:aria-invalid:ring-destructive/40 
aria-invalid:border-destructive hover:bg-accent 
hover:text-accent-foreground dark:hover:bg-accent/50 
rounded-md px-3 has-[>svg]:px-2.5 gap-1 -ml-2 h-8"[39m
                    [33mdata-slot[39m=[32m"button"[39m
                  [36m>[39m
                    [36m<svg[39m
                      [33mclass[39m=[32m"lucide 
lucide-arrow-left h-3 w-3"[39m
                      [33mfill[39m=[32m"none"[39m
                      [33mheight[39m=[32m"24"[39m
                      
[33mstroke[39m=[32m"currentColor"[39m
                      
[33mstroke-linecap[39m=[32m"round"[39m
                      
[33mstroke-linejoin[39m=[32m"round"[39m
                      [33mstroke-width[39m=[32m"2"[39m
                      [33mviewBox[39m=[32m"0 0 24 
24"[39m
                      [33mwidth[39m=[32m"24"[39m
                      
[33mxmlns[39m=[32m"http://www.w3.org/2000/svg"[39m
                    [36m>[39m
                      [36m<path[39m
                        [33md[39m=[32m"m12 19-7-7 
7-7"[39m
                      [36m/>[39m
                      [36m<path[39m
                        [33md[39m=[32m"M19 12H5"[39m
                      [36m/>[39m
                    [36m</svg>[39m
                    [36m<span[39m
                      [33mclass[39m=[32m"text-xs 
sm:text-sm"[39m
                    [36m>[39m
                      [0mVolver[0m
                    [36m</span>[39m
                  [36m</button>[39m
                [36m</a>[39m
                [36m<div[39m
                  [33mclass[39m=[32m"flex flex-col 
lg:flex-row lg:items-start lg:justify-between gap-4"[39m
                [36m>[39m
                  [36m<div[39m
                    [33mclass[39m=[32m"space-y-1"[39m
                  [36m>[39m
                    [36m<div[39m
                      [33mclass[39m=[32m"flex 
items-center gap-2 flex-wrap"[39m
                    [36m>[39m
                      [36m<h1[39m
                        [33mclass[39m=[32m"text-2xl 
sm:text-3xl font-bold text-balance"[39m
                      [36m>[39m
                        [0mAn├ílisis de Pureza #[0m
                        [0m1[0m
                      [36m</h1>[39m
                      [36m<span[39m
                        [33mclass[39m=[32m"inline-flex 
items-center justify-center rounded-md border font-medium 
w-fit whitespace-nowrap shrink-0 [&>svg]:size-3 gap-1 
[&>svg]:pointer-events-none focus-visible:border-ring 
focus-visible:ring-ring/50 focus-visible:ring-[3px] 
aria-invalid:ring-destructive/20 
dark:aria-invalid:ring-destructive/40 
aria-invalid:border-destructive 
transition-[color,box-shadow] overflow-hidden 
text-foreground [a&]:hover:bg-accent 
[a&]:hover:text-accent-foreground text-xs px-2 py-0.5"[39m
                        
[33mdata-slot[39m=[32m"badge"[39m
                      [36m>[39m
                        [0mAprobado[0m
                      [36m</span>[39m
                    [36m</div>[39m
                    [36m<div[39m
                      [33mclass[39m=[32m"flex flex-wrap 
items-center gap-x-3 gap-y-1 text-sm 
text-muted-foreground"[39m
                    [36m>[39m
                      [36m<span[39m
                        [33mclass[39m=[32m"flex 
items-center gap-1"[39m
                      [36m>[39m
                        [36m<span[39m
                          
[33mclass[39m=[32m"font-medium"[39m
                        [36m>[39m
                          [0mFicha:[0m
                        [36m</span>[39m
                        [36m<span>[39m
                          [0m1[0m
                        [36m</span>[39m
                      [36m</span>[39m
                      [36m<span[39m
                        [33mclass[39m=[32m"hidden 
sm:inline"[39m
                      [36m>[39m
                        [0mÔÇó[0m
                      [36m</span>[39m
                      [36m<span[39m
                        [33mclass[39m=[32m"flex 
items-center gap-1"[39m
                      [36m>[39m
                        [36m<span[39m
                          
[33mclass[39m=[32m"font-medium"[39m
                        [36m>[39m
                          [0mLote:[0m
                        [36m</span>[39m
                        [36m<span>[39m
                          [0mTrigo Baguette 10[0m
                        [36m</span>[39m
                      [36m</span>[39m
                    [36m</div>[39m
                  [36m</div>[39m
                  [36m<div[39m
                    [33mclass[39m=[32m"flex gap-2"[39m
                  [36m>[39m
                    [36m<a[39m
                      
[33mhref[39m=[32m"/listado/analisis/pureza/1/editar"[39m
                    [36m>[39m
                      [36m<button[39m
                        [33mclass[39m=[32m"inline-flex 
items-center justify-center whitespace-nowrap text-sm 
font-medium transition-all disabled:pointer-events-none 
disabled:opacity-50 [&_svg]:pointer-events-none 
[&_svg:not([class*='size-'])]:size-4 shrink-0 
[&_svg]:shrink-0 outline-none focus-visible:border-ring 
focus-visible:ring-ring/50 focus-visible:ring-[3px] 
aria-invalid:ring-destructive/20 
dark:aria-invalid:ring-destructive/40 
aria-invalid:border-destructive bg-primary 
text-primary-foreground shadow-xs hover:bg-primary/90 
rounded-md px-3 has-[>svg]:px-2.5 gap-1.5 h-9"[39m
                        
[33mdata-slot[39m=[32m"button"[39m
                      [36m>[39m
                        [36m<svg[39m
                          [33mclass[39m=[32m"lucide 
lucide-square-pen h-3.5 w-3.5"[39m
                          [33mfill[39m=[32m"none"[39m
                          [33mheight[39m=[32m"24"[39m
                          
[33mstroke[39m=[32m"currentColor"[39m
                          
[33mstroke-linecap[39m=[32m"round"[39m
                          
[33mstroke-linejoin[39m=[32m"round"[39m
                          
[33mstroke-width[39m=[32m"2"[39m
                          [33mviewBox[39m=[32m"0 0 24 
24"[39m
                          [33mwidth[39m=[32m"24"[39m
                          
[33mxmlns[39m=[32m"http://www.w3.org/2000/svg"[39m
                        [36m>[3...

    [0m [90m 464 |[39m       
render([33m<[39m[33mPurezaDetailPage[39m 
[33m/[39m[33m>[39m)
     [90m 465 |[39m
    [31m[1m>[22m[39m[90m 466 |[39m       
[36mawait[39m waitFor(() [33m=>[39m {
     [90m     |[39m                    
[31m[1m^[22m[39m
     [90m 467 |[39m         
expect(screen[33m.[39mgetByText([32m'No 
contiene'[39m))[33m.[39mtoBeInTheDocument()
     [90m 468 |[39m       })
     [90m 469 |[39m     })[0m

      at waitForWrapper (node_modules/@testing-library/react
/node_modules/@testing-library/dom/dist/wait-for.js:163:27)
      at Object.<anonymous> (__tests__/app/listado/analisis/
pureza/[id]/page.test.tsx:466:20)

Test Suites: 4 failed, 4 total
Tests:       29 failed, 133 passed, 162 total
Snapshots:   0 total
Time:        13.832 s
Ran all test suites matching /__tests__\\app\\listado\\anali
sis\\pureza\\|__tests__\\app\\registro\\analisis\\pureza\\/i
.
